Component: ARM Compiler 5.06 update 7 (build 960) Tool: armlink [4d3601]

==============================================================================

Section Cross References

    startup_stm32f427xx.o(RESET) refers to startup_stm32f427xx.o(STACK) for __initial_sp
    startup_stm32f427xx.o(RESET) refers to startup_stm32f427xx.o(.text) for Reset_Handler
    startup_stm32f427xx.o(RESET) refers to stm32f4xx_it.o(i.NMI_Handler) for NMI_Handler
    startup_stm32f427xx.o(RESET) refers to stm32f4xx_it.o(i.HardFault_Handler) for HardFault_Handler
    startup_stm32f427xx.o(RESET) refers to stm32f4xx_it.o(i.MemManage_Handler) for MemManage_Handler
    startup_stm32f427xx.o(RESET) refers to stm32f4xx_it.o(i.BusFault_Handler) for BusFault_Handler
    startup_stm32f427xx.o(RESET) refers to stm32f4xx_it.o(i.UsageFault_Handler) for UsageFault_Handler
    startup_stm32f427xx.o(RESET) refers to port.o(.emb_text) for SVC_Handler
    startup_stm32f427xx.o(RESET) refers to stm32f4xx_it.o(i.DebugMon_Handler) for DebugMon_Handler
    startup_stm32f427xx.o(RESET) refers to port.o(i.SysTick_Handler) for SysTick_Handler
    startup_stm32f427xx.o(RESET) refers to stm32f4xx_it.o(i.DMA1_Stream3_IRQHandler) for DMA1_Stream3_IRQHandler
    startup_stm32f427xx.o(RESET) refers to stm32f4xx_it.o(i.DMA1_Stream5_IRQHandler) for DMA1_Stream5_IRQHandler
    startup_stm32f427xx.o(RESET) refers to stm32f4xx_it.o(i.DMA1_Stream6_IRQHandler) for DMA1_Stream6_IRQHandler
    startup_stm32f427xx.o(RESET) refers to stm32f4xx_it.o(i.CAN1_TX_IRQHandler) for CAN1_TX_IRQHandler
    startup_stm32f427xx.o(RESET) refers to stm32f4xx_it.o(i.CAN1_RX0_IRQHandler) for CAN1_RX0_IRQHandler
    startup_stm32f427xx.o(RESET) refers to stm32f4xx_it.o(i.TIM2_IRQHandler) for TIM2_IRQHandler
    startup_stm32f427xx.o(RESET) refers to stm32f4xx_it.o(i.USART1_IRQHandler) for USART1_IRQHandler
    startup_stm32f427xx.o(RESET) refers to stm32f4xx_it.o(i.USART2_IRQHandler) for USART2_IRQHandler
    startup_stm32f427xx.o(RESET) refers to stm32f4xx_it.o(i.USART3_IRQHandler) for USART3_IRQHandler
    startup_stm32f427xx.o(RESET) refers to stm32f4xx_it.o(i.TIM8_TRG_COM_TIM14_IRQHandler) for TIM8_TRG_COM_TIM14_IRQHandler
    startup_stm32f427xx.o(RESET) refers to stm32f4xx_it.o(i.DMA2_Stream1_IRQHandler) for DMA2_Stream1_IRQHandler
    startup_stm32f427xx.o(RESET) refers to stm32f4xx_it.o(i.DMA2_Stream2_IRQHandler) for DMA2_Stream2_IRQHandler
    startup_stm32f427xx.o(RESET) refers to stm32f4xx_it.o(i.CAN2_TX_IRQHandler) for CAN2_TX_IRQHandler
    startup_stm32f427xx.o(RESET) refers to stm32f4xx_it.o(i.CAN2_RX0_IRQHandler) for CAN2_RX0_IRQHandler
    startup_stm32f427xx.o(RESET) refers to stm32f4xx_it.o(i.USART6_IRQHandler) for USART6_IRQHandler
    startup_stm32f427xx.o(RESET) refers to stm32f4xx_it.o(i.UART7_IRQHandler) for UART7_IRQHandler
    startup_stm32f427xx.o(RESET) refers to stm32f4xx_it.o(i.UART8_IRQHandler) for UART8_IRQHandler
    startup_stm32f427xx.o(.text) refers to system_stm32f4xx.o(i.SystemInit) for SystemInit
    startup_stm32f427xx.o(.text) refers to entry.o(.ARM.Collect$$$$00000000) for __main
    main.o(i.HAL_TIM_PeriodElapsedCallback) refers to stm32f4xx_hal.o(i.HAL_IncTick) for HAL_IncTick
    main.o(i.SystemClock_Config) refers to memseta.o(.text) for __aeabi_memclr4
    main.o(i.SystemClock_Config) refers to stm32f4xx_hal_rcc.o(i.HAL_RCC_OscConfig) for HAL_RCC_OscConfig
    main.o(i.SystemClock_Config) refers to main.o(i.Error_Handler) for Error_Handler
    main.o(i.SystemClock_Config) refers to stm32f4xx_hal_pwr_ex.o(i.HAL_PWREx_EnableOverDrive) for HAL_PWREx_EnableOverDrive
    main.o(i.SystemClock_Config) refers to stm32f4xx_hal_rcc.o(i.HAL_RCC_ClockConfig) for HAL_RCC_ClockConfig
    main.o(i.fputc) refers to stm32f4xx_hal_uart.o(i.HAL_UART_Transmit) for HAL_UART_Transmit
    main.o(i.fputc) refers to usart.o(.bss) for huart6
    main.o(i.main) refers to stm32f4xx_hal.o(i.HAL_Init) for HAL_Init
    main.o(i.main) refers to main.o(i.SystemClock_Config) for SystemClock_Config
    main.o(i.main) refers to gpio.o(i.MX_GPIO_Init) for MX_GPIO_Init
    main.o(i.main) refers to dma.o(i.MX_DMA_Init) for MX_DMA_Init
    main.o(i.main) refers to can.o(i.MX_CAN1_Init) for MX_CAN1_Init
    main.o(i.main) refers to can.o(i.MX_CAN2_Init) for MX_CAN2_Init
    main.o(i.main) refers to spi.o(i.MX_SPI4_Init) for MX_SPI4_Init
    main.o(i.main) refers to usart.o(i.MX_USART1_UART_Init) for MX_USART1_UART_Init
    main.o(i.main) refers to usart.o(i.MX_USART2_UART_Init) for MX_USART2_UART_Init
    main.o(i.main) refers to usart.o(i.MX_USART3_UART_Init) for MX_USART3_UART_Init
    main.o(i.main) refers to usart.o(i.MX_USART6_UART_Init) for MX_USART6_UART_Init
    main.o(i.main) refers to usart.o(i.MX_UART7_Init) for MX_UART7_Init
    main.o(i.main) refers to tim.o(i.MX_TIM2_Init) for MX_TIM2_Init
    main.o(i.main) refers to usart.o(i.MX_UART8_Init) for MX_UART8_Init
[...]
    TIM_Base_SetConfig                       0x08004b61   Thumb Code   170  stm32f4xx_hal_tim.o(i.TIM_Base_SetConfig)
    TIM_ETR_SetConfig                        0x08004c39   Thumb Code    22  stm32f4xx_hal_tim.o(i.TIM_ETR_SetConfig)
    TTL_Hex2Dec                              0x08004cb1   Thumb Code   482  usart.o(i.TTL_Hex2Dec)
    UART7_IRQHandler                         0x08004ea5   Thumb Code    10  stm32f4xx_it.o(i.UART7_IRQHandler)
    UART8_IRQHandler                         0x08004eb5   Thumb Code   200  stm32f4xx_it.o(i.UART8_IRQHandler)
    UART_Start_Receive_DMA                   0x080054b9   Thumb Code   196  stm32f4xx_hal_uart.o(i.UART_Start_Receive_DMA)
    UART_Start_Receive_IT                    0x08005589   Thumb Code    74  stm32f4xx_hal_uart.o(i.UART_Start_Receive_IT)
    USART1_IRQHandler                        0x080056c5   Thumb Code    16  stm32f4xx_it.o(i.USART1_IRQHandler)
    USART2_IRQHandler                        0x080056d9   Thumb Code    10  stm32f4xx_it.o(i.USART2_IRQHandler)
    USART3_IRQHandler                        0x080056e9   Thumb Code    10  stm32f4xx_it.o(i.USART3_IRQHandler)
    USART6_IRQHandler                        0x080056f9   Thumb Code    10  stm32f4xx_it.o(i.USART6_IRQHandler)
    UsageFault_Handler                       0x08005709   Thumb Code     4  stm32f4xx_it.o(i.UsageFault_Handler)
    __0printf                                0x0800570d   Thumb Code    22  printfa.o(i.__0printf)
    __1printf                                0x0800570d   Thumb Code     0  printfa.o(i.__0printf)
    __2printf                                0x0800570d   Thumb Code     0  printfa.o(i.__0printf)
    __c89printf                              0x0800570d   Thumb Code     0  printfa.o(i.__0printf)
    printf                                   0x0800570d   Thumb Code     0  printfa.o(i.__0printf)
    __0snprintf                              0x0800572d   Thumb Code    48  printfa.o(i.__0snprintf)
    __1snprintf                              0x0800572d   Thumb Code     0  printfa.o(i.__0snprintf)
    __2snprintf                              0x0800572d   Thumb Code     0  printfa.o(i.__0snprintf)
    __c89snprintf                            0x0800572d   Thumb Code     0  printfa.o(i.__0snprintf)
    snprintf                                 0x0800572d   Thumb Code     0  printfa.o(i.__0snprintf)
    __0sprintf                               0x08005761   Thumb Code    34  printfa.o(i.__0sprintf)
    __1sprintf                               0x08005761   Thumb Code     0  printfa.o(i.__0sprintf)
    __2sprintf                               0x08005761   Thumb Code     0  printfa.o(i.__0sprintf)
    __c89sprintf                             0x08005761   Thumb Code     0  printfa.o(i.__0sprintf)
    sprintf                                  0x08005761   Thumb Code     0  printfa.o(i.__0sprintf)
    __0vsnprintf                             0x08005789   Thumb Code    46  printfa.o(i.__0vsnprintf)
    __1vsnprintf                             0x08005789   Thumb Code     0  printfa.o(i.__0vsnprintf)
    __2vsnprintf                             0x08005789   Thumb Code     0  printfa.o(i.__0vsnprintf)
    __c89vsnprintf                           0x08005789   Thumb Code     0  printfa.o(i.__0vsnprintf)
    vsnprintf                                0x08005789   Thumb Code     0  printfa.o(i.__0vsnprintf)
    __ARM_fpclassify                         0x080057bd   Thumb Code    48  fpclassify.o(i.__ARM_fpclassify)
    __aeabi_errno_addr                       0x08005825   Thumb Code     4  errno.o(i.__aeabi_errno_addr)
    __rt_errno_addr                          0x08005825   Thumb Code     0  errno.o(i.__aeabi_errno_addr)
    __hardfp_atof                            0x08005831   Thumb Code    44  atof.o(i.__hardfp_atof)
    __hardfp_cos                             0x08005869   Thumb Code   180  cos.o(i.__hardfp_cos)
    __hardfp_pow                             0x08005931   Thumb Code  3072  pow.o(i.__hardfp_pow)
    __hardfp_tan                             0x08006581   Thumb Code   108  tan.o(i.__hardfp_tan)
    __ieee754_rem_pio2                       0x08006601   Thumb Code   938  rred.o(i.__ieee754_rem_pio2)
    __kernel_cos                             0x08006a39   Thumb Code   322  cos_i.o(i.__kernel_cos)
    __kernel_poly                            0x08006ba9   Thumb Code   248  poly.o(i.__kernel_poly)
    __kernel_sin                             0x08006ca1   Thumb Code   280  sin_i.o(i.__kernel_sin)
    __kernel_tan                             0x08006dd1   Thumb Code   764  tan_i.o(i.__kernel_tan)
    __mathlib_dbl_divzero                    0x08007121   Thumb Code    28  dunder.o(i.__mathlib_dbl_divzero)
    __mathlib_dbl_infnan                     0x08007151   Thumb Code    20  dunder.o(i.__mathlib_dbl_infnan)
    __mathlib_dbl_infnan2                    0x08007165   Thumb Code    20  dunder.o(i.__mathlib_dbl_infnan2)
    __mathlib_dbl_invalid                    0x08007179   Thumb Code    24  dunder.o(i.__mathlib_dbl_invalid)
    __mathlib_dbl_overflow                   0x08007199   Thumb Code    24  dunder.o(i.__mathlib_dbl_overflow)
    __mathlib_dbl_underflow                  0x080071b9   Thumb Code    24  dunder.o(i.__mathlib_dbl_underflow)
    __read_errno                             0x080071d9   Thumb Code     6  errno.o(i.__read_errno)
    __scatterload_copy                       0x080071e5   Thumb Code    14  handlers.o(i.__scatterload_copy)
    __scatterload_null                       0x080071f3   Thumb Code     2  handlers.o(i.__scatterload_null)
    __scatterload_zeroinit                   0x080071f5   Thumb Code    14  handlers.o(i.__scatterload_zeroinit)
    __set_errno                              0x08007205   Thumb Code     6  errno.o(i.__set_errno)
    _is_digit                                0x08007395   Thumb Code    14  scanf_fp.o(i._is_digit)
    abs_limit                                0x08007acb   Thumb Code    46  pid.o(i.abs_limit)
    agencylogHexDump                         0x08007af9   Thumb Code    46  log.o(i.agencylogHexDump)
    agencylogSetLevel                        0x08007b27   Thumb Code    42  log.o(i.agencylogSetLevel)
    can_filter_recv_special                  0x08007b51   Thumb Code    78  bsp_can.o(i.can_filter_recv_special)
    chassis_task                             0x08007ba1   Thumb Code   158  chassis_task.o(i.chassis_task)
    dbus_uart_init                           0x08007c55   Thumb Code    56  bsp_sbus.o(i.dbus_uart_init)
    dma_current_data_counter                 0x08007c95   Thumb Code     8  bsp_sbus.o(i.dma_current_data_counter)
    fabs                                     0x08007c9d   Thumb Code    24  fabs.o(i.fabs)
    fputc                                    0x08007cb5   Thumb Code    22  main.o(i.fputc)
    get_motor_measure                        0x08007cd1   Thumb Code   106  bsp_can.o(i.get_motor_measure)
    get_motor_offset                         0x08007d3b   Thumb Code    16  bsp_can.o(i.get_motor_offset)
    go_a_little                              0x08007d4d   Thumb Code   404  chassis_task.o(i.go_a_little)
    grayscale_sensor_judging                 0x08007efd   Thumb Code   244  led_task.o(i.grayscale_sensor_judging)
    judge                                    0x08008005   Thumb Code    58  led_task.o(i.judge)
    led_task                                 0x0800804d   Thumb Code    24  led_task.o(i.led_task)
    ll                                       0x08008069   Thumb Code   468  led_task.o(i.ll)
    logHexDump                               0x08008281   Thumb Code   354  log.o(i.logHexDump)
    logSetLevel                              0x0800842d   Thumb Code    42  log.o(i.logSetLevel)
    logSwitchLevel                           0x080084d9   Thumb Code    52  log.o(i.logSwitchLevel)
    logWrite                                 0x08008521   Thumb Code    48  log.o(i.logWrite)
    main                                     0x080085c1   Thumb Code   156  main.o(i.main)
    malloc                                   0x08008699   Thumb Code    92  malloc.o(i.malloc)
    my_can_filter_init_recv_all              0x08008705   Thumb Code    84  bsp_can.o(i.my_can_filter_init_recv_all)
    osDelay                                  0x08008759   Thumb Code    24  cmsis_os.o(i.osDelay)
    osKernelStart                            0x08008771   Thumb Code    10  cmsis_os.o(i.osKernelStart)
    osMutexCreate                            0x0800877b   Thumb Code    26  cmsis_os.o(i.osMutexCreate)
    osThreadCreate                           0x08008795   Thumb Code    94  cmsis_os.o(i.osThreadCreate)
    pid_calc                                 0x080087f5   Thumb Code   528  pid.o(i.pid_calc)
    pvPortMalloc                             0x08009011   Thumb Code   306  heap_4.o(i.pvPortMalloc)
    pxPortInitialiseStack                    0x0800915d   Thumb Code    38  port.o(i.pxPortInitialiseStack)
    rc_callback_handler                      0x08009189   Thumb Code   452  bsp_sbus.o(i.rc_callback_handler)
    set_motor                                0x0800934d   Thumb Code    60  bsp_can.o(i.set_motor)
    set_motor_A                              0x08009389   Thumb Code    88  bsp_can.o(i.set_motor_A)
    set_motor_B                              0x080093e1   Thumb Code    90  bsp_can.o(i.set_motor_B)
    shellBackspace                           0x0800943b   Thumb Code    14  shell.o(i.shellBackspace)
    shellCheckPermission                     0x0800948d   Thumb Code    58  shell.o(i.shellCheckPermission)
    shellClear                               0x080094c9   Thumb Code    22  shell.o(i.shellClear)
    shellClearCommandLine                    0x080094e5   Thumb Code    40  shell.o(i.shellClearCommandLine)
    shellCmds                                0x0800950d   Thumb Code    18  shell.o(i.shellCmds)
    shellCompanionGet                        0x0800951f   Thumb Code    34  shell_companion.o(i.shellCompanionGet)
    shellDelete                              0x08009541   Thumb Code    16  shell.o(i.shellDelete)
    shellDeleteByte                          0x08009551   Thumb Code   218  shell.o(i.shellDeleteByte)
    shellDeleteCommandLine                   0x0800962d   Thumb Code    28  shell.o(i.shellDeleteCommandLine)
    shellDown                                0x0800964d   Thumb Code    16  shell.o(i.shellDown)
    shellEnter                               0x0800965d   Thumb Code    20  shell.o(i.shellEnter)
    shellExec                                0x08009671   Thumb Code   108  shell.o(i.shellExec)
    shellExtParsePara                        0x08009871   Thumb Code    86  shell_ext.o(i.shellExtParsePara)
    shellExtRun                              0x08009935   Thumb Code   202  shell_ext.o(i.shellExtRun)
    shellGetCurrent                          0x08009ab5   Thumb Code    48  shell.o(i.shellGetCurrent)
    shellGetVarValue                         0x08009ae9   Thumb Code    84  shell.o(i.shellGetVarValue)
    shellHelp                                0x08009b3d   Thumb Code    44  shell.o(i.shellHelp)
    shellKeys                                0x08009ca5   Thumb Code    18  shell.o(i.shellKeys)
    shellLeft                                0x08009cb7   Thumb Code    26  shell.o(i.shellLeft)
    shellListAll                             0x08009cd1   Thumb Code    12  shell.o(i.shellListAll)
    shellListCommand                         0x08009cdd   Thumb Code    70  shell.o(i.shellListCommand)
    shellListItem                            0x08009d29   Thumb Code   238  shell.o(i.shellListItem)
    shellListKey                             0x08009e25   Thumb Code    84  shell.o(i.shellListKey)
    shellListUser                            0x08009e7d   Thumb Code    84  shell.o(i.shellListUser)
    shellListVar                             0x08009ed5   Thumb Code    84  shell.o(i.shellListVar)
    shellRight                               0x0800a023   Thumb Code    30  shell.o(i.shellRight)
    shellRunCommand                          0x0800a041   Thumb Code   174  shell.o(i.shellRunCommand)
    shellSeekCommand                         0x0800a0ef   Thumb Code   122  shell.o(i.shellSeekCommand)
    shellSetUser                             0x0800a169   Thumb Code    86  shell.o(i.shellSetUser)
    shellSetVar                              0x0800a1c5   Thumb Code   106  shell.o(i.shellSetVar)
    shellSetVarValue                         0x0800a235   Thumb Code   140  shell.o(i.shellSetVarValue)
    shellTab                                 0x0800a3c9   Thumb Code   346  shell.o(i.shellTab)
    shellToDec                               0x0800a529   Thumb Code    86  shell.o(i.shellToDec)
    shellToHex                               0x0800a57f   Thumb Code    56  shell.o(i.shellToHex)
    shellUp                                  0x0800a5b7   Thumb Code    14  shell.o(i.shellUp)
    shellUsers                               0x0800a5c5   Thumb Code    18  shell.o(i.shellUsers)
    shellVars                                0x0800a5d7   Thumb Code    18  shell.o(i.shellVars)
    shellWriteString                         0x0800a7b5   Thumb Code    48  shell.o(i.shellWriteString)
    sqrt                                     0x0800a7e5   Thumb Code   110  sqrt.o(i.sqrt)
    straight_line                            0x0800a855   Thumb Code   242  chassis_task.o(i.straight_line)
    sw_judge                                 0x0800a969   Thumb Code   290  bsp_sbus.o(i.sw_judge)
    test_task                                0x0800aa8b   Thumb Code    10  test_task.o(i.test_task)
    timestamp                                0x0800aa95   Thumb Code    30  usart.o(i.timestamp)
    turn                                     0x0800aab5   Thumb Code   224  chassis_task.o(i.turn)
    uart_receive_handler                     0x0800abed   Thumb Code    34  bsp_sbus.o(i.uart_receive_handler)
    uxListRemove                             0x0800ac81   Thumb Code    40  list.o(i.uxListRemove)
    vApplicationGetIdleTaskMemory            0x0800aca9   Thumb Code    14  freertos.o(i.vApplicationGetIdleTaskMemory)
    vListInitialise                          0x0800acc1   Thumb Code    26  list.o(i.vListInitialise)
    vListInitialiseItem                      0x0800acdb   Thumb Code     6  list.o(i.vListInitialiseItem)
    vListInsert                              0x0800ace1   Thumb Code    52  list.o(i.vListInsert)
    vListInsertEnd                           0x0800ad15   Thumb Code    24  list.o(i.vListInsertEnd)
    vPortEnterCritical                       0x0800ad2d   Thumb Code    76  port.o(i.vPortEnterCritical)
    vPortExitCritical                        0x0800ad81   Thumb Code    56  port.o(i.vPortExitCritical)
    vPortFree                                0x0800adbd   Thumb Code   150  heap_4.o(i.vPortFree)
    vPortSetupTimerInterrupt                 0x0800ae61   Thumb Code    36  port.o(i.vPortSetupTimerInterrupt)
    vTaskDelay                               0x0800ae89   Thumb Code    82  tasks.o(i.vTaskDelay)
    vTaskInternalSetTimeOutState             0x0800aee5   Thumb Code    14  tasks.o(i.vTaskInternalSetTimeOutState)
    vTaskMissedYield                         0x0800aefd   Thumb Code     8  tasks.o(i.vTaskMissedYield)
    vTaskPlaceOnEventList                    0x0800af09   Thumb Code    52  tasks.o(i.vTaskPlaceOnEventList)
    vTaskStartScheduler                      0x0800af41   Thumb Code   146  tasks.o(i.vTaskStartScheduler)
    vTaskSuspendAll                          0x0800aff1   Thumb Code    12  tasks.o(i.vTaskSuspendAll)
    vTaskSwitchContext                       0x0800b001   Thumb Code   118  tasks.o(i.vTaskSwitchContext)
    var                                      0x0800b08d   Thumb Code   702  commend.o(i.var)
    var_init                                 0x0800b4bd   Thumb Code    46  commend.o(i.var_init)
    var_register                             0x0800b505   Thumb Code   108  commend.o(i.var_register)
    xPortStartScheduler                      0x0800b575   Thumb Code   330  port.o(i.xPortStartScheduler)
    xQueueCreateMutex                        0x0800b6dd   Thumb Code    34  queue.o(i.xQueueCreateMutex)
    xQueueCreateMutexStatic                  0x0800b6ff   Thumb Code    42  queue.o(i.xQueueCreateMutexStatic)
    xQueueGenericCreate                      0x0800b729   Thumb Code    90  queue.o(i.xQueueGenericCreate)
    xQueueGenericCreateStatic                0x0800b783   Thumb Code   224  queue.o(i.xQueueGenericCreateStatic)
    xQueueGenericReset                       0x0800b865   Thumb Code   146  queue.o(i.xQueueGenericReset)
    xQueueGenericSend                        0x0800b8fd   Thumb Code   420  queue.o(i.xQueueGenericSend)
    xTaskCheckForTimeOut                     0x0800baa5   Thumb Code   132  tasks.o(i.xTaskCheckForTimeOut)
    xTaskCreate                              0x0800bb31   Thumb Code   100  tasks.o(i.xTaskCreate)
    xTaskCreateStatic                        0x0800bb95   Thumb Code   186  tasks.o(i.xTaskCreateStatic)
    xTaskGetSchedulerState                   0x0800bc51   Thumb Code    24  tasks.o(i.xTaskGetSchedulerState)
    xTaskIncrementTick                       0x0800bc71   Thumb Code   282  tasks.o(i.xTaskIncrementTick)
    xTaskPriorityDisinherit                  0x0800bdb9   Thumb Code   188  tasks.o(i.xTaskPriorityDisinherit)
    xTaskRemoveFromEventList                 0x0800be81   Thumb Code   128  tasks.o(i.xTaskRemoveFromEventList)
    xTaskResumeAll                           0x0800bf19   Thumb Code   224  tasks.o(i.xTaskResumeAll)
    AHBPrescTable                            0x0800c078   Data          16  system_stm32f4xx.o(.constdata)
    APBPrescTable                            0x0800c088   Data           8  system_stm32f4xx.o(.constdata)
    shellCmdDefaultUser                      0x0800c090   Data           7  shell.o(.constdata)
    shellPasswordDefaultUser                 0x0800c097   Data           1  shell.o(.constdata)
    shellDesDefaultUser                      0x0800c098   Data          13  shell.o(.constdata)
    shellCmdsetVar                           0x0800c0a5   Data           7  shell.o(.constdata)
    shellDescsetVar                          0x0800c0ac   Data           8  shell.o(.constdata)
    shellDesc0x1B5B4100                      0x0800c0b4   Data           3  shell.o(.constdata)
    shellDesc0x1B5B4200                      0x0800c0b7   Data           5  shell.o(.constdata)
    shellDesc0x1B5B4300                      0x0800c0bc   Data           6  shell.o(.constdata)
    shellDesc0x1B5B4400                      0x0800c0c2   Data           5  shell.o(.constdata)
    shellDesc0x09000000                      0x0800c0c7   Data           4  shell.o(.constdata)
    shellDesc0x08000000                      0x0800c0cb   Data          10  shell.o(.constdata)
    shellDesc0x7F000000                      0x0800c0d5   Data          10  shell.o(.constdata)
    shellDesc0x1B5B337E                      0x0800c0df   Data           7  shell.o(.constdata)
    shellDesc0x0A000000                      0x0800c0e6   Data           6  shell.o(.constdata)
    shellDesc0x0D000000                      0x0800c0ec   Data           6  shell.o(.constdata)
    shellCmdhelp                             0x0800c0f2   Data           5  shell.o(.constdata)
    shellDeschelp                            0x0800c0f7   Data          30  shell.o(.constdata)
    shellCmdusers                            0x0800c115   Data           6  shell.o(.constdata)
    shellDescusers                           0x0800c11b   Data          14  shell.o(.constdata)
    shellCmdcmds                             0x0800c129   Data           5  shell.o(.constdata)
    shellDesccmds                            0x0800c12e   Data          13  shell.o(.constdata)
    shellCmdvars                             0x0800c13b   Data           5  shell.o(.constdata)
    shellDescvars                            0x0800c140   Data          13  shell.o(.constdata)
    shellCmdkeys                             0x0800c14d   Data           5  shell.o(.constdata)
    shellDesckeys                            0x0800c152   Data          13  shell.o(.constdata)
    shellCmdclear                            0x0800c15f   Data           6  shell.o(.constdata)
    shellDescclear                           0x0800c165   Data          14  shell.o(.constdata)
    shellCmdlogSetLevel                      0x0800c173   Data          12  log.o(.constdata)
    shellDesclogSetLevel                     0x0800c17f   Data          36  log.o(.constdata)
    shellCmdhexdump                          0x0800c1a3   Data           8  log.o(.constdata)
    shellDeschexdump                         0x0800c1ab   Data          32  log.o(.constdata)
    shellDesc0x04000000                      0x0800c1cb   Data          17  log.o(.constdata)
    shellCmdvar                              0x0800c1e8   Data           4  commend.o(.constdata)
    shellDescvar                             0x0800c1ec   Data          23  commend.o(.constdata)
    __mathlib_zero                           0x0800c2c0   Data           8  qnan.o(.constdata)
    __ctype_table                            0x0800c418   Data         129  ctype_o.o(.constdata)
    Region$$Table$$Base                      0x0800c7ac   Number         0  anon$$obj.o(Region$$Table)
    Region$$Table$$Limit                     0x0800c7cc   Number         0  anon$$obj.o(Region$$Table)
    shellCommand$$Base                       0x0800c7cc   Number         0  shell.o(shellCommand)
    shellUserDefault                         0x0800c7cc   Data          16  shell.o(shellCommand)
    shellCommandsetVar                       0x0800c7dc   Data          16  shell.o(shellCommand)
    shellKey0x1B5B4100                       0x0800c7ec   Data          16  shell.o(shellCommand)
    shellKey0x1B5B4200                       0x0800c7fc   Data          16  shell.o(shellCommand)
    shellKey0x1B5B4300                       0x0800c80c   Data          16  shell.o(shellCommand)
    shellKey0x1B5B4400                       0x0800c81c   Data          16  shell.o(shellCommand)
    shellKey0x09000000                       0x0800c82c   Data          16  shell.o(shellCommand)
    shellKey0x08000000                       0x0800c83c   Data          16  shell.o(shellCommand)
    shellKey0x7F000000                       0x0800c84c   Data          16  shell.o(shellCommand)
    shellKey0x1B5B337E                       0x0800c85c   Data          16  shell.o(shellCommand)
    shellKey0x0A000000                       0x0800c86c   Data          16  shell.o(shellCommand)
    shellKey0x0D000000                       0x0800c87c   Data          16  shell.o(shellCommand)
    shellCommandhelp                         0x0800c88c   Data          16  shell.o(shellCommand)
    shellCommandusers                        0x0800c89c   Data          16  shell.o(shellCommand)
    shellCommandcmds                         0x0800c8ac   Data          16  shell.o(shellCommand)
    shellCommandvars                         0x0800c8bc   Data          16  shell.o(shellCommand)
    shellCommandkeys                         0x0800c8cc   Data          16  shell.o(shellCommand)
    shellCommandclear                        0x0800c8dc   Data          16  shell.o(shellCommand)
    shellCommandlogSetLevel                  0x0800c8ec   Data          16  log.o(shellCommand)
    shellCommandhexdump                      0x0800c8fc   Data          16  log.o(shellCommand)
    shellKey0x04000000                       0x0800c90c   Data          16  log.o(shellCommand)
    shellCommandvar                          0x0800c91c   Data          16  commend.o(shellCommand)
    shellCommand$$Limit                      0x0800c92c   Number         0  commend.o(shellCommand)
    Rx_len_Huart2                            0x20000000   Data           1  main.o(.data)
    cmd                                      0x20000001   Data           1  main.o(.data)
    testTaskHandle                           0x20000004   Data           4  freertos.o(.data)
    chassisTaskHandle                        0x20000008   Data           4  freertos.o(.data)
    ledTaskHandle                            0x2000000c   Data           4  freertos.o(.data)
    shellMutexHandle                         0x20000010   Data           4  freertos.o(.data)
    Rx_len_Huart6                            0x20000018   Data           1  usart.o(.data)
    Rx_len_Huart7                            0x20000019   Data           1  usart.o(.data)
    Rx_len_Huart8                            0x2000001a   Data           1  usart.o(.data)
    pos_x                                    0x2000001c   Data           4  usart.o(.data)
    pos_y                                    0x20000020   Data           4  usart.o(.data)
    zangle                                   0x20000024   Data           4  usart.o(.data)
    xangle                                   0x20000028   Data           4  usart.o(.data)
    yangle                                   0x2000002c   Data           4  usart.o(.data)
    w_z                                      0x20000030   Data           4  usart.o(.data)
    set_pos_x                                0x20000034   Data           4  usart.o(.data)
    set_pos_y                                0x20000038   Data           4  usart.o(.data)
    set_zangle                               0x2000003c   Data           4  usart.o(.data)
    move_flag                                0x20000040   Data           4  usart.o(.data)
    rs_imutype                               0x20000044   Data           4  usart.o(.data)
    rs_ahrstype                              0x20000048   Data           4  usart.o(.data)
    uwTick                                   0x20000050   Data           4  stm32f4xx_hal.o(.data)
    uwTickPrio                               0x20000054   Data           4  stm32f4xx_hal.o(.data)
    uwTickFreq                               0x20000058   Data           1  stm32f4xx_hal.o(.data)
    SystemCoreClock                          0x2000005c   Data           4  system_stm32f4xx.o(.data)
    pxCurrentTCB                             0x20000060   Data           4  tasks.o(.data)
    _var_begin                               0x20000120   Data           4  commend.o(.data)
    a                                        0x20000124   Data           4  commend.o(.data)
    a1                                       0x20000128   Data           4  commend.o(.data)
    b                                        0x2000012c   Data           1  commend.o(.data)
    c                                        0x20000130   Data           8  commend.o(.data)
    station                                  0x20000138   Data           1  chassis_task.o(.data)
    p                                        0x2000013c   Data           4  chassis_task.o(.data)
    d                                        0x20000140   Data           4  chassis_task.o(.data)
    flag                                     0x20000144   Data           4  chassis_task.o(.data)
    time_cnt                                 0x20000148   Data           1  led_task.o(.data)
    turn_cnt                                 0x20000149   Data           1  led_task.o(.data)
    base_speed                               0x2000014c   Data          16  led_task.o(.data)
    value1                                   0x2000015c   Data           4  led_task.o(.data)
    value2                                   0x20000160   Data           4  led_task.o(.data)
    value3                                   0x20000164   Data           4  led_task.o(.data)
    value4                                   0x20000168   Data           4  led_task.o(.data)
    last_misssion                            0x2000016c   Data           4  led_task.o(.data)
    start_flag                               0x20000170   Data           1  led_task.o(.data)
    direction                                0x20000171   Data           1  led_task.o(.data)
    send_flag                                0x20000172   Data           1  led_task.o(.data)
    judge_flag                               0x20000173   Data           1  led_task.o(.data)
    Last_ANGLE_AHR298                        0x20000178   Data           8  led_task.o(.data)
    Turn_left_flag                           0x20000180   Data           4  led_task.o(.data)
    Turn_right_flag                          0x20000184   Data           4  led_task.o(.data)
    Turn_straight_flag                       0x20000188   Data           4  led_task.o(.data)
    Steering_Judgment_Flag                   0x2000018c   Data           4  led_task.o(.data)
    i                                        0x20000190   Data           4  led_task.o(.data)
    Angle_AHR                                0x20000198   Data           8  led_task.o(.data)
    t                                        0x200001a0   Data           4  led_task.o(.data)
    lsy_num                                  0x200001a8   Data           4  test_task.o(.data)
    control_flag                             0x200001ac   Data           1  test_task.o(.data)
    testcount                                0x200001b0   Data           4  test_task.o(.data)
    delay_time                               0x200001b4   Data          12  test_task.o(.data)
    len                                      0x200001c0   Data           1  test_task.o(.data)
    USART_RX_BUF                             0x200001c1   Data         200  test_task.o(.data)
    USART_RX_STA                             0x2000028a   Data           2  test_task.o(.data)
    aRxBuffer                                0x2000028c   Data           1  test_task.o(.data)
    USART_RX_STA_K210                        0x2000028e   Data           2  test_task.o(.data)
    aRxBuffer_K210                           0x20000290   Data           1  test_task.o(.data)
    __stdout                                 0x20000294   Data           4  stdout.o(.data)
    __microlib_freelist                      0x20000298   Data           4  mvars.o(.data)
    __microlib_freelist_initialised          0x2000029c   Data           4  mvars.o(.data)
    hcan1                                    0x200004f8   Data          40  can.o(.bss)
    hcan2                                    0x20000520   Data          40  can.o(.bss)
    hspi4                                    0x20000548   Data          88  spi.o(.bss)
    htim2                                    0x200005a0   Data          72  tim.o(.bss)
    ReceiveBuff_Huart6                       0x200005e8   Data         255  usart.o(.bss)
    ReceiveBuff_Huart7                       0x200006e7   Data         255  usart.o(.bss)
    ReceiveBuff_Huart8                       0x200007e6   Data         255  usart.o(.bss)
    Fd_data                                  0x200008e5   Data          64  usart.o(.bss)
    Fd_rsimu                                 0x20000925   Data          64  usart.o(.bss)
    Fd_rsahrs                                0x20000965   Data          56  usart.o(.bss)
    IMUData_Packet                           0x200009a0   Data          52  usart.o(.bss)
    AHRSData_Packet                          0x200009d4   Data          44  usart.o(.bss)
    huart7                                   0x20000a00   Data          68  usart.o(.bss)
    huart8                                   0x20000a44   Data          68  usart.o(.bss)
    huart1                                   0x20000a88   Data          68  usart.o(.bss)
    huart2                                   0x20000acc   Data          68  usart.o(.bss)
    huart3                                   0x20000b10   Data          68  usart.o(.bss)
    huart6                                   0x20000b54   Data          68  usart.o(.bss)
    hdma_uart7_rx                            0x20000b98   Data          96  usart.o(.bss)
    hdma_uart8_rx                            0x20000bf8   Data          96  usart.o(.bss)
    hdma_usart1_rx                           0x20000c58   Data          96  usart.o(.bss)
    hdma_usart2_rx                           0x20000cb8   Data          96  usart.o(.bss)
    hdma_usart6_rx                           0x20000d18   Data          96  usart.o(.bss)
    htim14                                   0x20000d90   Data          72  stm32f4xx_hal_timebase_tim.o(.bss)
    logList                                  0x20004ae8   Data          20  log.o(.bss)
    motor_can1                               0x20004bfc   Data         416  bsp_can.o(.bss)
    motor_can2                               0x20004d9c   Data         416  bsp_can.o(.bss)
    dbus_buf                                 0x20004f3c   Data          25  bsp_sbus.o(.bss)
    rc                                       0x20004f55   Data          34  bsp_sbus.o(.bss)
    Chassis_Move                             0x20004f78   Data        2132  chassis_task.o(.bss)
    motor                                    0x200057cc   Data         416  chassis_task.o(.bss)
    c610                                     0x2000596c   Data        1824  chassis_task.o(.bss)
    result                                   0x2000608c   Data          32  led_task.o(.bss)
    data                                     0x200060ac   Data         200  led_task.o(.bss)
    K210_data                                0x20006174   Data         200  led_task.o(.bss)
    USART_RX_BUF_K210                        0x2000623c   Data         200  test_task.o(.bss)
    __heap_base                              0x20006308   Data           0  startup_stm32f427xx.o(HEAP)
    __heap_limit                             0x20006508   Data           0  startup_stm32f427xx.o(HEAP)
    __initial_sp                             0x20006908   Data           0  startup_stm32f427xx.o(STACK)



==============================================================================

Memory Map of the image

  Image Entry point : 0x080001ad

  Load Region LR_IROM1 (Base: 0x08000000, Size: 0x0000cbd0, Max: 0x00200000, ABSOLUTE, COMPRESSED[0x0000c9ac])

    Execution Region ER_IROM1 (Exec base: 0x08000000, Load base: 0x08000000, Size: 0x0000c92c, Max: 0x00200000, ABSOLUTE)

    Exec Addr    Load Addr    Size         Type   Attr      Idx    E Section Name        Object

    0x08000000   0x08000000   0x000001ac   Data   RO            3    RESET               startup_stm32f427xx.o
    0x080001ac   0x080001ac   0x00000000   Code   RO         7179  * .ARM.Collect$$$$00000000  mc_w.l(entry.o)
    0x080001ac   0x080001ac   0x00000004   Code   RO         7564    .ARM.Collect$$$$00000001  mc_w.l(entry2.o)
    0x080001b0   0x080001b0   0x00000004   Code   RO         7567    .ARM.Collect$$$$00000004  mc_w.l(entry5.o)
    0x080001b4   0x080001b4   0x00000000   Code   RO         7569    .ARM.Collect$$$$00000008  mc_w.l(entry7b.o)
    0x080001b4   0x080001b4   0x00000000   Code   RO         7571    .ARM.Collect$$$$0000000A  mc_w.l(entry8b.o)
    0x080001b4   0x080001b4   0x00000008   Code   RO         7572    .ARM.Collect$$$$0000000B  mc_w.l(entry9a.o)
    0x080001bc   0x080001bc   0x00000004   Code   RO         7579    .ARM.Collect$$$$0000000E  mc_w.l(entry12b.o)
    0x080001c0   0x080001c0   0x00000000   Code   RO         7574    .ARM.Collect$$$$0000000F  mc_w.l(entry10a.o)
    0x080001c0   0x080001c0   0x00000000   Code   RO         7576    .ARM.Collect$$$$00000011  mc_w.l(entry11a.o)
    0x080001c0   0x080001c0   0x00000004   Code   RO         7565    .ARM.Collect$$$$00002712  mc_w.l(entry2.o)
    0x080001c4   0x080001c4   0x000000be   Code   RO         5425    .emb_text           port.o
    0x08000282   0x08000282   0x00000002   PAD
    0x08000284   0x08000284   0x00000024   Code   RO            4    .text               startup_stm32f427xx.o
    0x080002a8   0x080002a8   0x00000062   Code   RO         7182    .text               mc_w.l(uldiv.o)
    0x0800030a   0x0800030a   0x00000024   Code   RO         7184    .text               mc_w.l(memcpya.o)
    0x0800032e   0x0800032e   0x00000024   Code   RO         7188    .text               mc_w.l(memseta.o)
    0x08000352   0x08000352   0x0000000e   Code   RO         7190    .text               mc_w.l(strlen.o)
    0x08000360   0x08000360   0x0000001c   Code   RO         7192    .text               mc_w.l(strcmp.o)
    0x0800037c   0x0800037c   0x00000012   Code   RO         7194    .text               mc_w.l(strcpy.o)
    0x0800038e   0x0800038e   0x0000001e   Code   RO         7196    .text               mc_w.l(strncmp.o)
    0x080003ac   0x080003ac   0x0000001a   Code   RO         7491    .text               mc_w.l(atoi.o)
    0x080003c6   0x080003c6   0x0000014e   Code   RO         7493    .text               mf_w.l(dadd.o)
    0x08000514   0x08000514   0x000000e4   Code   RO         7495    .text               mf_w.l(dmul.o)
    0x080005f8   0x080005f8   0x000000de   Code   RO         7497    .text               mf_w.l(ddiv.o)
    0x080006d6   0x080006d6   0x00000022   Code   RO         7499    .text               mf_w.l(dflti.o)
    0x080006f8   0x080006f8   0x0000001a   Code   RO         7501    .text               mf_w.l(dfltui.o)
    0x08000712   0x08000712   0x0000003e   Code   RO         7503    .text               mf_w.l(dfixi.o)
    0x08000750   0x08000750   0x00000026   Code   RO         7505    .text               mf_w.l(f2d.o)
    0x08000776   0x08000776   0x00000002   PAD
    0x08000778   0x08000778   0x00000030   Code   RO         7507    .text               mf_w.l(cdrcmple.o)
    0x080007a8   0x080007a8   0x00000038   Code   RO         7509    .text               mf_w.l(d2f.o)
    0x080007e0   0x080007e0   0x0000002c   Code   RO         7581    .text               mc_w.l(uidiv.o)
    0x0800080c   0x0800080c   0x0000001e   Code   RO         7583    .text               mc_w.l(llshl.o)
    0x0800082a   0x0800082a   0x00000020   Code   RO         7585    .text               mc_w.l(llushr.o)
    0x0800084a   0x0800084a   0x00000024   Code   RO         7587    .text               mc_w.l(llsshr.o)
    0x0800086e   0x0800086e   0x00000002   PAD
    0x08000870   0x08000870   0x00000360   Code   RO         7604    .text               mc_w.l(scanf_fp.o)
    0x08000bd0   0x08000bd0   0x00000040   Code   RO         7610    .text               mc_w.l(_sgetc.o)
    0x08000c10   0x08000c10   0x0000009c   Code   RO         7612    .text               mc_w.l(strtod.o)
    0x08000cac   0x08000cac   0x00000070   Code   RO         7614    .text               mc_w.l(strtol.o)
    0x08000d1c   0x08000d1c   0x00000000   Code   RO         7616    .text               mc_w.l(iusefp.o)
    0x08000d1c   0x08000d1c   0x0000006e   Code   RO         7617    .text               mf_w.l(fepilogue.o)
    0x08000d8a   0x08000d8a   0x000000ba   Code   RO         7619    .text               mf_w.l(depilogue.o)
    0x08000e44   0x08000e44   0x0000002e   Code   RO         7623    .text               mf_w.l(dscalb.o)
    0x08000e72   0x08000e72   0x000000a2   Code   RO         7625    .text               mf_w.l(dsqrt.o)
    0x08000f14   0x08000f14   0x00000030   Code   RO         7629    .text               mf_w.l(dfixul.o)
    0x08000f44   0x08000f44   0x00000024   Code   RO         7633    .text               mc_w.l(init.o)
    0x08000f68   0x08000f68   0x00000008   Code   RO         7637    .text               mc_w.l(ctype_o.o)
    0x08000f70   0x08000f70   0x00000012   Code   RO         7659    .text               mc_w.l(isspace_o.o)
    0x08000f82   0x08000f82   0x0000001c   Code   RO         7665    .text               mc_w.l(_chval.o)
    0x08000f9e   0x08000f9e   0x0000009e   Code   RO         7669    .text               mc_w.l(_strtoul.o)
    0x0800103c   0x0800103c   0x00000018   Code   RO         7671    .text               mf_w.l(dfltul.o)
    0x08001054   0x08001054   0x00000056   Code   RO         7684    .text               mc_w.l(__dczerorl2.o)
    0x080010aa   0x080010aa   0x00000004   Code   RO          750    i.BusFault_Handler  stm32f4xx_it.o
    0x080010ae   0x080010ae   0x00000002   PAD
    0x080010b0   0x080010b0   0x00000010   Code   RO          751    i.CAN1_RX0_IRQHandler  stm32f4xx_it.o
    0x080010c0   0x080010c0   0x00000010   Code   RO          752    i.CAN1_TX_IRQHandler  stm32f4xx_it.o
    0x080010d0   0x080010d0   0x00000010   Code   RO          753    i.CAN2_RX0_IRQHandler  stm32f4xx_it.o
    0x080010e0   0x080010e0   0x00000010   Code   RO          754    i.CAN2_TX_IRQHandler  stm32f4xx_it.o
    0x080010f0   0x080010f0   0x0000006c   Code   RO         6335    i.Can_TxMessage     bsp_can.o
    0x0800115c   0x0800115c   0x000000dc   Code   RO          634    i.DATA_Trans        usart.o
    0x08001238   0x08001238   0x00000010   Code   RO          755    i.DMA1_Stream3_IRQHandler  stm32f4xx_it.o
    0x08001248   0x08001248   0x00000010   Code   RO          756    i.DMA1_Stream5_IRQHandler  stm32f4xx_it.o
    0x08001258   0x08001258   0x00000010   Code   RO          757    i.DMA1_Stream6_IRQHandler  stm32f4xx_it.o
    0x08001268   0x08001268   0x00000010   Code   RO          758    i.DMA2_Stream1_IRQHandler  stm32f4xx_it.o
    0x08001278   0x08001278   0x00000010   Code   RO          759    i.DMA2_Stream2_IRQHandler  stm32f4xx_it.o
    0x08001288   0x08001288   0x00000034   Code   RO         1769    i.DMA_CalcBaseAndBitshift  stm32f4xx_hal_dma.o
    0x080012bc   0x080012bc   0x000000aa   Code   RO         1770    i.DMA_CheckFifoParam  stm32f4xx_hal_dma.o
    0x08001366   0x08001366   0x0000002c   Code   RO         1771    i.DMA_SetConfig     stm32f4xx_hal_dma.o
    0x08001392   0x08001392   0x00000002   Code   RO          760    i.DebugMon_Handler  stm32f4xx_it.o
    0x08001394   0x08001394   0x00000006   Code   RO           13    i.Error_Handler     main.o
    0x0800139a   0x0800139a   0x00000002   PAD
    0x0800139c   0x0800139c   0x0000012c   Code   RO         6835    i.Gray_Gyroscope_Solution  led_task.o
    0x080014c8   0x080014c8   0x0000002a   Code   RO          975    i.HAL_CAN_ActivateNotification  stm32f4xx_hal_can.o
    0x080014f2   0x080014f2   0x00000156   Code   RO          976    i.HAL_CAN_AddTxMessage  stm32f4xx_hal_can.o
    0x08001648   0x08001648   0x00000124   Code   RO          977    i.HAL_CAN_ConfigFilter  stm32f4xx_hal_can.o
    0x0800176c   0x0800176c   0x00000002   Code   RO          980    i.HAL_CAN_ErrorCallback  stm32f4xx_hal_can.o
    0x0800176e   0x0800176e   0x0000017a   Code   RO          983    i.HAL_CAN_GetRxMessage  stm32f4xx_hal_can.o
    0x080018e8   0x080018e8   0x00000036   Code   RO          985    i.HAL_CAN_GetTxMailboxesFreeLevel  stm32f4xx_hal_can.o
    0x0800191e   0x0800191e   0x0000024e   Code   RO          987    i.HAL_CAN_IRQHandler  stm32f4xx_hal_can.o
    0x08001b6c   0x08001b6c   0x00000174   Code   RO          988    i.HAL_CAN_Init      stm32f4xx_hal_can.o
    0x08001ce0   0x08001ce0   0x00000184   Code   RO          474    i.HAL_CAN_MspInit   can.o
    0x08001e64   0x08001e64   0x00000002   Code   RO          995    i.HAL_CAN_RxFifo0FullCallback  stm32f4xx_hal_can.o
    0x08001e66   0x08001e66   0x00000002   PAD
    0x08001e68   0x08001e68   0x00000140   Code   RO         6336    i.HAL_CAN_RxFifo0MsgPendingCallback  bsp_can.o
    0x08001fa8   0x08001fa8   0x00000002   Code   RO          997    i.HAL_CAN_RxFifo1FullCallback  stm32f4xx_hal_can.o
    0x08001faa   0x08001faa   0x00000002   Code   RO          998    i.HAL_CAN_RxFifo1MsgPendingCallback  stm32f4xx_hal_can.o
    0x08001fac   0x08001fac   0x00000002   Code   RO          999    i.HAL_CAN_SleepCallback  stm32f4xx_hal_can.o
    0x08001fae   0x08001fae   0x0000005e   Code   RO         1000    i.HAL_CAN_Start     stm32f4xx_hal_can.o
    0x0800200c   0x0800200c   0x00000002   Code   RO         1002    i.HAL_CAN_TxMailbox0AbortCallback  stm32f4xx_hal_can.o
    0x0800200e   0x0800200e   0x00000002   Code   RO         1003    i.HAL_CAN_TxMailbox0CompleteCallback  stm32f4xx_hal_can.o
    0x08002010   0x08002010   0x00000002   Code   RO         1004    i.HAL_CAN_TxMailbox1AbortCallback  stm32f4xx_hal_can.o
    0x08002012   0x08002012   0x00000002   Code   RO         1005    i.HAL_CAN_TxMailbox1CompleteCallback  stm32f4xx_hal_can.o
    0x08002014   0x08002014   0x00000002   Code   RO         1006    i.HAL_CAN_TxMailbox2AbortCallback  stm32f4xx_hal_can.o
    0x08002016   0x08002016   0x00000002   Code   RO         1007    i.HAL_CAN_TxMailbox2CompleteCallback  stm32f4xx_hal_can.o
    0x08002018   0x08002018   0x00000002   Code   RO         1009    i.HAL_CAN_WakeUpFromRxMsgCallback  stm32f4xx_hal_can.o
    0x0800201a   0x0800201a   0x000000ac   Code   RO         1772    i.HAL_DMA_Abort     stm32f4xx_hal_dma.o
    0x080020c6   0x080020c6   0x00000028   Code   RO         1773    i.HAL_DMA_Abort_IT  stm32f4xx_hal_dma.o
    0x080020ee   0x080020ee   0x00000002   PAD
    0x080020f0   0x080020f0   0x00000240   Code   RO         1777    i.HAL_DMA_IRQHandler  stm32f4xx_hal_dma.o
    0x08002330   0x08002330   0x000000ec   Code   RO         1778    i.HAL_DMA_Init      stm32f4xx_hal_dma.o
    0x0800241c   0x0800241c   0x00000066   Code   RO         1781    i.HAL_DMA_Start     stm32f4xx_hal_dma.o
    0x08002482   0x08002482   0x00000092   Code   RO         1782    i.HAL_DMA_Start_IT  stm32f4xx_hal_dma.o
    0x08002514   0x08002514   0x00000210   Code   RO         1665    i.HAL_GPIO_Init     stm32f4xx_hal_gpio.o
    0x08002724   0x08002724   0x00000010   Code   RO         1667    i.HAL_GPIO_ReadPin  stm32f4xx_hal_gpio.o
    0x08002734   0x08002734   0x0000000c   Code   RO         1669    i.HAL_GPIO_WritePin  stm32f4xx_hal_gpio.o
    0x08002740   0x08002740   0x0000000c   Code   RO         2222    i.HAL_GetTick       stm32f4xx_hal.o
    0x0800274c   0x0800274c   0x00000018   Code   RO         2228    i.HAL_IncTick       stm32f4xx_hal.o
    0x08002764   0x08002764   0x0000003c   Code   RO         2229    i.HAL_Init          stm32f4xx_hal.o
    0x080027a0   0x080027a0   0x000000b4   Code   RO          935    i.HAL_InitTick      stm32f4xx_hal_timebase_tim.o
    0x08002854   0x08002854   0x00000054   Code   RO          911    i.HAL_MspInit       stm32f4xx_hal_msp.o
    0x080028a8   0x080028a8   0x00000020   Code   RO         2072    i.HAL_NVIC_EnableIRQ  stm32f4xx_hal_cortex.o
    0x080028c8   0x080028c8   0x0000007c   Code   RO         2078    i.HAL_NVIC_SetPriority  stm32f4xx_hal_cortex.o
    0x08002944   0x08002944   0x00000028   Code   RO         2079    i.HAL_NVIC_SetPriorityGrouping  stm32f4xx_hal_cortex.o
    0x0800296c   0x0800296c   0x0000008c   Code   RO         2001    i.HAL_PWREx_EnableOverDrive  stm32f4xx_hal_pwr_ex.o
    0x080029f8   0x080029f8   0x00000184   Code   RO         1209    i.HAL_RCC_ClockConfig  stm32f4xx_hal_rcc.o
    0x08002b7c   0x08002b7c   0x00000044   Code   RO         1213    i.HAL_RCC_GetClockConfig  stm32f4xx_hal_rcc.o
    0x08002bc0   0x08002bc0   0x0000000c   Code   RO         1214    i.HAL_RCC_GetHCLKFreq  stm32f4xx_hal_rcc.o
    0x08002bcc   0x08002bcc   0x00000020   Code   RO         1216    i.HAL_RCC_GetPCLK1Freq  stm32f4xx_hal_rcc.o
    0x08002bec   0x08002bec   0x00000020   Code   RO         1217    i.HAL_RCC_GetPCLK2Freq  stm32f4xx_hal_rcc.o
    0x08002c0c   0x08002c0c   0x000000b0   Code   RO         1218    i.HAL_RCC_GetSysClockFreq  stm32f4xx_hal_rcc.o
    0x08002cbc   0x08002cbc   0x0000049c   Code   RO         1221    i.HAL_RCC_OscConfig  stm32f4xx_hal_rcc.o
    0x08003158   0x08003158   0x000000c8   Code   RO         2488    i.HAL_SPI_Init      stm32f4xx_hal_spi.o
    0x08003220   0x08003220   0x00000088   Code   RO          550    i.HAL_SPI_MspInit   spi.o
    0x080032a8   0x080032a8   0x00000002   Code   RO         3516    i.HAL_TIMEx_BreakCallback  stm32f4xx_hal_tim_ex.o
    0x080032aa   0x080032aa   0x00000002   Code   RO         3517    i.HAL_TIMEx_CommutCallback  stm32f4xx_hal_tim_ex.o
    0x080032ac   0x080032ac   0x000000b4   Code   RO         3535    i.HAL_TIMEx_MasterConfigSynchronization  stm32f4xx_hal_tim_ex.o
    0x08003360   0x08003360   0x00000066   Code   RO         2801    i.HAL_TIM_Base_Init  stm32f4xx_hal_tim.o
    0x080033c6   0x080033c6   0x00000002   PAD
    0x080033c8   0x080033c8   0x00000044   Code   RO          592    i.HAL_TIM_Base_MspInit  tim.o
    0x0800340c   0x0800340c   0x000000a8   Code   RO         2806    i.HAL_TIM_Base_Start_IT  stm32f4xx_hal_tim.o
    0x080034b4   0x080034b4   0x0000010c   Code   RO         2810    i.HAL_TIM_ConfigClockSource  stm32f4xx_hal_tim.o
    0x080035c0   0x080035c0   0x00000002   Code   RO         2835    i.HAL_TIM_IC_CaptureCallback  stm32f4xx_hal_tim.o
    0x080035c2   0x080035c2   0x00000196   Code   RO         2849    i.HAL_TIM_IRQHandler  stm32f4xx_hal_tim.o
    0x08003758   0x08003758   0x00000002   Code   RO         2852    i.HAL_TIM_OC_DelayElapsedCallback  stm32f4xx_hal_tim.o
    0x0800375a   0x0800375a   0x00000002   Code   RO         2879    i.HAL_TIM_PWM_PulseFinishedCallback  stm32f4xx_hal_tim.o
    0x0800375c   0x0800375c   0x00000018   Code   RO           14    i.HAL_TIM_PeriodElapsedCallback  main.o
    0x08003774   0x08003774   0x00000002   Code   RO         2892    i.HAL_TIM_TriggerCallback  stm32f4xx_hal_tim.o
    0x08003776   0x08003776   0x00000002   Code   RO         3794    i.HAL_UARTEx_RxEventCallback  stm32f4xx_hal_uart.o
    0x08003778   0x08003778   0x0000008a   Code   RO         3806    i.HAL_UART_DMAStop  stm32f4xx_hal_uart.o
    0x08003802   0x08003802   0x00000002   Code   RO         3808    i.HAL_UART_ErrorCallback  stm32f4xx_hal_uart.o
    0x08003804   0x08003804   0x000002e0   Code   RO         3811    i.HAL_UART_IRQHandler  stm32f4xx_hal_uart.o
    0x08003ae4   0x08003ae4   0x00000072   Code   RO         3812    i.HAL_UART_Init     stm32f4xx_hal_uart.o
    0x08003b56   0x08003b56   0x00000002   PAD
    0x08003b58   0x08003b58   0x000004d8   Code   RO          636    i.HAL_UART_MspInit  usart.o
    0x08004030   0x08004030   0x00000042   Code   RO         3816    i.HAL_UART_Receive_DMA  stm32f4xx_hal_uart.o
    0x08004072   0x08004072   0x00000042   Code   RO         3817    i.HAL_UART_Receive_IT  stm32f4xx_hal_uart.o
    0x080040b4   0x080040b4   0x00000218   Code   RO          637    i.HAL_UART_RxCpltCallback  usart.o
    0x080042cc   0x080042cc   0x00000002   Code   RO         3819    i.HAL_UART_RxHalfCpltCallback  stm32f4xx_hal_uart.o
    0x080042ce   0x080042ce   0x000000d2   Code   RO         3820    i.HAL_UART_Transmit  stm32f4xx_hal_uart.o
    0x080043a0   0x080043a0   0x00000002   Code   RO         3823    i.HAL_UART_TxCpltCallback  stm32f4xx_hal_uart.o
    0x080043a2   0x080043a2   0x00000004   Code   RO          761    i.HardFault_Handler  stm32f4xx_it.o
    0x080043a6   0x080043a6   0x00000002   PAD
    0x080043a8   0x080043a8   0x00000044   Code   RO          475    i.MX_CAN1_Init      can.o
    0x080043ec   0x080043ec   0x00000044   Code   RO          476    i.MX_CAN2_Init      can.o
    0x08004430   0x08004430   0x00000098   Code   RO          522    i.MX_DMA_Init       dma.o
    0x080044c8   0x080044c8   0x00000074   Code   RO          384    i.MX_FREERTOS_Init  freertos.o
    0x0800453c   0x0800453c   0x00000250   Code   RO          261    i.MX_GPIO_Init      gpio.o
    0x0800478c   0x0800478c   0x0000004c   Code   RO          551    i.MX_SPI4_Init      spi.o
    0x080047d8   0x080047d8   0x0000006c   Code   RO          593    i.MX_TIM2_Init      tim.o
    0x08004844   0x08004844   0x00000038   Code   RO          639    i.MX_UART7_Init     usart.o
    0x0800487c   0x0800487c   0x00000038   Code   RO          640    i.MX_UART8_Init     usart.o
    0x080048b4   0x080048b4   0x00000038   Code   RO          641    i.MX_USART1_UART_Init  usart.o
    0x080048ec   0x080048ec   0x00000038   Code   RO          642    i.MX_USART2_UART_Init  usart.o
    0x08004924   0x08004924   0x00000038   Code   RO          643    i.MX_USART3_UART_Init  usart.o
    0x0800495c   0x0800495c   0x00000038   Code   RO          644    i.MX_USART6_UART_Init  usart.o
    0x08004994   0x08004994   0x00000004   Code   RO          762    i.MemManage_Handler  stm32f4xx_it.o
    0x08004998   0x08004998   0x00000004   Code   RO          763    i.NMI_Handler       stm32f4xx_it.o
    0x0800499c   0x0800499c   0x0000009c   Code   RO         7005    i.PID_struct_init   pid.o
    0x08004a38   0x08004a38   0x00000034   Code   RO         5426    i.SysTick_Handler   port.o
    0x08004a6c   0x08004a6c   0x000000c0   Code   RO           15    i.SystemClock_Config  main.o
    0x08004b2c   0x08004b2c   0x00000014   Code   RO         4151    i.SystemInit        system_stm32f4xx.o
    0x08004b40   0x08004b40   0x00000010   Code   RO          764    i.TIM2_IRQHandler   stm32f4xx_it.o
    0x08004b50   0x08004b50   0x00000010   Code   RO          765    i.TIM8_TRG_COM_TIM14_IRQHandler  stm32f4xx_it.o
    0x08004b60   0x08004b60   0x000000d8   Code   RO         2894    i.TIM_Base_SetConfig  stm32f4xx_hal_tim.o
    0x08004c38   0x08004c38   0x00000016   Code   RO         2905    i.TIM_ETR_SetConfig  stm32f4xx_hal_tim.o
    0x08004c4e   0x08004c4e   0x00000012   Code   RO         2906    i.TIM_ITRx_SetConfig  stm32f4xx_hal_tim.o
    0x08004c60   0x08004c60   0x00000026   Code   RO         2912    i.TIM_TI1_ConfigInputStage  stm32f4xx_hal_tim.o
    0x08004c86   0x08004c86   0x00000028   Code   RO         2914    i.TIM_TI2_ConfigInputStage  stm32f4xx_hal_tim.o
    0x08004cae   0x08004cae   0x00000002   PAD
    0x08004cb0   0x08004cb0   0x000001f4   Code   RO          645    i.TTL_Hex2Dec       usart.o
    0x08004ea4   0x08004ea4   0x00000010   Code   RO          766    i.UART7_IRQHandler  stm32f4xx_it.o
    0x08004eb4   0x08004eb4   0x000000f8   Code   RO          767    i.UART8_IRQHandler  stm32f4xx_it.o
    0x08004fac   0x08004fac   0x00000014   Code   RO         3825    i.UART_DMAAbortOnError  stm32f4xx_hal_uart.o
    0x08004fc0   0x08004fc0   0x00000050   Code   RO         3826    i.UART_DMAError     stm32f4xx_hal_uart.o
    0x08005010   0x08005010   0x000000b0   Code   RO         3827    i.UART_DMAReceiveCplt  stm32f4xx_hal_uart.o
    0x080050c0   0x080050c0   0x00000020   Code   RO         3829    i.UART_DMARxHalfCplt  stm32f4xx_hal_uart.o
    0x080050e0   0x080050e0   0x0000006c   Code   RO         3835    i.UART_EndRxTransfer  stm32f4xx_hal_uart.o
    0x0800514c   0x0800514c   0x00000020   Code   RO         3836    i.UART_EndTransmit_IT  stm32f4xx_hal_uart.o
    0x0800516c   0x0800516c   0x00000026   Code   RO         3837    i.UART_EndTxTransfer  stm32f4xx_hal_uart.o
    0x08005192   0x08005192   0x000000f8   Code   RO         3838    i.UART_Receive_IT   stm32f4xx_hal_uart.o
    0x0800528a   0x0800528a   0x00000002   PAD
    0x0800528c   0x0800528c   0x0000022c   Code   RO         3839    i.UART_SetConfig    stm32f4xx_hal_uart.o
    0x080054b8   0x080054b8   0x000000d0   Code   RO         3840    i.UART_Start_Receive_DMA  stm32f4xx_hal_uart.o
    0x08005588   0x08005588   0x0000004a   Code   RO         3841    i.UART_Start_Receive_IT  stm32f4xx_hal_uart.o
    0x080055d2   0x080055d2   0x00000060   Code   RO         3842    i.UART_Transmit_IT  stm32f4xx_hal_uart.o
    0x08005632   0x08005632   0x00000092   Code   RO         3843    i.UART_WaitOnFlagUntilTimeout  stm32f4xx_hal_uart.o
    0x080056c4   0x080056c4   0x00000014   Code   RO          768    i.USART1_IRQHandler  stm32f4xx_it.o
    0x080056d8   0x080056d8   0x00000010   Code   RO          769    i.USART2_IRQHandler  stm32f4xx_it.o
    0x080056e8   0x080056e8   0x00000010   Code   RO          770    i.USART3_IRQHandler  stm32f4xx_it.o
    0x080056f8   0x080056f8   0x00000010   Code   RO          771    i.USART6_IRQHandler  stm32f4xx_it.o
    0x08005708   0x08005708   0x00000004   Code   RO          772    i.UsageFault_Handler  stm32f4xx_it.o
    0x0800570c   0x0800570c   0x00000020   Code   RO         7433    i.__0printf         mc_w.l(printfa.o)
    0x0800572c   0x0800572c   0x00000034   Code   RO         7434    i.__0snprintf       mc_w.l(printfa.o)
    0x08005760   0x08005760   0x00000028   Code   RO         7435    i.__0sprintf        mc_w.l(printfa.o)
    0x08005788   0x08005788   0x00000034   Code   RO         7438    i.__0vsnprintf      mc_w.l(printfa.o)
    0x080057bc   0x080057bc   0x00000030   Code   RO         7542    i.__ARM_fpclassify  m_wm.l(fpclassify.o)
    0x080057ec   0x080057ec   0x00000010   Code   RO         2085    i.__NVIC_GetPriorityGrouping  stm32f4xx_hal_cortex.o
    0x080057fc   0x080057fc   0x00000028   Code   RO         2086    i.__NVIC_SetPriority  stm32f4xx_hal_cortex.o
    0x08005824   0x08005824   0x00000008   Code   RO         7591    i.__aeabi_errno_addr  mc_w.l(errno.o)
    0x0800582c   0x0800582c   0x00000004   PAD
    0x08005830   0x08005830   0x00000038   Code   RO         7093    i.__hardfp_atof     m_wm.l(atof.o)
    0x08005868   0x08005868   0x000000c8   Code   RO         7099    i.__hardfp_cos      m_wm.l(cos.o)
    0x08005930   0x08005930   0x00000c50   Code   RO         7129    i.__hardfp_pow      m_wm.l(pow.o)
    0x08006580   0x08006580   0x00000080   Code   RO         7167    i.__hardfp_tan      m_wm.l(tan.o)
    0x08006600   0x08006600   0x00000438   Code   RO         7547    i.__ieee754_rem_pio2  m_wm.l(rred.o)
    0x08006a38   0x08006a38   0x00000170   Code   RO         7525    i.__kernel_cos      m_wm.l(cos_i.o)
    0x08006ba8   0x08006ba8   0x000000f8   Code   RO         7544    i.__kernel_poly     m_wm.l(poly.o)
    0x08006ca0   0x08006ca0   0x00000130   Code   RO         7552    i.__kernel_sin      m_wm.l(sin_i.o)
    0x08006dd0   0x08006dd0   0x00000350   Code   RO         7558    i.__kernel_tan      m_wm.l(tan_i.o)
    0x08007120   0x08007120   0x00000030   Code   RO         7528    i.__mathlib_dbl_divzero  m_wm.l(dunder.o)
    0x08007150   0x08007150   0x00000014   Code   RO         7529    i.__mathlib_dbl_infnan  m_wm.l(dunder.o)
    0x08007164   0x08007164   0x00000014   Code   RO         7530    i.__mathlib_dbl_infnan2  m_wm.l(dunder.o)
    0x08007178   0x08007178   0x00000020   Code   RO         7531    i.__mathlib_dbl_invalid  m_wm.l(dunder.o)
    0x08007198   0x08007198   0x00000020   Code   RO         7532    i.__mathlib_dbl_overflow  m_wm.l(dunder.o)
    0x080071b8   0x080071b8   0x00000020   Code   RO         7534    i.__mathlib_dbl_underflow  m_wm.l(dunder.o)
    0x080071d8   0x080071d8   0x0000000c   Code   RO         7592    i.__read_errno      mc_w.l(errno.o)
    0x080071e4   0x080071e4   0x0000000e   Code   RO         7678    i.__scatterload_copy  mc_w.l(handlers.o)
    0x080071f2   0x080071f2   0x00000002   Code   RO         7679    i.__scatterload_null  mc_w.l(handlers.o)
    0x080071f4   0x080071f4   0x0000000e   Code   RO         7680    i.__scatterload_zeroinit  mc_w.l(handlers.o)
    0x08007202   0x08007202   0x00000002   PAD
    0x08007204   0x08007204   0x0000000c   Code   RO         7593    i.__set_errno       mc_w.l(errno.o)
    0x08007210   0x08007210   0x00000184   Code   RO         7440    i._fp_digits        mc_w.l(printfa.o)
    0x08007394   0x08007394   0x0000000e   Code   RO         7606    i._is_digit         mc_w.l(scanf_fp.o)
    0x080073a2   0x080073a2   0x00000002   PAD
    0x080073a4   0x080073a4   0x000006b4   Code   RO         7441    i._printf_core      mc_w.l(printfa.o)
    0x08007a58   0x08007a58   0x00000024   Code   RO         7442    i._printf_post_padding  mc_w.l(printfa.o)
    0x08007a7c   0x08007a7c   0x0000002e   Code   RO         7443    i._printf_pre_padding  mc_w.l(printfa.o)
    0x08007aaa   0x08007aaa   0x00000016   Code   RO         7444    i._snputc           mc_w.l(printfa.o)
    0x08007ac0   0x08007ac0   0x0000000a   Code   RO         7445    i._sputc            mc_w.l(printfa.o)
    0x08007aca   0x08007aca   0x0000002e   Code   RO         7006    i.abs_limit         pid.o
    0x08007af8   0x08007af8   0x0000002e   Code   RO         6017    i.agencylogHexDump  log.o
    0x08007b26   0x08007b26   0x0000002a   Code   RO         6018    i.agencylogSetLevel  log.o
    0x08007b50   0x08007b50   0x0000004e   Code   RO         6337    i.can_filter_recv_special  bsp_can.o
    0x08007b9e   0x08007b9e   0x00000002   PAD
    0x08007ba0   0x08007ba0   0x000000b4   Code   RO         6675    i.chassis_task      chassis_task.o
    0x08007c54   0x08007c54   0x00000040   Code   RO         6429    i.dbus_uart_init    bsp_sbus.o
    0x08007c94   0x08007c94   0x00000008   Code   RO         6430    i.dma_current_data_counter  bsp_sbus.o
    0x08007c9c   0x08007c9c   0x00000018   Code   RO         7113    i.fabs              m_wm.l(fabs.o)
    0x08007cb4   0x08007cb4   0x0000001c   Code   RO           16    i.fputc             main.o
    0x08007cd0   0x08007cd0   0x0000006a   Code   RO         6339    i.get_motor_measure  bsp_can.o
    0x08007d3a   0x08007d3a   0x00000010   Code   RO         6340    i.get_motor_offset  bsp_can.o
    0x08007d4a   0x08007d4a   0x00000002   PAD
    0x08007d4c   0x08007d4c   0x000001b0   Code   RO         6676    i.go_a_little       chassis_task.o
    0x08007efc   0x08007efc   0x00000108   Code   RO         6845    i.grayscale_sensor_judging  led_task.o
    0x08008004   0x08008004   0x00000048   Code   RO         6846    i.judge             led_task.o
    0x0800804c   0x0800804c   0x0000001c   Code   RO         6848    i.led_task          led_task.o
    0x08008068   0x08008068   0x00000218   Code   RO         6849    i.ll                led_task.o
    0x08008280   0x08008280   0x000001ac   Code   RO         6019    i.logHexDump        log.o
    0x0800842c   0x0800842c   0x000000ac   Code   RO         6021    i.logSetLevel       log.o
    0x080084d8   0x080084d8   0x00000048   Code   RO         6022    i.logSwitchLevel    log.o
    0x08008520   0x08008520   0x00000034   Code   RO         6024    i.logWrite          log.o
    0x08008554   0x08008554   0x0000006c   Code   RO         6025    i.logWriteBuffer    log.o
    0x080085c0   0x080085c0   0x000000c8   Code   RO           17    i.main              main.o
    0x08008688   0x08008688   0x0000000e   Code   RO         4991    i.makeFreeRtosPriority  cmsis_os.o
    0x08008696   0x08008696   0x00000002   PAD
    0x08008698   0x08008698   0x0000006c   Code   RO         7462    i.malloc            mc_w.l(malloc.o)
    0x08008704   0x08008704   0x00000054   Code   RO         6342    i.my_can_filter_init_recv_all  bsp_can.o
    0x08008758   0x08008758   0x00000018   Code   RO         4993    i.osDelay           cmsis_os.o
    0x08008770   0x08008770   0x0000000a   Code   RO         4996    i.osKernelStart     cmsis_os.o
    0x0800877a   0x0800877a   0x0000001a   Code   RO         5011    i.osMutexCreate     cmsis_os.o
    0x08008794   0x08008794   0x0000005e   Code   RO         5030    i.osThreadCreate    cmsis_os.o
    0x080087f2   0x080087f2   0x00000002   PAD
    0x080087f4   0x080087f4   0x00000214   Code   RO         7007    i.pid_calc          pid.o
    0x08008a08   0x08008a08   0x00000014   Code   RO         7008    i.pid_param_init    pid.o
    0x08008a1c   0x08008a1c   0x0000000e   Code   RO         7009    i.pid_reset         pid.o
    0x08008a2a   0x08008a2a   0x00000002   PAD
    0x08008a2c   0x08008a2c   0x00000098   Code   RO         4662    i.prvAddCurrentTaskToDelayedList  tasks.o
    0x08008ac4   0x08008ac4   0x000000b4   Code   RO         4663    i.prvAddNewTaskToReadyList  tasks.o
    0x08008b78   0x08008b78   0x00000048   Code   RO         4664    i.prvCheckTasksWaitingTermination  tasks.o
    0x08008bc0   0x08008bc0   0x0000007e   Code   RO         4329    i.prvCopyDataToQueue  queue.o
    0x08008c3e   0x08008c3e   0x00000050   Code   RO         4665    i.prvDeleteTCB      tasks.o
    0x08008c8e   0x08008c8e   0x00000002   PAD
    0x08008c90   0x08008c90   0x0000007c   Code   RO         5358    i.prvHeapInit       heap_4.o
    0x08008d0c   0x08008d0c   0x00000028   Code   RO         4666    i.prvIdleTask       tasks.o
    0x08008d34   0x08008d34   0x0000001e   Code   RO         4331    i.prvInitialiseMutex  queue.o
    0x08008d52   0x08008d52   0x00000026   Code   RO         4332    i.prvInitialiseNewQueue  queue.o
    0x08008d78   0x08008d78   0x000000b4   Code   RO         4667    i.prvInitialiseNewTask  tasks.o
    0x08008e2c   0x08008e2c   0x00000068   Code   RO         4668    i.prvInitialiseTaskLists  tasks.o
    0x08008e94   0x08008e94   0x00000068   Code   RO         5359    i.prvInsertBlockIntoFreeList  heap_4.o
    0x08008efc   0x08008efc   0x0000001e   Code   RO         4334    i.prvIsQueueFull    queue.o
    0x08008f1a   0x08008f1a   0x00000002   PAD
    0x08008f1c   0x08008f1c   0x00000034   Code   RO         4669    i.prvResetNextTaskUnblockTime  tasks.o
    0x08008f50   0x08008f50   0x00000040   Code   RO         5427    i.prvTaskExitError  port.o
    0x08008f90   0x08008f90   0x0000007e   Code   RO         4335    i.prvUnlockQueue    queue.o
    0x0800900e   0x0800900e   0x00000002   PAD
    0x08009010   0x08009010   0x0000014c   Code   RO         5360    i.pvPortMalloc      heap_4.o
    0x0800915c   0x0800915c   0x0000002c   Code   RO         5428    i.pxPortInitialiseStack  port.o
    0x08009188   0x08009188   0x000001c4   Code   RO         6432    i.rc_callback_handler  bsp_sbus.o
    0x0800934c   0x0800934c   0x0000003c   Code   RO         6343    i.set_motor         bsp_can.o
    0x08009388   0x08009388   0x00000058   Code   RO         6344    i.set_motor_A       bsp_can.o
    0x080093e0   0x080093e0   0x0000005a   Code   RO         6345    i.set_motor_B       bsp_can.o
    0x0800943a   0x0800943a   0x0000000e   Code   RO         5506    i.shellBackspace    shell.o
    0x08009448   0x08009448   0x00000044   Code   RO         5507    i.shellCheckPassword  shell.o
    0x0800948c   0x0800948c   0x0000003a   Code   RO         5508    i.shellCheckPermission  shell.o
    0x080094c6   0x080094c6   0x00000002   PAD
    0x080094c8   0x080094c8   0x0000001c   Code   RO         5509    i.shellClear        shell.o
    0x080094e4   0x080094e4   0x00000028   Code   RO         5510    i.shellClearCommandLine  shell.o
    0x0800950c   0x0800950c   0x00000012   Code   RO         5511    i.shellCmds         shell.o
    0x0800951e   0x0800951e   0x00000022   Code   RO         5923    i.shellCompanionGet  shell_companion.o
    0x08009540   0x08009540   0x00000010   Code   RO         5512    i.shellDelete       shell.o
    0x08009550   0x08009550   0x000000da   Code   RO         5513    i.shellDeleteByte   shell.o
    0x0800962a   0x0800962a   0x00000002   PAD
    0x0800962c   0x0800962c   0x00000020   Code   RO         5514    i.shellDeleteCommandLine  shell.o
    0x0800964c   0x0800964c   0x00000010   Code   RO         5515    i.shellDown         shell.o
    0x0800965c   0x0800965c   0x00000014   Code   RO         5516    i.shellEnter        shell.o
    0x08009670   0x08009670   0x00000074   Code   RO         5517    i.shellExec         shell.o
    0x080096e4   0x080096e4   0x00000058   Code   RO         5957    i.shellExtNumType   shell_ext.o
    0x0800973c   0x0800973c   0x00000046   Code   RO         5958    i.shellExtParseChar  shell_ext.o
    0x08009782   0x08009782   0x00000002   PAD
    0x08009784   0x08009784   0x000000ec   Code   RO         5959    i.shellExtParseNumber  shell_ext.o
    0x08009870   0x08009870   0x00000056   Code   RO         5960    i.shellExtParsePara  shell_ext.o
    0x080098c6   0x080098c6   0x0000004a   Code   RO         5961    i.shellExtParseString  shell_ext.o
    0x08009910   0x08009910   0x00000024   Code   RO         5962    i.shellExtParseVar  shell_ext.o
    0x08009934   0x08009934   0x000000ca   Code   RO         5963    i.shellExtRun       shell_ext.o
    0x080099fe   0x080099fe   0x00000036   Code   RO         5964    i.shellExtToNum     shell_ext.o
    0x08009a34   0x08009a34   0x00000030   Code   RO         5518    i.shellGetCommandDesc  shell.o
    0x08009a64   0x08009a64   0x00000050   Code   RO         5519    i.shellGetCommandName  shell.o
    0x08009ab4   0x08009ab4   0x00000034   Code   RO         5520    i.shellGetCurrent   shell.o
    0x08009ae8   0x08009ae8   0x00000054   Code   RO         5521    i.shellGetVarValue  shell.o
    0x08009b3c   0x08009b3c   0x0000002c   Code   RO         5523    i.shellHelp         shell.o
    0x08009b68   0x08009b68   0x000000c2   Code   RO         5524    i.shellHistory      shell.o
    0x08009c2a   0x08009c2a   0x0000007a   Code   RO         5525    i.shellHistoryAdd   shell.o
    0x08009ca4   0x08009ca4   0x00000012   Code   RO         5528    i.shellKeys         shell.o
    0x08009cb6   0x08009cb6   0x0000001a   Code   RO         5529    i.shellLeft         shell.o
    0x08009cd0   0x08009cd0   0x0000000c   Code   RO         5530    i.shellListAll      shell.o
    0x08009cdc   0x08009cdc   0x0000004c   Code   RO         5531    i.shellListCommand  shell.o
    0x08009d28   0x08009d28   0x000000fc   Code   RO         5532    i.shellListItem     shell.o
    0x08009e24   0x08009e24   0x00000058   Code   RO         5533    i.shellListKey      shell.o
    0x08009e7c   0x08009e7c   0x00000058   Code   RO         5534    i.shellListUser     shell.o
    0x08009ed4   0x08009ed4   0x00000058   Code   RO         5535    i.shellListVar      shell.o
    0x08009f2c   0x08009f2c   0x0000008e   Code   RO         5537    i.shellParserParam  shell.o
    0x08009fba   0x08009fba   0x00000068   Code   RO         5540    i.shellRemoveParamQuotes  shell.o
    0x0800a022   0x0800a022   0x0000001e   Code   RO         5541    i.shellRight        shell.o
    0x0800a040   0x0800a040   0x000000ae   Code   RO         5543    i.shellRunCommand   shell.o
    0x0800a0ee   0x0800a0ee   0x0000007a   Code   RO         5545    i.shellSeekCommand  shell.o
    0x0800a168   0x0800a168   0x0000005c   Code   RO         5546    i.shellSetUser      shell.o
    0x0800a1c4   0x0800a1c4   0x00000070   Code   RO         5547    i.shellSetVar       shell.o
    0x0800a234   0x0800a234   0x00000090   Code   RO         5548    i.shellSetVarValue  shell.o
    0x0800a2c4   0x0800a2c4   0x000000c0   Code   RO         5549    i.shellShowVar      shell.o
    0x0800a384   0x0800a384   0x0000002c   Code   RO         5550    i.shellStringCompare  shell.o
    0x0800a3b0   0x0800a3b0   0x00000018   Code   RO         5551    i.shellStringCopy   shell.o
    0x0800a3c8   0x0800a3c8   0x00000160   Code   RO         5552    i.shellTab          shell.o
    0x0800a528   0x0800a528   0x00000056   Code   RO         5554    i.shellToDec        shell.o
    0x0800a57e   0x0800a57e   0x00000038   Code   RO         5555    i.shellToHex        shell.o
    0x0800a5b6   0x0800a5b6   0x0000000e   Code   RO         5556    i.shellUp           shell.o
    0x0800a5c4   0x0800a5c4   0x00000012   Code   RO         5557    i.shellUsers        shell.o
    0x0800a5d6   0x0800a5d6   0x00000012   Code   RO         5558    i.shellVars         shell.o
    0x0800a5e8   0x0800a5e8   0x0000000e   Code   RO         5559    i.shellWriteByte    shell.o
    0x0800a5f6   0x0800a5f6   0x00000002   PAD
    0x0800a5f8   0x0800a5f8   0x0000005c   Code   RO         5560    i.shellWriteCommandDesc  shell.o
    0x0800a654   0x0800a654   0x0000006c   Code   RO         5561    i.shellWriteCommandHelp  shell.o
    0x0800a6c0   0x0800a6c0   0x00000068   Code   RO         5563    i.shellWritePrompt  shell.o
    0x0800a728   0x0800a728   0x0000008c   Code   RO         5564    i.shellWriteReturnValue  shell.o
    0x0800a7b4   0x0800a7b4   0x00000030   Code   RO         5565    i.shellWriteString  shell.o
    0x0800a7e4   0x0800a7e4   0x0000006e   Code   RO         7157    i.sqrt              m_wm.l(sqrt.o)
    0x0800a852   0x0800a852   0x00000002   PAD
    0x0800a854   0x0800a854   0x00000114   Code   RO         6677    i.straight_line     chassis_task.o
    0x0800a968   0x0800a968   0x00000122   Code   RO         6433    i.sw_judge          bsp_sbus.o
    0x0800aa8a   0x0800aa8a   0x0000000a   Code   RO         6953    i.test_task         test_task.o
    0x0800aa94   0x0800aa94   0x0000001e   Code   RO          646    i.timestamp         usart.o
    0x0800aab2   0x0800aab2   0x00000002   PAD
    0x0800aab4   0x0800aab4   0x000000f0   Code   RO         6678    i.turn              chassis_task.o
    0x0800aba4   0x0800aba4   0x00000048   Code   RO         6434    i.uart_receive_dma_no_it  bsp_sbus.o
    0x0800abec   0x0800abec   0x00000022   Code   RO         6435    i.uart_receive_handler  bsp_sbus.o
    0x0800ac0e   0x0800ac0e   0x00000002   PAD
    0x0800ac10   0x0800ac10   0x00000070   Code   RO         6436    i.uart_rx_idle_callback  bsp_sbus.o
    0x0800ac80   0x0800ac80   0x00000028   Code   RO         4288    i.uxListRemove      list.o
    0x0800aca8   0x0800aca8   0x00000018   Code   RO          386    i.vApplicationGetIdleTaskMemory  freertos.o
    0x0800acc0   0x0800acc0   0x0000001a   Code   RO         4289    i.vListInitialise   list.o
    0x0800acda   0x0800acda   0x00000006   Code   RO         4290    i.vListInitialiseItem  list.o
    0x0800ace0   0x0800ace0   0x00000034   Code   RO         4291    i.vListInsert       list.o
    0x0800ad14   0x0800ad14   0x00000018   Code   RO         4292    i.vListInsertEnd    list.o
    0x0800ad2c   0x0800ad2c   0x00000054   Code   RO         5430    i.vPortEnterCritical  port.o
    0x0800ad80   0x0800ad80   0x0000003c   Code   RO         5431    i.vPortExitCritical  port.o
    0x0800adbc   0x0800adbc   0x000000a4   Code   RO         5361    i.vPortFree         heap_4.o
    0x0800ae60   0x0800ae60   0x00000028   Code   RO         5432    i.vPortSetupTimerInterrupt  port.o
    0x0800ae88   0x0800ae88   0x0000005c   Code   RO         4678    i.vTaskDelay        tasks.o
    0x0800aee4   0x0800aee4   0x00000018   Code   RO         4681    i.vTaskInternalSetTimeOutState  tasks.o
    0x0800aefc   0x0800aefc   0x0000000c   Code   RO         4682    i.vTaskMissedYield  tasks.o
    0x0800af08   0x0800af08   0x00000038   Code   RO         4684    i.vTaskPlaceOnEventList  tasks.o
    0x0800af40   0x0800af40   0x000000b0   Code   RO         4691    i.vTaskStartScheduler  tasks.o
    0x0800aff0   0x0800aff0   0x00000010   Code   RO         4693    i.vTaskSuspendAll   tasks.o
    0x0800b000   0x0800b000   0x0000008c   Code   RO         4694    i.vTaskSwitchContext  tasks.o
    0x0800b08c   0x0800b08c   0x00000430   Code   RO         6188    i.var               commend.o
    0x0800b4bc   0x0800b4bc   0x00000048   Code   RO         6190    i.var_init          commend.o
    0x0800b504   0x0800b504   0x00000070   Code   RO         6191    i.var_register      commend.o
    0x0800b574   0x0800b574   0x00000168   Code   RO         5434    i.xPortStartScheduler  port.o
    0x0800b6dc   0x0800b6dc   0x00000022   Code   RO         4342    i.xQueueCreateMutex  queue.o
    0x0800b6fe   0x0800b6fe   0x0000002a   Code   RO         4343    i.xQueueCreateMutexStatic  queue.o
    0x0800b728   0x0800b728   0x0000005a   Code   RO         4344    i.xQueueGenericCreate  queue.o
    0x0800b782   0x0800b782   0x000000e0   Code   RO         4345    i.xQueueGenericCreateStatic  queue.o
    0x0800b862   0x0800b862   0x00000002   PAD
    0x0800b864   0x0800b864   0x00000098   Code   RO         4346    i.xQueueGenericReset  queue.o
    0x0800b8fc   0x0800b8fc   0x000001a8   Code   RO         4347    i.xQueueGenericSend  queue.o
    0x0800baa4   0x0800baa4   0x0000008c   Code   RO         4696    i.xTaskCheckForTimeOut  tasks.o
    0x0800bb30   0x0800bb30   0x00000064   Code   RO         4697    i.xTaskCreate       tasks.o
    0x0800bb94   0x0800bb94   0x000000ba   Code   RO         4698    i.xTaskCreateStatic  tasks.o
    0x0800bc4e   0x0800bc4e   0x00000002   PAD
    0x0800bc50   0x0800bc50   0x00000020   Code   RO         4702    i.xTaskGetSchedulerState  tasks.o
    0x0800bc70   0x0800bc70   0x00000148   Code   RO         4705    i.xTaskIncrementTick  tasks.o
    0x0800bdb8   0x0800bdb8   0x000000c8   Code   RO         4708    i.xTaskPriorityDisinherit  tasks.o
    0x0800be80   0x0800be80   0x00000098   Code   RO         4710    i.xTaskRemoveFromEventList  tasks.o
    0x0800bf18   0x0800bf18   0x00000104   Code   RO         4711    i.xTaskResumeAll    tasks.o
    0x0800c01c   0x0800c01c   0x00000054   Data   RO          388    .constdata          freertos.o
    0x0800c070   0x0800c070   0x00000008   Data   RO         1784    .constdata          stm32f4xx_hal_dma.o
    0x0800c078   0x0800c078   0x00000018   Data   RO         4152    .constdata          system_stm32f4xx.o
    0x0800c090   0x0800c090   0x000000e3   Data   RO         5567    .constdata          shell.o
    0x0800c173   0x0800c173   0x00000075   Data   RO         6027    .constdata          log.o
    0x0800c1e8   0x0800c1e8   0x0000001f   Data   RO         6193    .constdata          commend.o
    0x0800c207   0x0800c207   0x00000001   PAD
    0x0800c208   0x0800c208   0x00000088   Data   RO         7132    .constdata          m_wm.l(pow.o)
    0x0800c290   0x0800c290   0x00000030   Data   RO         7526    .constdata          m_wm.l(cos_i.o)
    0x0800c2c0   0x0800c2c0   0x00000008   Data   RO         7546    .constdata          m_wm.l(qnan.o)
    0x0800c2c8   0x0800c2c8   0x000000c8   Data   RO         7549    .constdata          m_wm.l(rred.o)
    0x0800c390   0x0800c390   0x00000028   Data   RO         7553    .constdata          m_wm.l(sin_i.o)
    0x0800c3b8   0x0800c3b8   0x00000060   Data   RO         7559    .constdata          m_wm.l(tan_i.o)
    0x0800c418   0x0800c418   0x00000081   Data   RO         7638    .constdata          mc_w.l(ctype_o.o)
    0x0800c499   0x0800c499   0x00000003   PAD
    0x0800c49c   0x0800c49c   0x00000004   Data   RO         7639    .constdata          mc_w.l(ctype_o.o)
    0x0800c4a0   0x0800c4a0   0x0000001d   Data   RO          389    .conststring        freertos.o
    0x0800c4bd   0x0800c4bd   0x00000003   PAD
    0x0800c4c0   0x0800c4c0   0x000002a1   Data   RO         5568    .conststring        shell.o
    0x0800c761   0x0800c761   0x00000003   PAD
    0x0800c764   0x0800c764   0x00000048   Data   RO         6028    .conststring        log.o
    0x0800c7ac   0x0800c7ac   0x00000020   Data   RO         7676    Region$$Table       anon$$obj.o
    0x0800c7cc   0x0800c7cc   0x00000120   Data   RO         5570    shellCommand        shell.o
    0x0800c8ec   0x0800c8ec   0x00000030   Data   RO         6029    shellCommand        log.o
    0x0800c91c   0x0800c91c   0x00000010   Data   RO         6195    shellCommand        commend.o


    Execution Region RW_IRAM2 (Exec base: 0x10000000, Load base: 0x0800c9ac, Size: 0x00000000, Max: 0x00010000, ABSOLUTE)

    **** No section assigned to this execution region ****


    Execution Region RW_IRAM1 (Exec base: 0x20000000, Load base: 0x0800c92c, Size: 0x00006908, Max: 0x00030000, ABSOLUTE, COMPRESSED[0x00000080])

    Exec Addr    Load Addr    Size         Type   Attr      Idx    E Section Name        Object

    0x20000000   COMPRESSED   0x00000002   Data   RW           19    .data               main.o
    0x20000002   COMPRESSED   0x00000002   PAD
    0x20000004   COMPRESSED   0x00000010   Data   RW          390    .data               freertos.o
    0x20000014   COMPRESSED   0x00000004   Data   RW          478    .data               can.o
    0x20000018   COMPRESSED   0x00000038   Data   RW          648    .data               usart.o
    0x20000050   COMPRESSED   0x00000009   Data   RW         2236    .data               stm32f4xx_hal.o
    0x20000059   COMPRESSED   0x00000003   PAD
    0x2000005c   COMPRESSED   0x00000004   Data   RW         4153    .data               system_stm32f4xx.o
    0x20000060   COMPRESSED   0x0000003c   Data   RW         4714    .data               tasks.o
    0x2000009c   COMPRESSED   0x00000020   Data   RW         5367    .data               heap_4.o
    0x200000bc   COMPRESSED   0x0000000c   Data   RW         5435    .data               port.o
    0x200000c8   COMPRESSED   0x00000054   Data   RW         5569    .data               shell.o
    0x2000011c   COMPRESSED   0x00000004   PAD
    0x20000120   COMPRESSED   0x00000018   Data   RW         6194    .data               commend.o
    0x20000138   COMPRESSED   0x00000010   Data   RW         6680    .data               chassis_task.o
    0x20000148   COMPRESSED   0x00000060   Data   RW         6851    .data               led_task.o
    0x200001a8   COMPRESSED   0x000000e9   Data   RW         6955    .data               test_task.o
    0x20000291   COMPRESSED   0x00000003   PAD
    0x20000294   COMPRESSED   0x00000004   Data   RW         7580    .data               mc_w.l(stdout.o)
    0x20000298   COMPRESSED   0x00000004   Data   RW         7589    .data               mc_w.l(mvars.o)
    0x2000029c   COMPRESSED   0x00000004   Data   RW         7590    .data               mc_w.l(mvars.o)
    0x200002a0   COMPRESSED   0x00000004   Data   RW         7594    .data               mc_w.l(errno.o)
    0x200002a4        -       0x00000254   Zero   RW          387    .bss                freertos.o
    0x200004f8        -       0x00000050   Zero   RW          477    .bss                can.o
    0x20000548        -       0x00000058   Zero   RW          552    .bss                spi.o
    0x200005a0        -       0x00000048   Zero   RW          594    .bss                tim.o
    0x200005e8        -       0x00000790   Zero   RW          647    .bss                usart.o
    0x20000d78        -       0x00000018   Zero   RW          773    .bss                stm32f4xx_it.o
    0x20000d90        -       0x00000048   Zero   RW          938    .bss                stm32f4xx_hal_timebase_tim.o
    0x20000dd8        -       0x000000f0   Zero   RW         4713    .bss                tasks.o
    0x20000ec8        -       0x00003c00   Zero   RW         5366    .bss                heap_4.o
    0x20004ac8        -       0x0000001d   Zero   RW         5566    .bss                shell.o
    0x20004ae5   COMPRESSED   0x00000003   PAD
    0x20004ae8        -       0x00000114   Zero   RW         6026    .bss                log.o
    0x20004bfc        -       0x00000340   Zero   RW         6346    .bss                bsp_can.o
    0x20004f3c        -       0x0000003b   Zero   RW         6437    .bss                bsp_sbus.o
    0x20004f77   COMPRESSED   0x00000001   PAD
    0x20004f78        -       0x00001114   Zero   RW         6679    .bss                chassis_task.o
    0x2000608c        -       0x000001b0   Zero   RW         6850    .bss                led_task.o
    0x2000623c        -       0x000000c8   Zero   RW         6954    .bss                test_task.o
    0x20006304   COMPRESSED   0x00000004   PAD
    0x20006308        -       0x00000200   Zero   RW            2    HEAP                startup_stm32f427xx.o
    0x20006508        -       0x00000400   Zero   RW            1    STACK               startup_stm32f427xx.o


==============================================================================

Image component sizes


      Code (inc. data)   RO Data    RW Data    ZI Data      Debug   Object Name

       950         30          0          0        832       8151   bsp_can.o
      1032         22          0          0         59       5834   bsp_sbus.o
       524         42          0          4         80       2474   can.o
         0          0          0          0          0        916   chassis_behaviour.o
      1128        100          0         16       4372       6708   chassis_task.o
       168          0          0          0          0      23703   cmsis_os.o
      1256        406         47         24          0       4604   commend.o
       152          6          0          0          0        838   dma.o
         0          0          0          0          0      19988   event_groups.o
       140         32        113         16        596      33909   freertos.o
       592         36          0          0          0     754635   gpio.o
       724         74          0         32      15360       7431   heap_4.o
      1200        150          0         96        432       5348   led_task.o
       148          0          0          0          0       3578   list.o
       920        238        237          0        276      14317   log.o
       450         64          0          2          0     758576   main.o
       768         18          0          0          0       4813   pid.o
       894         78          0         12          0      11160   port.o
      1316         10          0          0          0      14381   queue.o
      4146        202       1188         84         29      45036   shell.o
        34          0          0          0          0       1180   shell_companion.o
       846         12          0          0          0       6898   shell_ext.o
       212         22          0          0         88       1689   spi.o
        36          8        428          0       1536        836   startup_stm32f427xx.o
        96         20          0          9          0       8234   stm32f4xx_hal.o
      2188          6          0          0          0      15053   stm32f4xx_hal_can.o
       252         22          0          0          0      33686   stm32f4xx_hal_cortex.o
      1538         16          8          0          0       7934   stm32f4xx_hal_dma.o
       556         54          0          0          0       2807   stm32f4xx_hal_gpio.o
        84          6          0          0          0        862   stm32f4xx_hal_msp.o
       140         12          0          0          0       1284   stm32f4xx_hal_pwr_ex.o
      1888         94          0          0          0       6281   stm32f4xx_hal_rcc.o
       200          0          0          0          0       1187   stm32f4xx_hal_spi.o
      1286         76          0          0          0       9707   stm32f4xx_hal_tim.o
       184         30          0          0          0       2501   stm32f4xx_hal_tim_ex.o
       180         20          0          0         72       1476   stm32f4xx_hal_timebase_tim.o
      3152         26          0          0          0      18525   stm32f4xx_hal_uart.o
       530        142          0          0         24      13016   stm32f4xx_it.o
         0          0          0          0          0        392   stream_buffer.o
        20          6         24          4          0       1135   system_stm32f4xx.o
      2774        340          0         60        240      25948   tasks.o
        10          0          0        233        200       2509   test_task.o
       176         14          0          0         72       1686   tim.o
      2862        250          0         56       1936      11492   usart.o

    ----------------------------------------------------------------------
     35804       2684       2084        660      26212    1902718   Object Totals
         0          0         32          0          0          0   (incl. Generated)
        52          0          7         12          8          0   (incl. Padding)

    ----------------------------------------------------------------------

      Code (inc. data)   RO Data    RW Data    ZI Data      Debug   Library Member Name

        56         12          0          0          0        132   atof.o
       200         20          0          0          0        164   cos.o
       368         46         48          0          0        200   cos_i.o
       184         44          0          0          0        744   dunder.o
        24          0          0          0          0        124   fabs.o
        48          0          0          0          0        124   fpclassify.o
       248          0          0          0          0        152   poly.o
      3152        296        136          0          0        352   pow.o
         0          0          8          0          0          0   qnan.o
      1080        142        200          0          0        188   rred.o
       304         24         40          0          0        208   sin_i.o
       110          0          0          0          0        148   sqrt.o
       128         20          0          0          0        144   tan.o
       848         84         96          0          0        196   tan_i.o
        86          0          0          0          0          0   __dczerorl2.o
        28          0          0          0          0         68   _chval.o
        64          0          0          0          0         84   _sgetc.o
       158          0          0          0          0         92   _strtoul.o
        26          0          0          0          0         80   atoi.o
         8          4        133          0          0         68   ctype_o.o
         0          0          0          0          0          0   entry.o
         0          0          0          0          0          0   entry10a.o
         0          0          0          0          0          0   entry11a.o
         4          0          0          0          0          0   entry12b.o
         8          4          0          0          0          0   entry2.o
         4          0          0          0          0          0   entry5.o
         0          0          0          0          0          0   entry7b.o
         0          0          0          0          0          0   entry8b.o
         8          4          0          0          0          0   entry9a.o
        32         16          0          4          0        204   errno.o
        30          0          0          0          0          0   handlers.o
        36          8          0          0          0         68   init.o
        18          0          0          0          0         76   isspace_o.o
         0          0          0          0          0          0   iusefp.o
        30          0          0          0          0         68   llshl.o
        36          0          0          0          0         68   llsshr.o
        32          0          0          0          0         68   llushr.o
       108         16          0          0          0         84   malloc.o
        36          0          0          0          0         68   memcpya.o
        36          0          0          0          0        108   memseta.o
         0          0          0          8          0          0   mvars.o
      2394        106          0          0          0        852   printfa.o
       878         12          0          0          0        216   scanf_fp.o
         0          0          0          4          0          0   stdout.o
        28          0          0          0          0         76   strcmp.o
        18          0          0          0          0         68   strcpy.o
        14          0          0          0          0         68   strlen.o
        30          0          0          0          0         80   strncmp.o
       156         12          0          0          0        120   strtod.o
       112          0          0          0          0         88   strtol.o
        44          0          0          0          0         80   uidiv.o
        98          0          0          0          0         92   uldiv.o
        48          0          0          0          0         68   cdrcmple.o
        56          0          0          0          0         88   d2f.o
       334          0          0          0          0        148   dadd.o
       222          0          0          0          0        100   ddiv.o
       186          0          0          0          0        176   depilogue.o
        62          0          0          0          0         80   dfixi.o
        48          0          0          0          0         68   dfixul.o
        34          0          0          0          0         76   dflti.o
        26          0          0          0          0         76   dfltui.o
        24          0          0          0          0         76   dfltul.o
       228          0          0          0          0         96   dmul.o
        46          0          0          0          0         80   dscalb.o
       162          0          0          0          0        100   dsqrt.o
        38          0          0          0          0         68   f2d.o
       110          0          0          0          0        168   fepilogue.o

    ----------------------------------------------------------------------
     12948        874        664         16          0       7288   Library Totals
        14          4          3          0          0          0   (incl. Padding)

    ----------------------------------------------------------------------

      Code (inc. data)   RO Data    RW Data    ZI Data      Debug   Library Name

      6750        688        528          0          0       2876   m_wm.l
      4560        182        133         16          0       2944   mc_w.l
      1624          0          0          0          0       1468   mf_w.l

    ----------------------------------------------------------------------
     12948        874        664         16          0       7288   Library Totals

    ----------------------------------------------------------------------

==============================================================================


      Code (inc. data)   RO Data    RW Data    ZI Data      Debug   

     48752       3558       2748        676      26212    1877246   Grand Totals
     48752       3558       2748        128      26212    1877246   ELF Image Totals (compressed)
     48752       3558       2748        128          0          0   ROM Totals

==============================================================================

    Total RO  Size (Code + RO Data)                51500 (  50.29kB)
    Total RW  Size (RW Data + ZI Data)             26888 (  26.26kB)
    Total ROM Size (Code + RO Data + RW Data)      51628 (  50.42kB)

==============================================================================

