Component: ARM Compiler 5.06 update 7 (build 960) Tool: armlink [4d3601]

==============================================================================

Section Cross References

    startup_stm32f427xx.o(RESET) refers to startup_stm32f427xx.o(STACK) for __initial_sp
    startup_stm32f427xx.o(RESET) refers to startup_stm32f427xx.o(.text) for Reset_Handler
    startup_stm32f427xx.o(RESET) refers to stm32f4xx_it.o(i.NMI_Handler) for NMI_Handler
    startup_stm32f427xx.o(RESET) refers to stm32f4xx_it.o(i.HardFault_Handler) for HardFault_Handler
    startup_stm32f427xx.o(RESET) refers to stm32f4xx_it.o(i.MemManage_Handler) for MemManage_Handler
    startup_stm32f427xx.o(RESET) refers to stm32f4xx_it.o(i.BusFault_Handler) for BusFault_Handler
    startup_stm32f427xx.o(RESET) refers to stm32f4xx_it.o(i.UsageFault_Handler) for UsageFault_Handler
    startup_stm32f427xx.o(RESET) refers to port.o(.emb_text) for SVC_Handler
    startup_stm32f427xx.o(RESET) refers to stm32f4xx_it.o(i.DebugMon_Handler) for DebugMon_Handler
    startup_stm32f427xx.o(RESET) refers to port.o(i.SysTick_Handler) for SysTick_Handler
    startup_stm32f427xx.o(RESET) refers to stm32f4xx_it.o(i.DMA1_Stream3_IRQHandler) for DMA1_Stream3_IRQHandler
    startup_stm32f427xx.o(RESET) refers to stm32f4xx_it.o(i.DMA1_Stream5_IRQHandler) for DMA1_Stream5_IRQHandler
    startup_stm32f427xx.o(RESET) refers to stm32f4xx_it.o(i.DMA1_Stream6_IRQHandler) for DMA1_Stream6_IRQHandler
    startup_stm32f427xx.o(RESET) refers to stm32f4xx_it.o(i.CAN1_TX_IRQHandler) for CAN1_TX_IRQHandler
    startup_stm32f427xx.o(RESET) refers to stm32f4xx_it.o(i.CAN1_RX0_IRQHandler) for CAN1_RX0_IRQHandler
    startup_stm32f427xx.o(RESET) refers to stm32f4xx_it.o(i.TIM2_IRQHandler) for TIM2_IRQHandler
    startup_stm32f427xx.o(RESET) refers to stm32f4xx_it.o(i.USART1_IRQHandler) for USART1_IRQHandler
    startup_stm32f427xx.o(RESET) refers to stm32f4xx_it.o(i.USART2_IRQHandler) for USART2_IRQHandler
    startup_stm32f427xx.o(RESET) refers to stm32f4xx_it.o(i.USART3_IRQHandler) for USART3_IRQHandler
    startup_stm32f427xx.o(RESET) refers to stm32f4xx_it.o(i.TIM8_TRG_COM_TIM14_IRQHandler) for TIM8_TRG_COM_TIM14_IRQHandler
    startup_stm32f427xx.o(RESET) refers to stm32f4xx_it.o(i.DMA2_Stream1_IRQHandler) for DMA2_Stream1_IRQHandler
    startup_stm32f427xx.o(RESET) refers to stm32f4xx_it.o(i.DMA2_Stream2_IRQHandler) for DMA2_Stream2_IRQHandler
    startup_stm32f427xx.o(RESET) refers to stm32f4xx_it.o(i.CAN2_TX_IRQHandler) for CAN2_TX_IRQHandler
    startup_stm32f427xx.o(RESET) refers to stm32f4xx_it.o(i.CAN2_RX0_IRQHandler) for CAN2_RX0_IRQHandler
    startup_stm32f427xx.o(RESET) refers to stm32f4xx_it.o(i.USART6_IRQHandler) for USART6_IRQHandler
    startup_stm32f427xx.o(RESET) refers to stm32f4xx_it.o(i.UART7_IRQHandler) for UART7_IRQHandler
    startup_stm32f427xx.o(RESET) refers to stm32f4xx_it.o(i.UART8_IRQHandler) for UART8_IRQHandler
    startup_stm32f427xx.o(.text) refers to system_stm32f4xx.o(i.SystemInit) for SystemInit
    startup_stm32f427xx.o(.text) refers to entry.o(.ARM.Collect$$$$00000000) for __main
    main.o(i.HAL_TIM_PeriodElapsedCallback) refers to stm32f4xx_hal.o(i.HAL_IncTick) for HAL_IncTick
    main.o(i.SystemClock_Config) refers to memseta.o(.text) for __aeabi_memclr4
    main.o(i.SystemClock_Config) refers to stm32f4xx_hal_rcc.o(i.HAL_RCC_OscConfig) for HAL_RCC_OscConfig
    main.o(i.SystemClock_Config) refers to main.o(i.Error_Handler) for Error_Handler
    main.o(i.SystemClock_Config) refers to stm32f4xx_hal_pwr_ex.o(i.HAL_PWREx_EnableOverDrive) for HAL_PWREx_EnableOverDrive
    main.o(i.SystemClock_Config) refers to stm32f4xx_hal_rcc.o(i.HAL_RCC_ClockConfig) for HAL_RCC_ClockConfig
    main.o(i.fputc) refers to stm32f4xx_hal_uart.o(i.HAL_UART_Transmit) for HAL_UART_Transmit
    main.o(i.fputc) refers to usart.o(.bss) for huart6
    main.o(i.main) refers to stm32f4xx_hal.o(i.HAL_Init) for HAL_Init
    main.o(i.main) refers to main.o(i.SystemClock_Config) for SystemClock_Config
    main.o(i.main) refers to gpio.o(i.MX_GPIO_Init) for MX_GPIO_Init
    main.o(i.main) refers to dma.o(i.MX_DMA_Init) for MX_DMA_Init
    main.o(i.main) refers to can.o(i.MX_CAN1_Init) for MX_CAN1_Init
    main.o(i.main) refers to can.o(i.MX_CAN2_Init) for MX_CAN2_Init
    main.o(i.main) refers to spi.o(i.MX_SPI4_Init) for MX_SPI4_Init
    main.o(i.main) refers to usart.o(i.MX_USART1_UART_Init) for MX_USART1_UART_Init
    main.o(i.main) refers to usart.o(i.MX_USART2_UART_Init) for MX_USART2_UART_Init
    main.o(i.main) refers to usart.o(i.MX_USART3_UART_Init) for MX_USART3_UART_Init
    main.o(i.main) refers to usart.o(i.MX_USART6_UART_Init) for MX_USART6_UART_Init
    main.o(i.main) refers to usart.o(i.MX_UART7_Init) for MX_UART7_Init
    main.o(i.main) refers to tim.o(i.MX_TIM2_Init) for MX_TIM2_Init
    main.o(i.main) refers to usart.o(i.MX_UART8_Init) for MX_UART8_Init
[...]
    HAL_TIMEx_BreakCallback                  0x0800302d   Thumb Code     2  stm32f4xx_hal_tim_ex.o(i.HAL_TIMEx_BreakCallback)
    HAL_TIMEx_CommutCallback                 0x0800302f   Thumb Code     2  stm32f4xx_hal_tim_ex.o(i.HAL_TIMEx_CommutCallback)
    HAL_TIMEx_MasterConfigSynchronization    0x08003031   Thumb Code   150  stm32f4xx_hal_tim_ex.o(i.HAL_TIMEx_MasterConfigSynchronization)
    HAL_TIM_Base_Init                        0x080030e5   Thumb Code   102  stm32f4xx_hal_tim.o(i.HAL_TIM_Base_Init)
    HAL_TIM_Base_MspInit                     0x0800314d   Thumb Code    62  tim.o(i.HAL_TIM_Base_MspInit)
    HAL_TIM_Base_Start_IT                    0x08003191   Thumb Code   138  stm32f4xx_hal_tim.o(i.HAL_TIM_Base_Start_IT)
    HAL_TIM_ConfigClockSource                0x08003239   Thumb Code   268  stm32f4xx_hal_tim.o(i.HAL_TIM_ConfigClockSource)
    HAL_TIM_IC_CaptureCallback               0x08003345   Thumb Code     2  stm32f4xx_hal_tim.o(i.HAL_TIM_IC_CaptureCallback)
    HAL_TIM_IRQHandler                       0x08003347   Thumb Code   406  stm32f4xx_hal_tim.o(i.HAL_TIM_IRQHandler)
    HAL_TIM_OC_DelayElapsedCallback          0x080034dd   Thumb Code     2  stm32f4xx_hal_tim.o(i.HAL_TIM_OC_DelayElapsedCallback)
    HAL_TIM_PWM_PulseFinishedCallback        0x080034df   Thumb Code     2  stm32f4xx_hal_tim.o(i.HAL_TIM_PWM_PulseFinishedCallback)
    HAL_TIM_PeriodElapsedCallback            0x080034e1   Thumb Code    18  main.o(i.HAL_TIM_PeriodElapsedCallback)
    HAL_TIM_TriggerCallback                  0x080034f9   Thumb Code     2  stm32f4xx_hal_tim.o(i.HAL_TIM_TriggerCallback)
    HAL_UARTEx_RxEventCallback               0x080034fb   Thumb Code     2  stm32f4xx_hal_uart.o(i.HAL_UARTEx_RxEventCallback)
    HAL_UART_DMAStop                         0x080034fd   Thumb Code   138  stm32f4xx_hal_uart.o(i.HAL_UART_DMAStop)
    HAL_UART_ErrorCallback                   0x08003587   Thumb Code     2  stm32f4xx_hal_uart.o(i.HAL_UART_ErrorCallback)
    HAL_UART_IRQHandler                      0x08003589   Thumb Code   732  stm32f4xx_hal_uart.o(i.HAL_UART_IRQHandler)
    HAL_UART_Init                            0x08003869   Thumb Code   114  stm32f4xx_hal_uart.o(i.HAL_UART_Init)
    HAL_UART_MspInit                         0x080038dd   Thumb Code  1226  usart.o(i.HAL_UART_MspInit)
    HAL_UART_Receive_DMA                     0x08003db5   Thumb Code    66  stm32f4xx_hal_uart.o(i.HAL_UART_Receive_DMA)
    HAL_UART_Receive_IT                      0x08003df7   Thumb Code    66  stm32f4xx_hal_uart.o(i.HAL_UART_Receive_IT)
    HAL_UART_RxCpltCallback                  0x08003e39   Thumb Code   254  usart.o(i.HAL_UART_RxCpltCallback)
    HAL_UART_RxHalfCpltCallback              0x08003f59   Thumb Code     2  stm32f4xx_hal_uart.o(i.HAL_UART_RxHalfCpltCallback)
    HAL_UART_Transmit                        0x08003f5b   Thumb Code   210  stm32f4xx_hal_uart.o(i.HAL_UART_Transmit)
    HAL_UART_TxCpltCallback                  0x0800402d   Thumb Code     2  stm32f4xx_hal_uart.o(i.HAL_UART_TxCpltCallback)
    HardFault_Handler                        0x0800402f   Thumb Code     4  stm32f4xx_it.o(i.HardFault_Handler)
    Left_Handed_Rotation                     0x08004035   Thumb Code   508  led_task.o(i.Left_Handed_Rotation)
    MX_CAN1_Init                             0x0800427d   Thumb Code    60  can.o(i.MX_CAN1_Init)
    MX_CAN2_Init                             0x080042c1   Thumb Code    60  can.o(i.MX_CAN2_Init)
    MX_DMA_Init                              0x08004305   Thumb Code   146  dma.o(i.MX_DMA_Init)
    MX_FREERTOS_Init                         0x0800439d   Thumb Code    94  freertos.o(i.MX_FREERTOS_Init)
    MX_GPIO_Init                             0x08004411   Thumb Code   556  gpio.o(i.MX_GPIO_Init)
    MX_SPI4_Init                             0x08004661   Thumb Code    66  spi.o(i.MX_SPI4_Init)
    MX_TIM2_Init                             0x080046ad   Thumb Code   100  tim.o(i.MX_TIM2_Init)
    MX_UART7_Init                            0x08004719   Thumb Code    46  usart.o(i.MX_UART7_Init)
    MX_UART8_Init                            0x08004751   Thumb Code    46  usart.o(i.MX_UART8_Init)
    MX_USART1_UART_Init                      0x08004789   Thumb Code    44  usart.o(i.MX_USART1_UART_Init)
    MX_USART2_UART_Init                      0x080047c1   Thumb Code    46  usart.o(i.MX_USART2_UART_Init)
    MX_USART3_UART_Init                      0x080047f9   Thumb Code    46  usart.o(i.MX_USART3_UART_Init)
    MX_USART6_UART_Init                      0x08004831   Thumb Code    46  usart.o(i.MX_USART6_UART_Init)
    MemManage_Handler                        0x08004869   Thumb Code     4  stm32f4xx_it.o(i.MemManage_Handler)
    NMI_Handler                              0x0800486d   Thumb Code     4  stm32f4xx_it.o(i.NMI_Handler)
    PID_struct_init                          0x08004871   Thumb Code   142  pid.o(i.PID_struct_init)
    Patrol_execution                         0x0800490d   Thumb Code   210  led_task.o(i.Patrol_execution)
    Right_Handed_Rotation                    0x08004a11   Thumb Code   538  led_task.o(i.Right_Handed_Rotation)
    SysTick_Handler                          0x08004c85   Thumb Code    46  port.o(i.SysTick_Handler)
    SystemClock_Config                       0x08004cb9   Thumb Code   184  main.o(i.SystemClock_Config)
    SystemInit                               0x08004d79   Thumb Code    14  system_stm32f4xx.o(i.SystemInit)
    TIM2_IRQHandler                          0x08004d8d   Thumb Code    10  stm32f4xx_it.o(i.TIM2_IRQHandler)
    TIM8_TRG_COM_TIM14_IRQHandler            0x08004d9d   Thumb Code    10  stm32f4xx_it.o(i.TIM8_TRG_COM_TIM14_IRQHandler)
    TIM_Base_SetConfig                       0x08004dad   Thumb Code   170  stm32f4xx_hal_tim.o(i.TIM_Base_SetConfig)
    TIM_ETR_SetConfig                        0x08004e85   Thumb Code    22  stm32f4xx_hal_tim.o(i.TIM_ETR_SetConfig)
    Test_Attitude_judgment                   0x08004efd   Thumb Code   116  led_task.o(i.Test_Attitude_judgment)
    UART7_IRQHandler                         0x08004f8d   Thumb Code    10  stm32f4xx_it.o(i.UART7_IRQHandler)
    UART8_IRQHandler                         0x08004f9d   Thumb Code   200  stm32f4xx_it.o(i.UART8_IRQHandler)
    UART_Start_Receive_DMA                   0x080055a1   Thumb Code   196  stm32f4xx_hal_uart.o(i.UART_Start_Receive_DMA)
    UART_Start_Receive_IT                    0x08005671   Thumb Code    74  stm32f4xx_hal_uart.o(i.UART_Start_Receive_IT)
    USART1_IRQHandler                        0x080057ad   Thumb Code    16  stm32f4xx_it.o(i.USART1_IRQHandler)
    USART2_IRQHandler                        0x080057c1   Thumb Code    10  stm32f4xx_it.o(i.USART2_IRQHandler)
    USART3_IRQHandler                        0x080057d1   Thumb Code    10  stm32f4xx_it.o(i.USART3_IRQHandler)
    USART6_IRQHandler                        0x080057e1   Thumb Code    10  stm32f4xx_it.o(i.USART6_IRQHandler)
    UsageFault_Handler                       0x080057f1   Thumb Code     4  stm32f4xx_it.o(i.UsageFault_Handler)
    __0printf                                0x080057f5   Thumb Code    22  printfa.o(i.__0printf)
    __1printf                                0x080057f5   Thumb Code     0  printfa.o(i.__0printf)
    __2printf                                0x080057f5   Thumb Code     0  printfa.o(i.__0printf)
    __c89printf                              0x080057f5   Thumb Code     0  printfa.o(i.__0printf)
    printf                                   0x080057f5   Thumb Code     0  printfa.o(i.__0printf)
    __0snprintf                              0x08005815   Thumb Code    48  printfa.o(i.__0snprintf)
    __1snprintf                              0x08005815   Thumb Code     0  printfa.o(i.__0snprintf)
    __2snprintf                              0x08005815   Thumb Code     0  printfa.o(i.__0snprintf)
    __c89snprintf                            0x08005815   Thumb Code     0  printfa.o(i.__0snprintf)
    snprintf                                 0x08005815   Thumb Code     0  printfa.o(i.__0snprintf)
    __0sprintf                               0x08005849   Thumb Code    34  printfa.o(i.__0sprintf)
    __1sprintf                               0x08005849   Thumb Code     0  printfa.o(i.__0sprintf)
    __2sprintf                               0x08005849   Thumb Code     0  printfa.o(i.__0sprintf)
    __c89sprintf                             0x08005849   Thumb Code     0  printfa.o(i.__0sprintf)
    sprintf                                  0x08005849   Thumb Code     0  printfa.o(i.__0sprintf)
    __0vsnprintf                             0x08005871   Thumb Code    46  printfa.o(i.__0vsnprintf)
    __1vsnprintf                             0x08005871   Thumb Code     0  printfa.o(i.__0vsnprintf)
    __2vsnprintf                             0x08005871   Thumb Code     0  printfa.o(i.__0vsnprintf)
    __c89vsnprintf                           0x08005871   Thumb Code     0  printfa.o(i.__0vsnprintf)
    vsnprintf                                0x08005871   Thumb Code     0  printfa.o(i.__0vsnprintf)
    __aeabi_errno_addr                       0x080058dd   Thumb Code     4  errno.o(i.__aeabi_errno_addr)
    __rt_errno_addr                          0x080058dd   Thumb Code     0  errno.o(i.__aeabi_errno_addr)
    __hardfp_atof                            0x080058e9   Thumb Code    44  atof.o(i.__hardfp_atof)
    __hardfp_fmod                            0x08005921   Thumb Code   254  fmod.o(i.__hardfp_fmod)
    __mathlib_dbl_invalid                    0x08005a29   Thumb Code    24  dunder.o(i.__mathlib_dbl_invalid)
    __read_errno                             0x08005a49   Thumb Code     6  errno.o(i.__read_errno)
    __scatterload_copy                       0x08005a55   Thumb Code    14  handlers.o(i.__scatterload_copy)
    __scatterload_null                       0x08005a63   Thumb Code     2  handlers.o(i.__scatterload_null)
    __scatterload_zeroinit                   0x08005a65   Thumb Code    14  handlers.o(i.__scatterload_zeroinit)
    __set_errno                              0x08005a75   Thumb Code     6  errno.o(i.__set_errno)
    _is_digit                                0x08005c05   Thumb Code    14  scanf_fp.o(i._is_digit)
    abs_limit                                0x0800633b   Thumb Code    46  pid.o(i.abs_limit)
    agencylogHexDump                         0x08006369   Thumb Code    46  log.o(i.agencylogHexDump)
    agencylogSetLevel                        0x08006397   Thumb Code    42  log.o(i.agencylogSetLevel)
    can_filter_recv_special                  0x080063c1   Thumb Code    78  bsp_can.o(i.can_filter_recv_special)
    chassis_task                             0x08006411   Thumb Code   158  chassis_task.o(i.chassis_task)
    dbus_uart_init                           0x080064c5   Thumb Code    56  bsp_sbus.o(i.dbus_uart_init)
    dma_current_data_counter                 0x08006505   Thumb Code     8  bsp_sbus.o(i.dma_current_data_counter)
    fputc                                    0x0800650d   Thumb Code    22  main.o(i.fputc)
    get_motor_measure                        0x08006529   Thumb Code   106  bsp_can.o(i.get_motor_measure)
    get_motor_offset                         0x08006593   Thumb Code    16  bsp_can.o(i.get_motor_offset)
    go_a_little                              0x080065a5   Thumb Code   404  chassis_task.o(i.go_a_little)
    judge                                    0x08006755   Thumb Code    58  led_task.o(i.judge)
    led_task                                 0x0800679d   Thumb Code    30  led_task.o(i.led_task)
    ll                                       0x080067c1   Thumb Code   320  led_task.o(i.ll)
    logHexDump                               0x08006919   Thumb Code   354  log.o(i.logHexDump)
    logSetLevel                              0x08006ac5   Thumb Code    42  log.o(i.logSetLevel)
    logSwitchLevel                           0x08006b71   Thumb Code    52  log.o(i.logSwitchLevel)
    logWrite                                 0x08006bb9   Thumb Code    48  log.o(i.logWrite)
    main                                     0x08006c59   Thumb Code   156  main.o(i.main)
    malloc                                   0x08006d31   Thumb Code    92  malloc.o(i.malloc)
    my_can_filter_init_recv_all              0x08006d9d   Thumb Code    84  bsp_can.o(i.my_can_filter_init_recv_all)
    osDelay                                  0x08006df1   Thumb Code    24  cmsis_os.o(i.osDelay)
    osKernelStart                            0x08006e09   Thumb Code    10  cmsis_os.o(i.osKernelStart)
    osMutexCreate                            0x08006e13   Thumb Code    26  cmsis_os.o(i.osMutexCreate)
    osThreadCreate                           0x08006e2d   Thumb Code    94  cmsis_os.o(i.osThreadCreate)
    pid_calc                                 0x08006e8d   Thumb Code   528  pid.o(i.pid_calc)
    pvPortMalloc                             0x080076a9   Thumb Code   306  heap_4.o(i.pvPortMalloc)
    pxPortInitialiseStack                    0x080077f5   Thumb Code    38  port.o(i.pxPortInitialiseStack)
    rc_callback_handler                      0x08007821   Thumb Code   452  bsp_sbus.o(i.rc_callback_handler)
    set_motor                                0x080079e5   Thumb Code    60  bsp_can.o(i.set_motor)
    set_motor_A                              0x08007a21   Thumb Code    88  bsp_can.o(i.set_motor_A)
    set_motor_B                              0x08007a79   Thumb Code    90  bsp_can.o(i.set_motor_B)
    shellBackspace                           0x08007ad3   Thumb Code    14  shell.o(i.shellBackspace)
    shellCheckPermission                     0x08007b25   Thumb Code    58  shell.o(i.shellCheckPermission)
    shellClear                               0x08007b61   Thumb Code    22  shell.o(i.shellClear)
    shellClearCommandLine                    0x08007b7d   Thumb Code    40  shell.o(i.shellClearCommandLine)
    shellCmds                                0x08007ba5   Thumb Code    18  shell.o(i.shellCmds)
    shellCompanionGet                        0x08007bb7   Thumb Code    34  shell_companion.o(i.shellCompanionGet)
    shellDelete                              0x08007bd9   Thumb Code    16  shell.o(i.shellDelete)
    shellDeleteByte                          0x08007be9   Thumb Code   218  shell.o(i.shellDeleteByte)
    shellDeleteCommandLine                   0x08007cc5   Thumb Code    28  shell.o(i.shellDeleteCommandLine)
    shellDown                                0x08007ce5   Thumb Code    16  shell.o(i.shellDown)
    shellEnter                               0x08007cf5   Thumb Code    20  shell.o(i.shellEnter)
    shellExec                                0x08007d09   Thumb Code   108  shell.o(i.shellExec)
    shellExtParsePara                        0x08007f09   Thumb Code    86  shell_ext.o(i.shellExtParsePara)
    shellExtRun                              0x08007fcd   Thumb Code   202  shell_ext.o(i.shellExtRun)
    shellGetCurrent                          0x0800814d   Thumb Code    48  shell.o(i.shellGetCurrent)
    shellGetVarValue                         0x08008181   Thumb Code    84  shell.o(i.shellGetVarValue)
    shellHelp                                0x080081d5   Thumb Code    44  shell.o(i.shellHelp)
    shellKeys                                0x0800833d   Thumb Code    18  shell.o(i.shellKeys)
    shellLeft                                0x0800834f   Thumb Code    26  shell.o(i.shellLeft)
    shellListAll                             0x08008369   Thumb Code    12  shell.o(i.shellListAll)
    shellListCommand                         0x08008375   Thumb Code    70  shell.o(i.shellListCommand)
    shellListItem                            0x080083c1   Thumb Code   238  shell.o(i.shellListItem)
    shellListKey                             0x080084bd   Thumb Code    84  shell.o(i.shellListKey)
    shellListUser                            0x08008515   Thumb Code    84  shell.o(i.shellListUser)
    shellListVar                             0x0800856d   Thumb Code    84  shell.o(i.shellListVar)
    shellRight                               0x080086bb   Thumb Code    30  shell.o(i.shellRight)
    shellRunCommand                          0x080086d9   Thumb Code   174  shell.o(i.shellRunCommand)
    shellSeekCommand                         0x08008787   Thumb Code   122  shell.o(i.shellSeekCommand)
    shellSetUser                             0x08008801   Thumb Code    86  shell.o(i.shellSetUser)
    shellSetVar                              0x0800885d   Thumb Code   106  shell.o(i.shellSetVar)
    shellSetVarValue                         0x080088cd   Thumb Code   140  shell.o(i.shellSetVarValue)
    shellTab                                 0x08008a61   Thumb Code   346  shell.o(i.shellTab)
    shellToDec                               0x08008bc1   Thumb Code    86  shell.o(i.shellToDec)
    shellToHex                               0x08008c17   Thumb Code    56  shell.o(i.shellToHex)
    shellUp                                  0x08008c4f   Thumb Code    14  shell.o(i.shellUp)
    shellUsers                               0x08008c5d   Thumb Code    18  shell.o(i.shellUsers)
    shellVars                                0x08008c6f   Thumb Code    18  shell.o(i.shellVars)
    shellWriteString                         0x08008e4d   Thumb Code    48  shell.o(i.shellWriteString)
    straight_line                            0x08008e7d   Thumb Code   242  chassis_task.o(i.straight_line)
    sw_judge                                 0x08008f91   Thumb Code   290  bsp_sbus.o(i.sw_judge)
    test_task                                0x080090b5   Thumb Code   140  test_task.o(i.test_task)
    turn                                     0x080091d5   Thumb Code   224  chassis_task.o(i.turn)
    uart_receive_handler                     0x0800930d   Thumb Code    34  bsp_sbus.o(i.uart_receive_handler)
    uxListRemove                             0x080093a1   Thumb Code    40  list.o(i.uxListRemove)
    vApplicationGetIdleTaskMemory            0x080093c9   Thumb Code    14  freertos.o(i.vApplicationGetIdleTaskMemory)
    vListInitialise                          0x080093e1   Thumb Code    26  list.o(i.vListInitialise)
    vListInitialiseItem                      0x080093fb   Thumb Code     6  list.o(i.vListInitialiseItem)
    vListInsert                              0x08009401   Thumb Code    52  list.o(i.vListInsert)
    vListInsertEnd                           0x08009435   Thumb Code    24  list.o(i.vListInsertEnd)
    vPortEnterCritical                       0x0800944d   Thumb Code    76  port.o(i.vPortEnterCritical)
    vPortExitCritical                        0x080094a1   Thumb Code    56  port.o(i.vPortExitCritical)
    vPortFree                                0x080094dd   Thumb Code   150  heap_4.o(i.vPortFree)
    vPortSetupTimerInterrupt                 0x08009581   Thumb Code    36  port.o(i.vPortSetupTimerInterrupt)
    vTaskDelay                               0x080095a9   Thumb Code    82  tasks.o(i.vTaskDelay)
    vTaskInternalSetTimeOutState             0x08009605   Thumb Code    14  tasks.o(i.vTaskInternalSetTimeOutState)
    vTaskMissedYield                         0x0800961d   Thumb Code     8  tasks.o(i.vTaskMissedYield)
    vTaskPlaceOnEventList                    0x08009629   Thumb Code    52  tasks.o(i.vTaskPlaceOnEventList)
    vTaskStartScheduler                      0x08009661   Thumb Code   146  tasks.o(i.vTaskStartScheduler)
    vTaskSuspendAll                          0x08009711   Thumb Code    12  tasks.o(i.vTaskSuspendAll)
    vTaskSwitchContext                       0x08009721   Thumb Code   118  tasks.o(i.vTaskSwitchContext)
    var                                      0x080097ad   Thumb Code   702  commend.o(i.var)
    var_init                                 0x08009bdd   Thumb Code    46  commend.o(i.var_init)
    var_register                             0x08009c25   Thumb Code   108  commend.o(i.var_register)
    xPortStartScheduler                      0x08009c95   Thumb Code   330  port.o(i.xPortStartScheduler)
    xQueueCreateMutex                        0x08009dfd   Thumb Code    34  queue.o(i.xQueueCreateMutex)
    xQueueCreateMutexStatic                  0x08009e1f   Thumb Code    42  queue.o(i.xQueueCreateMutexStatic)
    xQueueGenericCreate                      0x08009e49   Thumb Code    90  queue.o(i.xQueueGenericCreate)
    xQueueGenericCreateStatic                0x08009ea3   Thumb Code   224  queue.o(i.xQueueGenericCreateStatic)
    xQueueGenericReset                       0x08009f85   Thumb Code   146  queue.o(i.xQueueGenericReset)
    xQueueGenericSend                        0x0800a01d   Thumb Code   420  queue.o(i.xQueueGenericSend)
    xTaskCheckForTimeOut                     0x0800a1c5   Thumb Code   132  tasks.o(i.xTaskCheckForTimeOut)
    xTaskCreate                              0x0800a251   Thumb Code   100  tasks.o(i.xTaskCreate)
    xTaskCreateStatic                        0x0800a2b5   Thumb Code   186  tasks.o(i.xTaskCreateStatic)
    xTaskGetSchedulerState                   0x0800a371   Thumb Code    24  tasks.o(i.xTaskGetSchedulerState)
    xTaskIncrementTick                       0x0800a391   Thumb Code   282  tasks.o(i.xTaskIncrementTick)
    xTaskPriorityDisinherit                  0x0800a4d9   Thumb Code   188  tasks.o(i.xTaskPriorityDisinherit)
    xTaskRemoveFromEventList                 0x0800a5a1   Thumb Code   128  tasks.o(i.xTaskRemoveFromEventList)
    xTaskResumeAll                           0x0800a639   Thumb Code   224  tasks.o(i.xTaskResumeAll)
    AHBPrescTable                            0x0800a798   Data          16  system_stm32f4xx.o(.constdata)
    APBPrescTable                            0x0800a7a8   Data           8  system_stm32f4xx.o(.constdata)
    shellCmdDefaultUser                      0x0800a7b0   Data           7  shell.o(.constdata)
    shellPasswordDefaultUser                 0x0800a7b7   Data           1  shell.o(.constdata)
    shellDesDefaultUser                      0x0800a7b8   Data          13  shell.o(.constdata)
    shellCmdsetVar                           0x0800a7c5   Data           7  shell.o(.constdata)
    shellDescsetVar                          0x0800a7cc   Data           8  shell.o(.constdata)
    shellDesc0x1B5B4100                      0x0800a7d4   Data           3  shell.o(.constdata)
    shellDesc0x1B5B4200                      0x0800a7d7   Data           5  shell.o(.constdata)
    shellDesc0x1B5B4300                      0x0800a7dc   Data           6  shell.o(.constdata)
    shellDesc0x1B5B4400                      0x0800a7e2   Data           5  shell.o(.constdata)
    shellDesc0x09000000                      0x0800a7e7   Data           4  shell.o(.constdata)
    shellDesc0x08000000                      0x0800a7eb   Data          10  shell.o(.constdata)
    shellDesc0x7F000000                      0x0800a7f5   Data          10  shell.o(.constdata)
    shellDesc0x1B5B337E                      0x0800a7ff   Data           7  shell.o(.constdata)
    shellDesc0x0A000000                      0x0800a806   Data           6  shell.o(.constdata)
    shellDesc0x0D000000                      0x0800a80c   Data           6  shell.o(.constdata)
    shellCmdhelp                             0x0800a812   Data           5  shell.o(.constdata)
    shellDeschelp                            0x0800a817   Data          30  shell.o(.constdata)
    shellCmdusers                            0x0800a835   Data           6  shell.o(.constdata)
    shellDescusers                           0x0800a83b   Data          14  shell.o(.constdata)
    shellCmdcmds                             0x0800a849   Data           5  shell.o(.constdata)
    shellDesccmds                            0x0800a84e   Data          13  shell.o(.constdata)
    shellCmdvars                             0x0800a85b   Data           5  shell.o(.constdata)
    shellDescvars                            0x0800a860   Data          13  shell.o(.constdata)
    shellCmdkeys                             0x0800a86d   Data           5  shell.o(.constdata)
    shellDesckeys                            0x0800a872   Data          13  shell.o(.constdata)
    shellCmdclear                            0x0800a87f   Data           6  shell.o(.constdata)
    shellDescclear                           0x0800a885   Data          14  shell.o(.constdata)
    shellCmdlogSetLevel                      0x0800a893   Data          12  log.o(.constdata)
    shellDesclogSetLevel                     0x0800a89f   Data          36  log.o(.constdata)
    shellCmdhexdump                          0x0800a8c3   Data           8  log.o(.constdata)
    shellDeschexdump                         0x0800a8cb   Data          32  log.o(.constdata)
    shellDesc0x04000000                      0x0800a8eb   Data          17  log.o(.constdata)
    shellCmdvar                              0x0800a908   Data           4  commend.o(.constdata)
    shellDescvar                             0x0800a90c   Data          23  commend.o(.constdata)
    __ctype_table                            0x0800a927   Data         129  ctype_o.o(.constdata)
    Region$$Table$$Base                      0x0800acb8   Number         0  anon$$obj.o(Region$$Table)
    Region$$Table$$Limit                     0x0800acd8   Number         0  anon$$obj.o(Region$$Table)
    shellCommand$$Base                       0x0800acd8   Number         0  shell.o(shellCommand)
    shellUserDefault                         0x0800acd8   Data          16  shell.o(shellCommand)
    shellCommandsetVar                       0x0800ace8   Data          16  shell.o(shellCommand)
    shellKey0x1B5B4100                       0x0800acf8   Data          16  shell.o(shellCommand)
    shellKey0x1B5B4200                       0x0800ad08   Data          16  shell.o(shellCommand)
    shellKey0x1B5B4300                       0x0800ad18   Data          16  shell.o(shellCommand)
    shellKey0x1B5B4400                       0x0800ad28   Data          16  shell.o(shellCommand)
    shellKey0x09000000                       0x0800ad38   Data          16  shell.o(shellCommand)
    shellKey0x08000000                       0x0800ad48   Data          16  shell.o(shellCommand)
    shellKey0x7F000000                       0x0800ad58   Data          16  shell.o(shellCommand)
    shellKey0x1B5B337E                       0x0800ad68   Data          16  shell.o(shellCommand)
    shellKey0x0A000000                       0x0800ad78   Data          16  shell.o(shellCommand)
    shellKey0x0D000000                       0x0800ad88   Data          16  shell.o(shellCommand)
    shellCommandhelp                         0x0800ad98   Data          16  shell.o(shellCommand)
    shellCommandusers                        0x0800ada8   Data          16  shell.o(shellCommand)
    shellCommandcmds                         0x0800adb8   Data          16  shell.o(shellCommand)
    shellCommandvars                         0x0800adc8   Data          16  shell.o(shellCommand)
    shellCommandkeys                         0x0800add8   Data          16  shell.o(shellCommand)
    shellCommandclear                        0x0800ade8   Data          16  shell.o(shellCommand)
    shellCommandlogSetLevel                  0x0800adf8   Data          16  log.o(shellCommand)
    shellCommandhexdump                      0x0800ae08   Data          16  log.o(shellCommand)
    shellKey0x04000000                       0x0800ae18   Data          16  log.o(shellCommand)
    shellCommandvar                          0x0800ae28   Data          16  commend.o(shellCommand)
    shellCommand$$Limit                      0x0800ae38   Number         0  commend.o(shellCommand)
    Rx_len_Huart2                            0x20000000   Data           1  main.o(.data)
    cmd                                      0x20000001   Data           1  main.o(.data)
    testTaskHandle                           0x20000004   Data           4  freertos.o(.data)
    chassisTaskHandle                        0x20000008   Data           4  freertos.o(.data)
    ledTaskHandle                            0x2000000c   Data           4  freertos.o(.data)
    shellMutexHandle                         0x20000010   Data           4  freertos.o(.data)
    Rx_len_Huart6                            0x20000018   Data           1  usart.o(.data)
    Rx_len_Huart7                            0x20000019   Data           1  usart.o(.data)
    Rx_len_Huart8                            0x2000001a   Data           1  usart.o(.data)
    pos_x                                    0x2000001c   Data           4  usart.o(.data)
    pos_y                                    0x20000020   Data           4  usart.o(.data)
    zangle                                   0x20000024   Data           4  usart.o(.data)
    xangle                                   0x20000028   Data           4  usart.o(.data)
    yangle                                   0x2000002c   Data           4  usart.o(.data)
    w_z                                      0x20000030   Data           4  usart.o(.data)
    set_pos_x                                0x20000034   Data           4  usart.o(.data)
    set_pos_y                                0x20000038   Data           4  usart.o(.data)
    set_zangle                               0x2000003c   Data           4  usart.o(.data)
    move_flag                                0x20000040   Data           4  usart.o(.data)
    rs_imutype                               0x20000044   Data           4  usart.o(.data)
    rs_ahrstype                              0x20000048   Data           4  usart.o(.data)
    aRx_openmv                               0x2000004c   Data           1  usart.o(.data)
    uwTick                                   0x20000050   Data           4  stm32f4xx_hal.o(.data)
    uwTickPrio                               0x20000054   Data           4  stm32f4xx_hal.o(.data)
    uwTickFreq                               0x20000058   Data           1  stm32f4xx_hal.o(.data)
    SystemCoreClock                          0x2000005c   Data           4  system_stm32f4xx.o(.data)
    pxCurrentTCB                             0x20000060   Data           4  tasks.o(.data)
    _var_begin                               0x20000120   Data           4  commend.o(.data)
    a                                        0x20000124   Data           4  commend.o(.data)
    a1                                       0x20000128   Data           4  commend.o(.data)
    b                                        0x2000012c   Data           1  commend.o(.data)
    c                                        0x20000130   Data           8  commend.o(.data)
    station                                  0x20000138   Data           1  chassis_task.o(.data)
    p                                        0x2000013c   Data           4  chassis_task.o(.data)
    d                                        0x20000140   Data           4  chassis_task.o(.data)
    flag                                     0x20000144   Data           4  chassis_task.o(.data)
    time_cnt                                 0x20000148   Data           1  led_task.o(.data)
    turn_cnt                                 0x20000149   Data           1  led_task.o(.data)
    base_speed                               0x2000014c   Data          16  led_task.o(.data)
    value1                                   0x2000015c   Data           4  led_task.o(.data)
    value2                                   0x20000160   Data           4  led_task.o(.data)
    value3                                   0x20000164   Data           4  led_task.o(.data)
    value4                                   0x20000168   Data           4  led_task.o(.data)
    last_misssion                            0x2000016c   Data           4  led_task.o(.data)
    Gray_pos                                 0x20000170   Data           4  led_task.o(.data)
    start_flag                               0x20000174   Data           1  led_task.o(.data)
    direction                                0x20000175   Data           1  led_task.o(.data)
    send_flag                                0x20000176   Data           1  led_task.o(.data)
    judge_flag                               0x20000177   Data           1  led_task.o(.data)
    Last_ANGLE_AHR298                        0x20000178   Data           8  led_task.o(.data)
    Turn_left_flag                           0x20000180   Data           4  led_task.o(.data)
    Turn_right_flag                          0x20000184   Data           4  led_task.o(.data)
    Turn_straight_flag                       0x20000188   Data           4  led_task.o(.data)
    Steering_Judgment_Flag                   0x2000018c   Data           4  led_task.o(.data)
    quanzhong                                0x20000190   Data           8  led_task.o(.data)
    i                                        0x20000198   Data           4  led_task.o(.data)
    Angle_AHR                                0x200001a0   Data           8  led_task.o(.data)
    t                                        0x200001a8   Data           4  led_task.o(.data)
    lsy_num                                  0x200001b0   Data           4  test_task.o(.data)
    OPMV_ANS                                 0x200001b4   Data           4  test_task.o(.data)
    control_flag                             0x200001b8   Data           1  test_task.o(.data)
    testcount                                0x200001bc   Data           4  test_task.o(.data)
    delay_time                               0x200001c0   Data          12  test_task.o(.data)
    len                                      0x200001cc   Data           1  test_task.o(.data)
    USART_RX_BUF                             0x200001cd   Data         200  test_task.o(.data)
    USART_RX_STA                             0x20000296   Data           2  test_task.o(.data)
    aRxBuffer                                0x20000298   Data           1  test_task.o(.data)
    USART_RX_STA_K210                        0x2000029a   Data           2  test_task.o(.data)
    aRxBuffer_K210                           0x2000029c   Data           1  test_task.o(.data)
    __stdout                                 0x200002a0   Data           4  stdout.o(.data)
    __microlib_freelist                      0x200002a4   Data           4  mvars.o(.data)
    __microlib_freelist_initialised          0x200002a8   Data           4  mvars.o(.data)
    hcan1                                    0x20000504   Data          40  can.o(.bss)
    hcan2                                    0x2000052c   Data          40  can.o(.bss)
    hspi4                                    0x20000554   Data          88  spi.o(.bss)
    htim2                                    0x200005ac   Data          72  tim.o(.bss)
    ReceiveBuff_Huart6                       0x200005f4   Data         255  usart.o(.bss)
    ReceiveBuff_Huart7                       0x200006f3   Data         255  usart.o(.bss)
    ReceiveBuff_Huart8                       0x200007f2   Data         255  usart.o(.bss)
    Fd_data                                  0x200008f1   Data          64  usart.o(.bss)
    Fd_rsimu                                 0x20000931   Data          64  usart.o(.bss)
    Fd_rsahrs                                0x20000971   Data          56  usart.o(.bss)
    IMUData_Packet                           0x200009ac   Data          52  usart.o(.bss)
    AHRSData_Packet                          0x200009e0   Data          44  usart.o(.bss)
    huart7                                   0x20000a0c   Data          68  usart.o(.bss)
    huart8                                   0x20000a50   Data          68  usart.o(.bss)
    huart1                                   0x20000a94   Data          68  usart.o(.bss)
    huart2                                   0x20000ad8   Data          68  usart.o(.bss)
    huart3                                   0x20000b1c   Data          68  usart.o(.bss)
    huart6                                   0x20000b60   Data          68  usart.o(.bss)
    hdma_uart7_rx                            0x20000ba4   Data          96  usart.o(.bss)
    hdma_uart8_rx                            0x20000c04   Data          96  usart.o(.bss)
    hdma_usart1_rx                           0x20000c64   Data          96  usart.o(.bss)
    hdma_usart2_rx                           0x20000cc4   Data          96  usart.o(.bss)
    hdma_usart6_rx                           0x20000d24   Data          96  usart.o(.bss)
    htim14                                   0x20000d9c   Data          72  stm32f4xx_hal_timebase_tim.o(.bss)
    logList                                  0x20004af4   Data          20  log.o(.bss)
    motor_can1                               0x20004c08   Data         416  bsp_can.o(.bss)
    motor_can2                               0x20004da8   Data         416  bsp_can.o(.bss)
    dbus_buf                                 0x20004f48   Data          25  bsp_sbus.o(.bss)
    rc                                       0x20004f61   Data          34  bsp_sbus.o(.bss)
    Chassis_Move                             0x20004f84   Data        2132  chassis_task.o(.bss)
    motor                                    0x200057d8   Data         416  chassis_task.o(.bss)
    c610                                     0x20005978   Data        1824  chassis_task.o(.bss)
    USART_RX_BUF_K210                        0x20006098   Data         200  test_task.o(.bss)
    __heap_base                              0x20006160   Data           0  startup_stm32f427xx.o(HEAP)
    __heap_limit                             0x20006360   Data           0  startup_stm32f427xx.o(HEAP)
    __initial_sp                             0x20006760   Data           0  startup_stm32f427xx.o(STACK)



==============================================================================

Memory Map of the image

  Image Entry point : 0x080001ad

  Load Region LR_IROM1 (Base: 0x08000000, Size: 0x0000b0e8, Max: 0x00200000, ABSOLUTE, COMPRESSED[0x0000aebc])

    Execution Region ER_IROM1 (Exec base: 0x08000000, Load base: 0x08000000, Size: 0x0000ae38, Max: 0x00200000, ABSOLUTE)

    Exec Addr    Load Addr    Size         Type   Attr      Idx    E Section Name        Object

    0x08000000   0x08000000   0x000001ac   Data   RO            3    RESET               startup_stm32f427xx.o
    0x080001ac   0x080001ac   0x00000000   Code   RO         6994  * .ARM.Collect$$$$00000000  mc_w.l(entry.o)
    0x080001ac   0x080001ac   0x00000004   Code   RO         7381    .ARM.Collect$$$$00000001  mc_w.l(entry2.o)
    0x080001b0   0x080001b0   0x00000004   Code   RO         7384    .ARM.Collect$$$$00000004  mc_w.l(entry5.o)
    0x080001b4   0x080001b4   0x00000000   Code   RO         7386    .ARM.Collect$$$$00000008  mc_w.l(entry7b.o)
    0x080001b4   0x080001b4   0x00000000   Code   RO         7388    .ARM.Collect$$$$0000000A  mc_w.l(entry8b.o)
    0x080001b4   0x080001b4   0x00000008   Code   RO         7389    .ARM.Collect$$$$0000000B  mc_w.l(entry9a.o)
    0x080001bc   0x080001bc   0x00000004   Code   RO         7396    .ARM.Collect$$$$0000000E  mc_w.l(entry12b.o)
    0x080001c0   0x080001c0   0x00000000   Code   RO         7391    .ARM.Collect$$$$0000000F  mc_w.l(entry10a.o)
    0x080001c0   0x080001c0   0x00000000   Code   RO         7393    .ARM.Collect$$$$00000011  mc_w.l(entry11a.o)
    0x080001c0   0x080001c0   0x00000004   Code   RO         7382    .ARM.Collect$$$$00002712  mc_w.l(entry2.o)
    0x080001c4   0x080001c4   0x000000be   Code   RO         5277    .emb_text           port.o
    0x08000282   0x08000282   0x00000002   PAD
    0x08000284   0x08000284   0x00000024   Code   RO            4    .text               startup_stm32f427xx.o
    0x080002a8   0x080002a8   0x00000062   Code   RO         6997    .text               mc_w.l(uldiv.o)
    0x0800030a   0x0800030a   0x00000024   Code   RO         6999    .text               mc_w.l(memcpya.o)
    0x0800032e   0x0800032e   0x00000024   Code   RO         7003    .text               mc_w.l(memseta.o)
    0x08000352   0x08000352   0x0000000e   Code   RO         7005    .text               mc_w.l(strlen.o)
    0x08000360   0x08000360   0x0000001c   Code   RO         7007    .text               mc_w.l(strcmp.o)
    0x0800037c   0x0800037c   0x00000012   Code   RO         7009    .text               mc_w.l(strcpy.o)
    0x0800038e   0x0800038e   0x0000001e   Code   RO         7011    .text               mc_w.l(strncmp.o)
    0x080003ac   0x080003ac   0x0000001a   Code   RO         7306    .text               mc_w.l(atoi.o)
    0x080003c6   0x080003c6   0x0000014e   Code   RO         7308    .text               mf_w.l(dadd.o)
    0x08000514   0x08000514   0x000000e4   Code   RO         7310    .text               mf_w.l(dmul.o)
    0x080005f8   0x080005f8   0x000000de   Code   RO         7312    .text               mf_w.l(ddiv.o)
    0x080006d6   0x080006d6   0x00000022   Code   RO         7314    .text               mf_w.l(dflti.o)
    0x080006f8   0x080006f8   0x0000003e   Code   RO         7318    .text               mf_w.l(dfixi.o)
    0x08000736   0x08000736   0x00000026   Code   RO         7320    .text               mf_w.l(f2d.o)
    0x0800075c   0x0800075c   0x00000030   Code   RO         7324    .text               mf_w.l(cdrcmple.o)
    0x0800078c   0x0800078c   0x00000038   Code   RO         7326    .text               mf_w.l(d2f.o)
    0x080007c4   0x080007c4   0x0000002c   Code   RO         7398    .text               mc_w.l(uidiv.o)
    0x080007f0   0x080007f0   0x0000001e   Code   RO         7400    .text               mc_w.l(llshl.o)
    0x0800080e   0x0800080e   0x00000020   Code   RO         7402    .text               mc_w.l(llushr.o)
    0x0800082e   0x0800082e   0x00000024   Code   RO         7404    .text               mc_w.l(llsshr.o)
    0x08000852   0x08000852   0x00000002   PAD
    0x08000854   0x08000854   0x00000360   Code   RO         7421    .text               mc_w.l(scanf_fp.o)
    0x08000bb4   0x08000bb4   0x00000040   Code   RO         7427    .text               mc_w.l(_sgetc.o)
    0x08000bf4   0x08000bf4   0x0000009c   Code   RO         7429    .text               mc_w.l(strtod.o)
    0x08000c90   0x08000c90   0x00000070   Code   RO         7431    .text               mc_w.l(strtol.o)
    0x08000d00   0x08000d00   0x00000000   Code   RO         7433    .text               mc_w.l(iusefp.o)
    0x08000d00   0x08000d00   0x0000006e   Code   RO         7434    .text               mf_w.l(fepilogue.o)
    0x08000d6e   0x08000d6e   0x000000ba   Code   RO         7436    .text               mf_w.l(depilogue.o)
    0x08000e28   0x08000e28   0x00000086   Code   RO         7444    .text               mf_w.l(drem.o)
    0x08000eae   0x08000eae   0x00000030   Code   RO         7446    .text               mf_w.l(dfixul.o)
    0x08000ede   0x08000ede   0x00000002   PAD
    0x08000ee0   0x08000ee0   0x00000024   Code   RO         7448    .text               mc_w.l(init.o)
    0x08000f04   0x08000f04   0x00000008   Code   RO         7452    .text               mc_w.l(ctype_o.o)
    0x08000f0c   0x08000f0c   0x00000012   Code   RO         7474    .text               mc_w.l(isspace_o.o)
    0x08000f1e   0x08000f1e   0x0000001c   Code   RO         7480    .text               mc_w.l(_chval.o)
    0x08000f3a   0x08000f3a   0x0000009e   Code   RO         7484    .text               mc_w.l(_strtoul.o)
    0x08000fd8   0x08000fd8   0x00000018   Code   RO         7486    .text               mf_w.l(dfltul.o)
    0x08000ff0   0x08000ff0   0x00000056   Code   RO         7499    .text               mc_w.l(__dczerorl2.o)
    0x08001046   0x08001046   0x00000004   Code   RO          602    i.BusFault_Handler  stm32f4xx_it.o
    0x0800104a   0x0800104a   0x00000002   PAD
    0x0800104c   0x0800104c   0x00000010   Code   RO          603    i.CAN1_RX0_IRQHandler  stm32f4xx_it.o
    0x0800105c   0x0800105c   0x00000010   Code   RO          604    i.CAN1_TX_IRQHandler  stm32f4xx_it.o
    0x0800106c   0x0800106c   0x00000010   Code   RO          605    i.CAN2_RX0_IRQHandler  stm32f4xx_it.o
    0x0800107c   0x0800107c   0x00000010   Code   RO          606    i.CAN2_TX_IRQHandler  stm32f4xx_it.o
    0x0800108c   0x0800108c   0x0000006c   Code   RO         6160    i.Can_TxMessage     bsp_can.o
    0x080010f8   0x080010f8   0x00000010   Code   RO          607    i.DMA1_Stream3_IRQHandler  stm32f4xx_it.o
    0x08001108   0x08001108   0x00000010   Code   RO          608    i.DMA1_Stream5_IRQHandler  stm32f4xx_it.o
    0x08001118   0x08001118   0x00000010   Code   RO          609    i.DMA1_Stream6_IRQHandler  stm32f4xx_it.o
    0x08001128   0x08001128   0x00000010   Code   RO          610    i.DMA2_Stream1_IRQHandler  stm32f4xx_it.o
    0x08001138   0x08001138   0x00000010   Code   RO          611    i.DMA2_Stream2_IRQHandler  stm32f4xx_it.o
    0x08001148   0x08001148   0x00000034   Code   RO         1621    i.DMA_CalcBaseAndBitshift  stm32f4xx_hal_dma.o
    0x0800117c   0x0800117c   0x000000aa   Code   RO         1622    i.DMA_CheckFifoParam  stm32f4xx_hal_dma.o
    0x08001226   0x08001226   0x0000002c   Code   RO         1623    i.DMA_SetConfig     stm32f4xx_hal_dma.o
    0x08001252   0x08001252   0x00000002   Code   RO          612    i.DebugMon_Handler  stm32f4xx_it.o
    0x08001254   0x08001254   0x00000006   Code   RO           13    i.Error_Handler     main.o
    0x0800125a   0x0800125a   0x0000002a   Code   RO          827    i.HAL_CAN_ActivateNotification  stm32f4xx_hal_can.o
    0x08001284   0x08001284   0x00000156   Code   RO          828    i.HAL_CAN_AddTxMessage  stm32f4xx_hal_can.o
    0x080013da   0x080013da   0x00000002   PAD
    0x080013dc   0x080013dc   0x00000124   Code   RO          829    i.HAL_CAN_ConfigFilter  stm32f4xx_hal_can.o
    0x08001500   0x08001500   0x00000002   Code   RO          832    i.HAL_CAN_ErrorCallback  stm32f4xx_hal_can.o
    0x08001502   0x08001502   0x0000017a   Code   RO          835    i.HAL_CAN_GetRxMessage  stm32f4xx_hal_can.o
    0x0800167c   0x0800167c   0x00000036   Code   RO          837    i.HAL_CAN_GetTxMailboxesFreeLevel  stm32f4xx_hal_can.o
    0x080016b2   0x080016b2   0x0000024e   Code   RO          839    i.HAL_CAN_IRQHandler  stm32f4xx_hal_can.o
    0x08001900   0x08001900   0x00000174   Code   RO          840    i.HAL_CAN_Init      stm32f4xx_hal_can.o
    0x08001a74   0x08001a74   0x00000184   Code   RO          329    i.HAL_CAN_MspInit   can.o
    0x08001bf8   0x08001bf8   0x00000002   Code   RO          847    i.HAL_CAN_RxFifo0FullCallback  stm32f4xx_hal_can.o
    0x08001bfa   0x08001bfa   0x00000002   PAD
    0x08001bfc   0x08001bfc   0x00000140   Code   RO         6161    i.HAL_CAN_RxFifo0MsgPendingCallback  bsp_can.o
    0x08001d3c   0x08001d3c   0x00000002   Code   RO          849    i.HAL_CAN_RxFifo1FullCallback  stm32f4xx_hal_can.o
    0x08001d3e   0x08001d3e   0x00000002   Code   RO          850    i.HAL_CAN_RxFifo1MsgPendingCallback  stm32f4xx_hal_can.o
    0x08001d40   0x08001d40   0x00000002   Code   RO          851    i.HAL_CAN_SleepCallback  stm32f4xx_hal_can.o
    0x08001d42   0x08001d42   0x0000005e   Code   RO          852    i.HAL_CAN_Start     stm32f4xx_hal_can.o
    0x08001da0   0x08001da0   0x00000002   Code   RO          854    i.HAL_CAN_TxMailbox0AbortCallback  stm32f4xx_hal_can.o
    0x08001da2   0x08001da2   0x00000002   Code   RO          855    i.HAL_CAN_TxMailbox0CompleteCallback  stm32f4xx_hal_can.o
    0x08001da4   0x08001da4   0x00000002   Code   RO          856    i.HAL_CAN_TxMailbox1AbortCallback  stm32f4xx_hal_can.o
    0x08001da6   0x08001da6   0x00000002   Code   RO          857    i.HAL_CAN_TxMailbox1CompleteCallback  stm32f4xx_hal_can.o
    0x08001da8   0x08001da8   0x00000002   Code   RO          858    i.HAL_CAN_TxMailbox2AbortCallback  stm32f4xx_hal_can.o
    0x08001daa   0x08001daa   0x00000002   Code   RO          859    i.HAL_CAN_TxMailbox2CompleteCallback  stm32f4xx_hal_can.o
    0x08001dac   0x08001dac   0x00000002   Code   RO          861    i.HAL_CAN_WakeUpFromRxMsgCallback  stm32f4xx_hal_can.o
    0x08001dae   0x08001dae   0x000000ac   Code   RO         1624    i.HAL_DMA_Abort     stm32f4xx_hal_dma.o
    0x08001e5a   0x08001e5a   0x00000028   Code   RO         1625    i.HAL_DMA_Abort_IT  stm32f4xx_hal_dma.o
    0x08001e82   0x08001e82   0x00000002   PAD
    0x08001e84   0x08001e84   0x00000240   Code   RO         1629    i.HAL_DMA_IRQHandler  stm32f4xx_hal_dma.o
    0x080020c4   0x080020c4   0x000000ec   Code   RO         1630    i.HAL_DMA_Init      stm32f4xx_hal_dma.o
    0x080021b0   0x080021b0   0x00000066   Code   RO         1633    i.HAL_DMA_Start     stm32f4xx_hal_dma.o
    0x08002216   0x08002216   0x00000092   Code   RO         1634    i.HAL_DMA_Start_IT  stm32f4xx_hal_dma.o
    0x080022a8   0x080022a8   0x00000210   Code   RO         1517    i.HAL_GPIO_Init     stm32f4xx_hal_gpio.o
    0x080024b8   0x080024b8   0x0000000c   Code   RO         1521    i.HAL_GPIO_WritePin  stm32f4xx_hal_gpio.o
    0x080024c4   0x080024c4   0x0000000c   Code   RO         2074    i.HAL_GetTick       stm32f4xx_hal.o
    0x080024d0   0x080024d0   0x00000018   Code   RO         2080    i.HAL_IncTick       stm32f4xx_hal.o
    0x080024e8   0x080024e8   0x0000003c   Code   RO         2081    i.HAL_Init          stm32f4xx_hal.o
    0x08002524   0x08002524   0x000000b4   Code   RO          787    i.HAL_InitTick      stm32f4xx_hal_timebase_tim.o
    0x080025d8   0x080025d8   0x00000054   Code   RO          763    i.HAL_MspInit       stm32f4xx_hal_msp.o
    0x0800262c   0x0800262c   0x00000020   Code   RO         1924    i.HAL_NVIC_EnableIRQ  stm32f4xx_hal_cortex.o
    0x0800264c   0x0800264c   0x0000007c   Code   RO         1930    i.HAL_NVIC_SetPriority  stm32f4xx_hal_cortex.o
    0x080026c8   0x080026c8   0x00000028   Code   RO         1931    i.HAL_NVIC_SetPriorityGrouping  stm32f4xx_hal_cortex.o
    0x080026f0   0x080026f0   0x0000008c   Code   RO         1853    i.HAL_PWREx_EnableOverDrive  stm32f4xx_hal_pwr_ex.o
    0x0800277c   0x0800277c   0x00000184   Code   RO         1061    i.HAL_RCC_ClockConfig  stm32f4xx_hal_rcc.o
    0x08002900   0x08002900   0x00000044   Code   RO         1065    i.HAL_RCC_GetClockConfig  stm32f4xx_hal_rcc.o
    0x08002944   0x08002944   0x0000000c   Code   RO         1066    i.HAL_RCC_GetHCLKFreq  stm32f4xx_hal_rcc.o
    0x08002950   0x08002950   0x00000020   Code   RO         1068    i.HAL_RCC_GetPCLK1Freq  stm32f4xx_hal_rcc.o
    0x08002970   0x08002970   0x00000020   Code   RO         1069    i.HAL_RCC_GetPCLK2Freq  stm32f4xx_hal_rcc.o
    0x08002990   0x08002990   0x000000b0   Code   RO         1070    i.HAL_RCC_GetSysClockFreq  stm32f4xx_hal_rcc.o
    0x08002a40   0x08002a40   0x0000049c   Code   RO         1073    i.HAL_RCC_OscConfig  stm32f4xx_hal_rcc.o
    0x08002edc   0x08002edc   0x000000c8   Code   RO         2340    i.HAL_SPI_Init      stm32f4xx_hal_spi.o
    0x08002fa4   0x08002fa4   0x00000088   Code   RO          402    i.HAL_SPI_MspInit   spi.o
    0x0800302c   0x0800302c   0x00000002   Code   RO         3368    i.HAL_TIMEx_BreakCallback  stm32f4xx_hal_tim_ex.o
    0x0800302e   0x0800302e   0x00000002   Code   RO         3369    i.HAL_TIMEx_CommutCallback  stm32f4xx_hal_tim_ex.o
    0x08003030   0x08003030   0x000000b4   Code   RO         3387    i.HAL_TIMEx_MasterConfigSynchronization  stm32f4xx_hal_tim_ex.o
    0x080030e4   0x080030e4   0x00000066   Code   RO         2653    i.HAL_TIM_Base_Init  stm32f4xx_hal_tim.o
    0x0800314a   0x0800314a   0x00000002   PAD
    0x0800314c   0x0800314c   0x00000044   Code   RO          444    i.HAL_TIM_Base_MspInit  tim.o
    0x08003190   0x08003190   0x000000a8   Code   RO         2658    i.HAL_TIM_Base_Start_IT  stm32f4xx_hal_tim.o
    0x08003238   0x08003238   0x0000010c   Code   RO         2662    i.HAL_TIM_ConfigClockSource  stm32f4xx_hal_tim.o
    0x08003344   0x08003344   0x00000002   Code   RO         2687    i.HAL_TIM_IC_CaptureCallback  stm32f4xx_hal_tim.o
    0x08003346   0x08003346   0x00000196   Code   RO         2701    i.HAL_TIM_IRQHandler  stm32f4xx_hal_tim.o
    0x080034dc   0x080034dc   0x00000002   Code   RO         2704    i.HAL_TIM_OC_DelayElapsedCallback  stm32f4xx_hal_tim.o
    0x080034de   0x080034de   0x00000002   Code   RO         2731    i.HAL_TIM_PWM_PulseFinishedCallback  stm32f4xx_hal_tim.o
    0x080034e0   0x080034e0   0x00000018   Code   RO           14    i.HAL_TIM_PeriodElapsedCallback  main.o
    0x080034f8   0x080034f8   0x00000002   Code   RO         2744    i.HAL_TIM_TriggerCallback  stm32f4xx_hal_tim.o
    0x080034fa   0x080034fa   0x00000002   Code   RO         3646    i.HAL_UARTEx_RxEventCallback  stm32f4xx_hal_uart.o
    0x080034fc   0x080034fc   0x0000008a   Code   RO         3658    i.HAL_UART_DMAStop  stm32f4xx_hal_uart.o
    0x08003586   0x08003586   0x00000002   Code   RO         3660    i.HAL_UART_ErrorCallback  stm32f4xx_hal_uart.o
    0x08003588   0x08003588   0x000002e0   Code   RO         3663    i.HAL_UART_IRQHandler  stm32f4xx_hal_uart.o
    0x08003868   0x08003868   0x00000072   Code   RO         3664    i.HAL_UART_Init     stm32f4xx_hal_uart.o
    0x080038da   0x080038da   0x00000002   PAD
    0x080038dc   0x080038dc   0x000004d8   Code   RO          488    i.HAL_UART_MspInit  usart.o
    0x08003db4   0x08003db4   0x00000042   Code   RO         3668    i.HAL_UART_Receive_DMA  stm32f4xx_hal_uart.o
    0x08003df6   0x08003df6   0x00000042   Code   RO         3669    i.HAL_UART_Receive_IT  stm32f4xx_hal_uart.o
    0x08003e38   0x08003e38   0x00000120   Code   RO          489    i.HAL_UART_RxCpltCallback  usart.o
    0x08003f58   0x08003f58   0x00000002   Code   RO         3671    i.HAL_UART_RxHalfCpltCallback  stm32f4xx_hal_uart.o
    0x08003f5a   0x08003f5a   0x000000d2   Code   RO         3672    i.HAL_UART_Transmit  stm32f4xx_hal_uart.o
    0x0800402c   0x0800402c   0x00000002   Code   RO         3675    i.HAL_UART_TxCpltCallback  stm32f4xx_hal_uart.o
    0x0800402e   0x0800402e   0x00000004   Code   RO          613    i.HardFault_Handler  stm32f4xx_it.o
    0x08004032   0x08004032   0x00000002   PAD
    0x08004034   0x08004034   0x00000248   Code   RO         6658    i.Left_Handed_Rotation  led_task.o
    0x0800427c   0x0800427c   0x00000044   Code   RO          330    i.MX_CAN1_Init      can.o
    0x080042c0   0x080042c0   0x00000044   Code   RO          331    i.MX_CAN2_Init      can.o
    0x08004304   0x08004304   0x00000098   Code   RO          377    i.MX_DMA_Init       dma.o
    0x0800439c   0x0800439c   0x00000074   Code   RO          278    i.MX_FREERTOS_Init  freertos.o
    0x08004410   0x08004410   0x00000250   Code   RO          254    i.MX_GPIO_Init      gpio.o
    0x08004660   0x08004660   0x0000004c   Code   RO          403    i.MX_SPI4_Init      spi.o
    0x080046ac   0x080046ac   0x0000006c   Code   RO          445    i.MX_TIM2_Init      tim.o
    0x08004718   0x08004718   0x00000038   Code   RO          491    i.MX_UART7_Init     usart.o
    0x08004750   0x08004750   0x00000038   Code   RO          492    i.MX_UART8_Init     usart.o
    0x08004788   0x08004788   0x00000038   Code   RO          493    i.MX_USART1_UART_Init  usart.o
    0x080047c0   0x080047c0   0x00000038   Code   RO          494    i.MX_USART2_UART_Init  usart.o
    0x080047f8   0x080047f8   0x00000038   Code   RO          495    i.MX_USART3_UART_Init  usart.o
    0x08004830   0x08004830   0x00000038   Code   RO          496    i.MX_USART6_UART_Init  usart.o
    0x08004868   0x08004868   0x00000004   Code   RO          614    i.MemManage_Handler  stm32f4xx_it.o
    0x0800486c   0x0800486c   0x00000004   Code   RO          615    i.NMI_Handler       stm32f4xx_it.o
    0x08004870   0x08004870   0x0000009c   Code   RO         6820    i.PID_struct_init   pid.o
    0x0800490c   0x0800490c   0x00000104   Code   RO         6659    i.Patrol_execution  led_task.o
    0x08004a10   0x08004a10   0x00000274   Code   RO         6661    i.Right_Handed_Rotation  led_task.o
    0x08004c84   0x08004c84   0x00000034   Code   RO         5278    i.SysTick_Handler   port.o
    0x08004cb8   0x08004cb8   0x000000c0   Code   RO           15    i.SystemClock_Config  main.o
    0x08004d78   0x08004d78   0x00000014   Code   RO         4003    i.SystemInit        system_stm32f4xx.o
    0x08004d8c   0x08004d8c   0x00000010   Code   RO          616    i.TIM2_IRQHandler   stm32f4xx_it.o
    0x08004d9c   0x08004d9c   0x00000010   Code   RO          617    i.TIM8_TRG_COM_TIM14_IRQHandler  stm32f4xx_it.o
    0x08004dac   0x08004dac   0x000000d8   Code   RO         2746    i.TIM_Base_SetConfig  stm32f4xx_hal_tim.o
    0x08004e84   0x08004e84   0x00000016   Code   RO         2757    i.TIM_ETR_SetConfig  stm32f4xx_hal_tim.o
    0x08004e9a   0x08004e9a   0x00000012   Code   RO         2758    i.TIM_ITRx_SetConfig  stm32f4xx_hal_tim.o
    0x08004eac   0x08004eac   0x00000026   Code   RO         2764    i.TIM_TI1_ConfigInputStage  stm32f4xx_hal_tim.o
    0x08004ed2   0x08004ed2   0x00000028   Code   RO         2766    i.TIM_TI2_ConfigInputStage  stm32f4xx_hal_tim.o
    0x08004efa   0x08004efa   0x00000002   PAD
    0x08004efc   0x08004efc   0x00000090   Code   RO         6662    i.Test_Attitude_judgment  led_task.o
    0x08004f8c   0x08004f8c   0x00000010   Code   RO          618    i.UART7_IRQHandler  stm32f4xx_it.o
    0x08004f9c   0x08004f9c   0x000000f8   Code   RO          619    i.UART8_IRQHandler  stm32f4xx_it.o
    0x08005094   0x08005094   0x00000014   Code   RO         3677    i.UART_DMAAbortOnError  stm32f4xx_hal_uart.o
    0x080050a8   0x080050a8   0x00000050   Code   RO         3678    i.UART_DMAError     stm32f4xx_hal_uart.o
    0x080050f8   0x080050f8   0x000000b0   Code   RO         3679    i.UART_DMAReceiveCplt  stm32f4xx_hal_uart.o
    0x080051a8   0x080051a8   0x00000020   Code   RO         3681    i.UART_DMARxHalfCplt  stm32f4xx_hal_uart.o
    0x080051c8   0x080051c8   0x0000006c   Code   RO         3687    i.UART_EndRxTransfer  stm32f4xx_hal_uart.o
    0x08005234   0x08005234   0x00000020   Code   RO         3688    i.UART_EndTransmit_IT  stm32f4xx_hal_uart.o
    0x08005254   0x08005254   0x00000026   Code   RO         3689    i.UART_EndTxTransfer  stm32f4xx_hal_uart.o
    0x0800527a   0x0800527a   0x000000f8   Code   RO         3690    i.UART_Receive_IT   stm32f4xx_hal_uart.o
    0x08005372   0x08005372   0x00000002   PAD
    0x08005374   0x08005374   0x0000022c   Code   RO         3691    i.UART_SetConfig    stm32f4xx_hal_uart.o
    0x080055a0   0x080055a0   0x000000d0   Code   RO         3692    i.UART_Start_Receive_DMA  stm32f4xx_hal_uart.o
    0x08005670   0x08005670   0x0000004a   Code   RO         3693    i.UART_Start_Receive_IT  stm32f4xx_hal_uart.o
    0x080056ba   0x080056ba   0x00000060   Code   RO         3694    i.UART_Transmit_IT  stm32f4xx_hal_uart.o
    0x0800571a   0x0800571a   0x00000092   Code   RO         3695    i.UART_WaitOnFlagUntilTimeout  stm32f4xx_hal_uart.o
    0x080057ac   0x080057ac   0x00000014   Code   RO          620    i.USART1_IRQHandler  stm32f4xx_it.o
    0x080057c0   0x080057c0   0x00000010   Code   RO          621    i.USART2_IRQHandler  stm32f4xx_it.o
    0x080057d0   0x080057d0   0x00000010   Code   RO          622    i.USART3_IRQHandler  stm32f4xx_it.o
    0x080057e0   0x080057e0   0x00000010   Code   RO          623    i.USART6_IRQHandler  stm32f4xx_it.o
    0x080057f0   0x080057f0   0x00000004   Code   RO          624    i.UsageFault_Handler  stm32f4xx_it.o
    0x080057f4   0x080057f4   0x00000020   Code   RO         7248    i.__0printf         mc_w.l(printfa.o)
    0x08005814   0x08005814   0x00000034   Code   RO         7249    i.__0snprintf       mc_w.l(printfa.o)
    0x08005848   0x08005848   0x00000028   Code   RO         7250    i.__0sprintf        mc_w.l(printfa.o)
    0x08005870   0x08005870   0x00000034   Code   RO         7253    i.__0vsnprintf      mc_w.l(printfa.o)
    0x080058a4   0x080058a4   0x00000010   Code   RO         1937    i.__NVIC_GetPriorityGrouping  stm32f4xx_hal_cortex.o
    0x080058b4   0x080058b4   0x00000028   Code   RO         1938    i.__NVIC_SetPriority  stm32f4xx_hal_cortex.o
    0x080058dc   0x080058dc   0x00000008   Code   RO         7408    i.__aeabi_errno_addr  mc_w.l(errno.o)
    0x080058e4   0x080058e4   0x00000004   PAD
    0x080058e8   0x080058e8   0x00000038   Code   RO         6908    i.__hardfp_atof     m_wm.l(atof.o)
    0x08005920   0x08005920   0x00000104   Code   RO         6932    i.__hardfp_fmod     m_wm.l(fmod.o)
    0x08005a24   0x08005a24   0x00000004   PAD
    0x08005a28   0x08005a28   0x00000020   Code   RO         7348    i.__mathlib_dbl_invalid  m_wm.l(dunder.o)
    0x08005a48   0x08005a48   0x0000000c   Code   RO         7409    i.__read_errno      mc_w.l(errno.o)
    0x08005a54   0x08005a54   0x0000000e   Code   RO         7493    i.__scatterload_copy  mc_w.l(handlers.o)
    0x08005a62   0x08005a62   0x00000002   Code   RO         7494    i.__scatterload_null  mc_w.l(handlers.o)
    0x08005a64   0x08005a64   0x0000000e   Code   RO         7495    i.__scatterload_zeroinit  mc_w.l(handlers.o)
    0x08005a72   0x08005a72   0x00000002   PAD
    0x08005a74   0x08005a74   0x0000000c   Code   RO         7410    i.__set_errno       mc_w.l(errno.o)
    0x08005a80   0x08005a80   0x00000184   Code   RO         7255    i._fp_digits        mc_w.l(printfa.o)
    0x08005c04   0x08005c04   0x0000000e   Code   RO         7423    i._is_digit         mc_w.l(scanf_fp.o)
    0x08005c12   0x08005c12   0x00000002   PAD
    0x08005c14   0x08005c14   0x000006b4   Code   RO         7256    i._printf_core      mc_w.l(printfa.o)
    0x080062c8   0x080062c8   0x00000024   Code   RO         7257    i._printf_post_padding  mc_w.l(printfa.o)
    0x080062ec   0x080062ec   0x0000002e   Code   RO         7258    i._printf_pre_padding  mc_w.l(printfa.o)
    0x0800631a   0x0800631a   0x00000016   Code   RO         7259    i._snputc           mc_w.l(printfa.o)
    0x08006330   0x08006330   0x0000000a   Code   RO         7260    i._sputc            mc_w.l(printfa.o)
    0x0800633a   0x0800633a   0x0000002e   Code   RO         6821    i.abs_limit         pid.o
    0x08006368   0x08006368   0x0000002e   Code   RO         5866    i.agencylogHexDump  log.o
    0x08006396   0x08006396   0x0000002a   Code   RO         5867    i.agencylogSetLevel  log.o
    0x080063c0   0x080063c0   0x0000004e   Code   RO         6162    i.can_filter_recv_special  bsp_can.o
    0x0800640e   0x0800640e   0x00000002   PAD
    0x08006410   0x08006410   0x000000b4   Code   RO         6493    i.chassis_task      chassis_task.o
    0x080064c4   0x080064c4   0x00000040   Code   RO         6250    i.dbus_uart_init    bsp_sbus.o
    0x08006504   0x08006504   0x00000008   Code   RO         6251    i.dma_current_data_counter  bsp_sbus.o
    0x0800650c   0x0800650c   0x0000001c   Code   RO           16    i.fputc             main.o
    0x08006528   0x08006528   0x0000006a   Code   RO         6164    i.get_motor_measure  bsp_can.o
    0x08006592   0x08006592   0x00000010   Code   RO         6165    i.get_motor_offset  bsp_can.o
    0x080065a2   0x080065a2   0x00000002   PAD
    0x080065a4   0x080065a4   0x000001b0   Code   RO         6494    i.go_a_little       chassis_task.o
    0x08006754   0x08006754   0x00000048   Code   RO         6664    i.judge             led_task.o
    0x0800679c   0x0800679c   0x00000024   Code   RO         6666    i.led_task          led_task.o
    0x080067c0   0x080067c0   0x00000158   Code   RO         6667    i.ll                led_task.o
    0x08006918   0x08006918   0x000001ac   Code   RO         5868    i.logHexDump        log.o
    0x08006ac4   0x08006ac4   0x000000ac   Code   RO         5870    i.logSetLevel       log.o
    0x08006b70   0x08006b70   0x00000048   Code   RO         5871    i.logSwitchLevel    log.o
    0x08006bb8   0x08006bb8   0x00000034   Code   RO         5873    i.logWrite          log.o
    0x08006bec   0x08006bec   0x0000006c   Code   RO         5874    i.logWriteBuffer    log.o
    0x08006c58   0x08006c58   0x000000c8   Code   RO           17    i.main              main.o
    0x08006d20   0x08006d20   0x0000000e   Code   RO         4843    i.makeFreeRtosPriority  cmsis_os.o
    0x08006d2e   0x08006d2e   0x00000002   PAD
    0x08006d30   0x08006d30   0x0000006c   Code   RO         7277    i.malloc            mc_w.l(malloc.o)
    0x08006d9c   0x08006d9c   0x00000054   Code   RO         6167    i.my_can_filter_init_recv_all  bsp_can.o
    0x08006df0   0x08006df0   0x00000018   Code   RO         4845    i.osDelay           cmsis_os.o
    0x08006e08   0x08006e08   0x0000000a   Code   RO         4848    i.osKernelStart     cmsis_os.o
    0x08006e12   0x08006e12   0x0000001a   Code   RO         4863    i.osMutexCreate     cmsis_os.o
    0x08006e2c   0x08006e2c   0x0000005e   Code   RO         4882    i.osThreadCreate    cmsis_os.o
    0x08006e8a   0x08006e8a   0x00000002   PAD
    0x08006e8c   0x08006e8c   0x00000214   Code   RO         6822    i.pid_calc          pid.o
    0x080070a0   0x080070a0   0x00000014   Code   RO         6823    i.pid_param_init    pid.o
    0x080070b4   0x080070b4   0x0000000e   Code   RO         6824    i.pid_reset         pid.o
    0x080070c2   0x080070c2   0x00000002   PAD
    0x080070c4   0x080070c4   0x00000098   Code   RO         4514    i.prvAddCurrentTaskToDelayedList  tasks.o
    0x0800715c   0x0800715c   0x000000b4   Code   RO         4515    i.prvAddNewTaskToReadyList  tasks.o
    0x08007210   0x08007210   0x00000048   Code   RO         4516    i.prvCheckTasksWaitingTermination  tasks.o
    0x08007258   0x08007258   0x0000007e   Code   RO         4181    i.prvCopyDataToQueue  queue.o
    0x080072d6   0x080072d6   0x00000050   Code   RO         4517    i.prvDeleteTCB      tasks.o
    0x08007326   0x08007326   0x00000002   PAD
    0x08007328   0x08007328   0x0000007c   Code   RO         5210    i.prvHeapInit       heap_4.o
    0x080073a4   0x080073a4   0x00000028   Code   RO         4518    i.prvIdleTask       tasks.o
    0x080073cc   0x080073cc   0x0000001e   Code   RO         4183    i.prvInitialiseMutex  queue.o
    0x080073ea   0x080073ea   0x00000026   Code   RO         4184    i.prvInitialiseNewQueue  queue.o
    0x08007410   0x08007410   0x000000b4   Code   RO         4519    i.prvInitialiseNewTask  tasks.o
    0x080074c4   0x080074c4   0x00000068   Code   RO         4520    i.prvInitialiseTaskLists  tasks.o
    0x0800752c   0x0800752c   0x00000068   Code   RO         5211    i.prvInsertBlockIntoFreeList  heap_4.o
    0x08007594   0x08007594   0x0000001e   Code   RO         4186    i.prvIsQueueFull    queue.o
    0x080075b2   0x080075b2   0x00000002   PAD
    0x080075b4   0x080075b4   0x00000034   Code   RO         4521    i.prvResetNextTaskUnblockTime  tasks.o
    0x080075e8   0x080075e8   0x00000040   Code   RO         5279    i.prvTaskExitError  port.o
    0x08007628   0x08007628   0x0000007e   Code   RO         4187    i.prvUnlockQueue    queue.o
    0x080076a6   0x080076a6   0x00000002   PAD
    0x080076a8   0x080076a8   0x0000014c   Code   RO         5212    i.pvPortMalloc      heap_4.o
    0x080077f4   0x080077f4   0x0000002c   Code   RO         5280    i.pxPortInitialiseStack  port.o
    0x08007820   0x08007820   0x000001c4   Code   RO         6253    i.rc_callback_handler  bsp_sbus.o
    0x080079e4   0x080079e4   0x0000003c   Code   RO         6168    i.set_motor         bsp_can.o
    0x08007a20   0x08007a20   0x00000058   Code   RO         6169    i.set_motor_A       bsp_can.o
    0x08007a78   0x08007a78   0x0000005a   Code   RO         6170    i.set_motor_B       bsp_can.o
    0x08007ad2   0x08007ad2   0x0000000e   Code   RO         5358    i.shellBackspace    shell.o
    0x08007ae0   0x08007ae0   0x00000044   Code   RO         5359    i.shellCheckPassword  shell.o
    0x08007b24   0x08007b24   0x0000003a   Code   RO         5360    i.shellCheckPermission  shell.o
    0x08007b5e   0x08007b5e   0x00000002   PAD
    0x08007b60   0x08007b60   0x0000001c   Code   RO         5361    i.shellClear        shell.o
    0x08007b7c   0x08007b7c   0x00000028   Code   RO         5362    i.shellClearCommandLine  shell.o
    0x08007ba4   0x08007ba4   0x00000012   Code   RO         5363    i.shellCmds         shell.o
    0x08007bb6   0x08007bb6   0x00000022   Code   RO         5772    i.shellCompanionGet  shell_companion.o
    0x08007bd8   0x08007bd8   0x00000010   Code   RO         5364    i.shellDelete       shell.o
    0x08007be8   0x08007be8   0x000000da   Code   RO         5365    i.shellDeleteByte   shell.o
    0x08007cc2   0x08007cc2   0x00000002   PAD
    0x08007cc4   0x08007cc4   0x00000020   Code   RO         5366    i.shellDeleteCommandLine  shell.o
    0x08007ce4   0x08007ce4   0x00000010   Code   RO         5367    i.shellDown         shell.o
    0x08007cf4   0x08007cf4   0x00000014   Code   RO         5368    i.shellEnter        shell.o
    0x08007d08   0x08007d08   0x00000074   Code   RO         5369    i.shellExec         shell.o
    0x08007d7c   0x08007d7c   0x00000058   Code   RO         5806    i.shellExtNumType   shell_ext.o
    0x08007dd4   0x08007dd4   0x00000046   Code   RO         5807    i.shellExtParseChar  shell_ext.o
    0x08007e1a   0x08007e1a   0x00000002   PAD
    0x08007e1c   0x08007e1c   0x000000ec   Code   RO         5808    i.shellExtParseNumber  shell_ext.o
    0x08007f08   0x08007f08   0x00000056   Code   RO         5809    i.shellExtParsePara  shell_ext.o
    0x08007f5e   0x08007f5e   0x0000004a   Code   RO         5810    i.shellExtParseString  shell_ext.o
    0x08007fa8   0x08007fa8   0x00000024   Code   RO         5811    i.shellExtParseVar  shell_ext.o
    0x08007fcc   0x08007fcc   0x000000ca   Code   RO         5812    i.shellExtRun       shell_ext.o
    0x08008096   0x08008096   0x00000036   Code   RO         5813    i.shellExtToNum     shell_ext.o
    0x080080cc   0x080080cc   0x00000030   Code   RO         5370    i.shellGetCommandDesc  shell.o
    0x080080fc   0x080080fc   0x00000050   Code   RO         5371    i.shellGetCommandName  shell.o
    0x0800814c   0x0800814c   0x00000034   Code   RO         5372    i.shellGetCurrent   shell.o
    0x08008180   0x08008180   0x00000054   Code   RO         5373    i.shellGetVarValue  shell.o
    0x080081d4   0x080081d4   0x0000002c   Code   RO         5375    i.shellHelp         shell.o
    0x08008200   0x08008200   0x000000c2   Code   RO         5376    i.shellHistory      shell.o
    0x080082c2   0x080082c2   0x0000007a   Code   RO         5377    i.shellHistoryAdd   shell.o
    0x0800833c   0x0800833c   0x00000012   Code   RO         5380    i.shellKeys         shell.o
    0x0800834e   0x0800834e   0x0000001a   Code   RO         5381    i.shellLeft         shell.o
    0x08008368   0x08008368   0x0000000c   Code   RO         5382    i.shellListAll      shell.o
    0x08008374   0x08008374   0x0000004c   Code   RO         5383    i.shellListCommand  shell.o
    0x080083c0   0x080083c0   0x000000fc   Code   RO         5384    i.shellListItem     shell.o
    0x080084bc   0x080084bc   0x00000058   Code   RO         5385    i.shellListKey      shell.o
    0x08008514   0x08008514   0x00000058   Code   RO         5386    i.shellListUser     shell.o
    0x0800856c   0x0800856c   0x00000058   Code   RO         5387    i.shellListVar      shell.o
    0x080085c4   0x080085c4   0x0000008e   Code   RO         5389    i.shellParserParam  shell.o
    0x08008652   0x08008652   0x00000068   Code   RO         5392    i.shellRemoveParamQuotes  shell.o
    0x080086ba   0x080086ba   0x0000001e   Code   RO         5393    i.shellRight        shell.o
    0x080086d8   0x080086d8   0x000000ae   Code   RO         5395    i.shellRunCommand   shell.o
    0x08008786   0x08008786   0x0000007a   Code   RO         5397    i.shellSeekCommand  shell.o
    0x08008800   0x08008800   0x0000005c   Code   RO         5398    i.shellSetUser      shell.o
    0x0800885c   0x0800885c   0x00000070   Code   RO         5399    i.shellSetVar       shell.o
    0x080088cc   0x080088cc   0x00000090   Code   RO         5400    i.shellSetVarValue  shell.o
    0x0800895c   0x0800895c   0x000000c0   Code   RO         5401    i.shellShowVar      shell.o
    0x08008a1c   0x08008a1c   0x0000002c   Code   RO         5402    i.shellStringCompare  shell.o
    0x08008a48   0x08008a48   0x00000018   Code   RO         5403    i.shellStringCopy   shell.o
    0x08008a60   0x08008a60   0x00000160   Code   RO         5404    i.shellTab          shell.o
    0x08008bc0   0x08008bc0   0x00000056   Code   RO         5406    i.shellToDec        shell.o
    0x08008c16   0x08008c16   0x00000038   Code   RO         5407    i.shellToHex        shell.o
    0x08008c4e   0x08008c4e   0x0000000e   Code   RO         5408    i.shellUp           shell.o
    0x08008c5c   0x08008c5c   0x00000012   Code   RO         5409    i.shellUsers        shell.o
    0x08008c6e   0x08008c6e   0x00000012   Code   RO         5410    i.shellVars         shell.o
    0x08008c80   0x08008c80   0x0000000e   Code   RO         5411    i.shellWriteByte    shell.o
    0x08008c8e   0x08008c8e   0x00000002   PAD
    0x08008c90   0x08008c90   0x0000005c   Code   RO         5412    i.shellWriteCommandDesc  shell.o
    0x08008cec   0x08008cec   0x0000006c   Code   RO         5413    i.shellWriteCommandHelp  shell.o
    0x08008d58   0x08008d58   0x00000068   Code   RO         5415    i.shellWritePrompt  shell.o
    0x08008dc0   0x08008dc0   0x0000008c   Code   RO         5416    i.shellWriteReturnValue  shell.o
    0x08008e4c   0x08008e4c   0x00000030   Code   RO         5417    i.shellWriteString  shell.o
    0x08008e7c   0x08008e7c   0x00000114   Code   RO         6495    i.straight_line     chassis_task.o
    0x08008f90   0x08008f90   0x00000122   Code   RO         6254    i.sw_judge          bsp_sbus.o
    0x080090b2   0x080090b2   0x00000002   PAD
    0x080090b4   0x080090b4   0x00000120   Code   RO         6774    i.test_task         test_task.o
    0x080091d4   0x080091d4   0x000000f0   Code   RO         6496    i.turn              chassis_task.o
    0x080092c4   0x080092c4   0x00000048   Code   RO         6255    i.uart_receive_dma_no_it  bsp_sbus.o
    0x0800930c   0x0800930c   0x00000022   Code   RO         6256    i.uart_receive_handler  bsp_sbus.o
    0x0800932e   0x0800932e   0x00000002   PAD
    0x08009330   0x08009330   0x00000070   Code   RO         6257    i.uart_rx_idle_callback  bsp_sbus.o
    0x080093a0   0x080093a0   0x00000028   Code   RO         4140    i.uxListRemove      list.o
    0x080093c8   0x080093c8   0x00000018   Code   RO          280    i.vApplicationGetIdleTaskMemory  freertos.o
    0x080093e0   0x080093e0   0x0000001a   Code   RO         4141    i.vListInitialise   list.o
    0x080093fa   0x080093fa   0x00000006   Code   RO         4142    i.vListInitialiseItem  list.o
    0x08009400   0x08009400   0x00000034   Code   RO         4143    i.vListInsert       list.o
    0x08009434   0x08009434   0x00000018   Code   RO         4144    i.vListInsertEnd    list.o
    0x0800944c   0x0800944c   0x00000054   Code   RO         5282    i.vPortEnterCritical  port.o
    0x080094a0   0x080094a0   0x0000003c   Code   RO         5283    i.vPortExitCritical  port.o
    0x080094dc   0x080094dc   0x000000a4   Code   RO         5213    i.vPortFree         heap_4.o
    0x08009580   0x08009580   0x00000028   Code   RO         5284    i.vPortSetupTimerInterrupt  port.o
    0x080095a8   0x080095a8   0x0000005c   Code   RO         4530    i.vTaskDelay        tasks.o
    0x08009604   0x08009604   0x00000018   Code   RO         4533    i.vTaskInternalSetTimeOutState  tasks.o
    0x0800961c   0x0800961c   0x0000000c   Code   RO         4534    i.vTaskMissedYield  tasks.o
    0x08009628   0x08009628   0x00000038   Code   RO         4536    i.vTaskPlaceOnEventList  tasks.o
    0x08009660   0x08009660   0x000000b0   Code   RO         4543    i.vTaskStartScheduler  tasks.o
    0x08009710   0x08009710   0x00000010   Code   RO         4545    i.vTaskSuspendAll   tasks.o
    0x08009720   0x08009720   0x0000008c   Code   RO         4546    i.vTaskSwitchContext  tasks.o
    0x080097ac   0x080097ac   0x00000430   Code   RO         6020    i.var               commend.o
    0x08009bdc   0x08009bdc   0x00000048   Code   RO         6022    i.var_init          commend.o
    0x08009c24   0x08009c24   0x00000070   Code   RO         6023    i.var_register      commend.o
    0x08009c94   0x08009c94   0x00000168   Code   RO         5286    i.xPortStartScheduler  port.o
    0x08009dfc   0x08009dfc   0x00000022   Code   RO         4194    i.xQueueCreateMutex  queue.o
    0x08009e1e   0x08009e1e   0x0000002a   Code   RO         4195    i.xQueueCreateMutexStatic  queue.o
    0x08009e48   0x08009e48   0x0000005a   Code   RO         4196    i.xQueueGenericCreate  queue.o
    0x08009ea2   0x08009ea2   0x000000e0   Code   RO         4197    i.xQueueGenericCreateStatic  queue.o
    0x08009f82   0x08009f82   0x00000002   PAD
    0x08009f84   0x08009f84   0x00000098   Code   RO         4198    i.xQueueGenericReset  queue.o
    0x0800a01c   0x0800a01c   0x000001a8   Code   RO         4199    i.xQueueGenericSend  queue.o
    0x0800a1c4   0x0800a1c4   0x0000008c   Code   RO         4548    i.xTaskCheckForTimeOut  tasks.o
    0x0800a250   0x0800a250   0x00000064   Code   RO         4549    i.xTaskCreate       tasks.o
    0x0800a2b4   0x0800a2b4   0x000000ba   Code   RO         4550    i.xTaskCreateStatic  tasks.o
    0x0800a36e   0x0800a36e   0x00000002   PAD
    0x0800a370   0x0800a370   0x00000020   Code   RO         4554    i.xTaskGetSchedulerState  tasks.o
    0x0800a390   0x0800a390   0x00000148   Code   RO         4557    i.xTaskIncrementTick  tasks.o
    0x0800a4d8   0x0800a4d8   0x000000c8   Code   RO         4560    i.xTaskPriorityDisinherit  tasks.o
    0x0800a5a0   0x0800a5a0   0x00000098   Code   RO         4562    i.xTaskRemoveFromEventList  tasks.o
    0x0800a638   0x0800a638   0x00000104   Code   RO         4563    i.xTaskResumeAll    tasks.o
    0x0800a73c   0x0800a73c   0x00000054   Data   RO          282    .constdata          freertos.o
    0x0800a790   0x0800a790   0x00000008   Data   RO         1636    .constdata          stm32f4xx_hal_dma.o
    0x0800a798   0x0800a798   0x00000018   Data   RO         4004    .constdata          system_stm32f4xx.o
    0x0800a7b0   0x0800a7b0   0x000000e3   Data   RO         5419    .constdata          shell.o
    0x0800a893   0x0800a893   0x00000075   Data   RO         5876    .constdata          log.o
    0x0800a908   0x0800a908   0x0000001f   Data   RO         6025    .constdata          commend.o
    0x0800a927   0x0800a927   0x00000081   Data   RO         7453    .constdata          mc_w.l(ctype_o.o)
    0x0800a9a8   0x0800a9a8   0x00000004   Data   RO         7454    .constdata          mc_w.l(ctype_o.o)
    0x0800a9ac   0x0800a9ac   0x0000001d   Data   RO          283    .conststring        freertos.o
    0x0800a9c9   0x0800a9c9   0x00000003   PAD
    0x0800a9cc   0x0800a9cc   0x000002a1   Data   RO         5420    .conststring        shell.o
    0x0800ac6d   0x0800ac6d   0x00000003   PAD
    0x0800ac70   0x0800ac70   0x00000048   Data   RO         5877    .conststring        log.o
    0x0800acb8   0x0800acb8   0x00000020   Data   RO         7491    Region$$Table       anon$$obj.o
    0x0800acd8   0x0800acd8   0x00000120   Data   RO         5422    shellCommand        shell.o
    0x0800adf8   0x0800adf8   0x00000030   Data   RO         5878    shellCommand        log.o
    0x0800ae28   0x0800ae28   0x00000010   Data   RO         6027    shellCommand        commend.o


    Execution Region RW_IRAM2 (Exec base: 0x10000000, Load base: 0x0800aebc, Size: 0x00000000, Max: 0x00010000, ABSOLUTE)

    **** No section assigned to this execution region ****


    Execution Region RW_IRAM1 (Exec base: 0x20000000, Load base: 0x0800ae38, Size: 0x00006760, Max: 0x00030000, ABSOLUTE, COMPRESSED[0x00000084])

    Exec Addr    Load Addr    Size         Type   Attr      Idx    E Section Name        Object

    0x20000000   COMPRESSED   0x00000002   Data   RW           19    .data               main.o
    0x20000002   COMPRESSED   0x00000002   PAD
    0x20000004   COMPRESSED   0x00000010   Data   RW          284    .data               freertos.o
    0x20000014   COMPRESSED   0x00000004   Data   RW          333    .data               can.o
    0x20000018   COMPRESSED   0x00000035   Data   RW          500    .data               usart.o
    0x2000004d   COMPRESSED   0x00000003   PAD
    0x20000050   COMPRESSED   0x00000009   Data   RW         2088    .data               stm32f4xx_hal.o
    0x20000059   COMPRESSED   0x00000003   PAD
    0x2000005c   COMPRESSED   0x00000004   Data   RW         4005    .data               system_stm32f4xx.o
    0x20000060   COMPRESSED   0x0000003c   Data   RW         4566    .data               tasks.o
    0x2000009c   COMPRESSED   0x00000020   Data   RW         5219    .data               heap_4.o
    0x200000bc   COMPRESSED   0x0000000c   Data   RW         5287    .data               port.o
    0x200000c8   COMPRESSED   0x00000054   Data   RW         5421    .data               shell.o
    0x2000011c   COMPRESSED   0x00000004   PAD
    0x20000120   COMPRESSED   0x00000018   Data   RW         6026    .data               commend.o
    0x20000138   COMPRESSED   0x00000010   Data   RW         6498    .data               chassis_task.o
    0x20000148   COMPRESSED   0x00000068   Data   RW         6669    .data               led_task.o
    0x200001b0   COMPRESSED   0x000000ed   Data   RW         6776    .data               test_task.o
    0x2000029d   COMPRESSED   0x00000003   PAD
    0x200002a0   COMPRESSED   0x00000004   Data   RW         7397    .data               mc_w.l(stdout.o)
    0x200002a4   COMPRESSED   0x00000004   Data   RW         7406    .data               mc_w.l(mvars.o)
    0x200002a8   COMPRESSED   0x00000004   Data   RW         7407    .data               mc_w.l(mvars.o)
    0x200002ac   COMPRESSED   0x00000004   Data   RW         7411    .data               mc_w.l(errno.o)
    0x200002b0        -       0x00000254   Zero   RW          281    .bss                freertos.o
    0x20000504        -       0x00000050   Zero   RW          332    .bss                can.o
    0x20000554        -       0x00000058   Zero   RW          404    .bss                spi.o
    0x200005ac        -       0x00000048   Zero   RW          446    .bss                tim.o
    0x200005f4        -       0x00000790   Zero   RW          499    .bss                usart.o
    0x20000d84        -       0x00000018   Zero   RW          625    .bss                stm32f4xx_it.o
    0x20000d9c        -       0x00000048   Zero   RW          790    .bss                stm32f4xx_hal_timebase_tim.o
    0x20000de4        -       0x000000f0   Zero   RW         4565    .bss                tasks.o
    0x20000ed4        -       0x00003c00   Zero   RW         5218    .bss                heap_4.o
    0x20004ad4        -       0x0000001d   Zero   RW         5418    .bss                shell.o
    0x20004af1   COMPRESSED   0x00000003   PAD
    0x20004af4        -       0x00000114   Zero   RW         5875    .bss                log.o
    0x20004c08        -       0x00000340   Zero   RW         6171    .bss                bsp_can.o
    0x20004f48        -       0x0000003b   Zero   RW         6258    .bss                bsp_sbus.o
    0x20004f83   COMPRESSED   0x00000001   PAD
    0x20004f84        -       0x00001114   Zero   RW         6497    .bss                chassis_task.o
    0x20006098        -       0x000000c8   Zero   RW         6775    .bss                test_task.o
    0x20006160        -       0x00000200   Zero   RW            2    HEAP                startup_stm32f427xx.o
    0x20006360        -       0x00000400   Zero   RW            1    STACK               startup_stm32f427xx.o


==============================================================================

Image component sizes


      Code (inc. data)   RO Data    RW Data    ZI Data      Debug   Object Name

       950         30          0          0        832       8191   bsp_can.o
      1032         22          0          0         59       5834   bsp_sbus.o
       524         42          0          4         80       2482   can.o
      1128        100          0         16       4372       6720   chassis_task.o
       168          0          0          0          0      23735   cmsis_os.o
      1256        406         47         24          0       4936   commend.o
       152          6          0          0          0        846   dma.o
         0          0          0          0          0      20000   event_groups.o
       140         32        113         16        596       2269   freertos.o
       592         36          0          0          0       1343   gpio.o
       724         74          0         32      15360       7447   heap_4.o
      2068        298          0        104          0       7096   led_task.o
       148          0          0          0          0       3590   list.o
       920        238        237          0        276      14345   log.o
       450         64          0          2          0     798840   main.o
       768         18          0          0          0       4837   pid.o
       894         78          0         12          0      11184   port.o
      1316         10          0          0          0      14421   queue.o
      4146        202       1188         84         29      45184   shell.o
        34          0          0          0          0       1184   shell_companion.o
       846         12          0          0          0       6926   shell_ext.o
       212         22          0          0         88       1697   spi.o
        36          8        428          0       1536        840   startup_stm32f427xx.o
        96         20          0          9          0       8258   stm32f4xx_hal.o
      2188          6          0          0          0      15121   stm32f4xx_hal_can.o
       252         22          0          0          0      33702   stm32f4xx_hal_cortex.o
      1538         16          8          0          0       7962   stm32f4xx_hal_dma.o
       540         54          0          0          0       2136   stm32f4xx_hal_gpio.o
        84          6          0          0          0        870   stm32f4xx_hal_msp.o
       140         12          0          0          0       1288   stm32f4xx_hal_pwr_ex.o
      1888         94          0          0          0       6313   stm32f4xx_hal_rcc.o
       200          0          0          0          0       1195   stm32f4xx_hal_spi.o
      1286         76          0          0          0       9743   stm32f4xx_hal_tim.o
       184         30          0          0          0       2513   stm32f4xx_hal_tim_ex.o
       180         20          0          0         72       1480   stm32f4xx_hal_timebase_tim.o
      3152         26          0          0          0      18601   stm32f4xx_hal_uart.o
       530        142          0          0         24      13016   stm32f4xx_it.o
         0          0          0          0          0        392   stream_buffer.o
        20          6         24          4          0       1139   system_stm32f4xx.o
      2774        340          0         60        240      26032   tasks.o
       288        148          0        237        200       2683   test_task.o
       176         14          0          0         72       1702   tim.o
      1864        182          0         53       1936       8852   usart.o

    ----------------------------------------------------------------------
     35936       2912       2083        672      25776    1156945   Object Totals
         0          0         32          0          0          0   (incl. Generated)
        52          0          6         15          4          0   (incl. Padding)

    ----------------------------------------------------------------------

      Code (inc. data)   RO Data    RW Data    ZI Data      Debug   Library Member Name

        56         12          0          0          0        132   atof.o
        32          8          0          0          0        124   dunder.o
       260          6          0          0          0        144   fmod.o
        86          0          0          0          0          0   __dczerorl2.o
        28          0          0          0          0         68   _chval.o
        64          0          0          0          0         84   _sgetc.o
       158          0          0          0          0         92   _strtoul.o
        26          0          0          0          0         80   atoi.o
         8          4        133          0          0         68   ctype_o.o
         0          0          0          0          0          0   entry.o
         0          0          0          0          0          0   entry10a.o
         0          0          0          0          0          0   entry11a.o
         4          0          0          0          0          0   entry12b.o
         8          4          0          0          0          0   entry2.o
         4          0          0          0          0          0   entry5.o
         0          0          0          0          0          0   entry7b.o
         0          0          0          0          0          0   entry8b.o
         8          4          0          0          0          0   entry9a.o
        32         16          0          4          0        204   errno.o
        30          0          0          0          0          0   handlers.o
        36          8          0          0          0         68   init.o
        18          0          0          0          0         76   isspace_o.o
         0          0          0          0          0          0   iusefp.o
        30          0          0          0          0         68   llshl.o
        36          0          0          0          0         68   llsshr.o
        32          0          0          0          0         68   llushr.o
       108         16          0          0          0         84   malloc.o
        36          0          0          0          0         68   memcpya.o
        36          0          0          0          0        108   memseta.o
         0          0          0          8          0          0   mvars.o
      2394        106          0          0          0        852   printfa.o
       878         12          0          0          0        216   scanf_fp.o
         0          0          0          4          0          0   stdout.o
        28          0          0          0          0         76   strcmp.o
        18          0          0          0          0         68   strcpy.o
        14          0          0          0          0         68   strlen.o
        30          0          0          0          0         80   strncmp.o
       156         12          0          0          0        120   strtod.o
       112          0          0          0          0         88   strtol.o
        44          0          0          0          0         80   uidiv.o
        98          0          0          0          0         92   uldiv.o
        48          0          0          0          0         68   cdrcmple.o
        56          0          0          0          0         88   d2f.o
       334          0          0          0          0        148   dadd.o
       222          0          0          0          0        100   ddiv.o
       186          0          0          0          0        176   depilogue.o
        62          0          0          0          0         80   dfixi.o
        48          0          0          0          0         68   dfixul.o
        34          0          0          0          0         76   dflti.o
        24          0          0          0          0         76   dfltul.o
       228          0          0          0          0         96   dmul.o
       134          0          0          0          0         96   drem.o
        38          0          0          0          0         68   f2d.o
       110          0          0          0          0        168   fepilogue.o

    ----------------------------------------------------------------------
      6448        216        133         16          0       4652   Library Totals
        16          8          0          0          0          0   (incl. Padding)

    ----------------------------------------------------------------------

      Code (inc. data)   RO Data    RW Data    ZI Data      Debug   Library Name

       348         26          0          0          0        400   m_wm.l
      4560        182        133         16          0       2944   mc_w.l
      1524          0          0          0          0       1308   mf_w.l

    ----------------------------------------------------------------------
      6448        216        133         16          0       4652   Library Totals

    ----------------------------------------------------------------------

==============================================================================


      Code (inc. data)   RO Data    RW Data    ZI Data      Debug   

     42384       3128       2216        688      25776    1130641   Grand Totals
     42384       3128       2216        132      25776    1130641   ELF Image Totals (compressed)
     42384       3128       2216        132          0          0   ROM Totals

==============================================================================

    Total RO  Size (Code + RO Data)                44600 (  43.55kB)
    Total RW  Size (RW Data + ZI Data)             26464 (  25.84kB)
    Total ROM Size (Code + RO Data + RW Data)      44732 (  43.68kB)

==============================================================================

