<html>
<body>
<pre>
<h1>µVision Build Log</h1>
<h2>Tool Versions:</h2>
IDE-Version: ¦ÌVision V5.36.0.0
Copyright (C) 2021 ARM Ltd and ARM Germany GmbH. All rights reserved.
License Information: a a, a, LIC=QF82M-XBPRY-2ZTW4-FJYIU-EMB3M-7599R
 
Tool Versions:
Toolchain:       MDK-ARM Plus  Version: 5.36.0.0
Toolchain Path:  C:\Keil_v5\ARM\ARMCC\Bin
C Compiler:      Armcc.exe V5.06 update 7 (build 960)
Assembler:       Armasm.exe V5.06 update 7 (build 960)
Linker/Locator:  ArmLink.exe V5.06 update 7 (build 960)
Library Manager: ArmAr.exe V5.06 update 7 (build 960)
Hex Converter:   FromElf.exe V5.06 update 7 (build 960)
CPU DLL:         SARMCM3.DLL V5.36.0.0
Dialog DLL:      DCM.DLL V1.17.3.0
Target DLL:      CMSIS_AGDI.dll V1.33.0.0
Dialog DLL:      TCM.DLL V1.53.0.0
 
<h2>Project:</h2>
C:\Users\dell\Documents\GitHub\linedesign\MDK-ARM\ROBOCON2023_CQUPT.uvprojx
Project File Date:  07/20/2023

<h2>Output:</h2>
*** Using Compiler 'V5.06 update 7 (build 960)', folder: 'C:\Keil_v5\ARM\ARMCC\Bin'
Build target 'ROBOCON2023_CQUPT'
compiling led_task.c...
..\Task\led_task.c(271): warning:  #1035-D: single-precision operand implicitly converted to double-precision
  		printf("ture_de=%f",ture_delta_angle);
..\Task\led_task.c(263): warning:  #177-D: variable "ll_differ"  was declared but never referenced
  	float ll_differ;
..\Task\led_task.c(608): warning:  #1035-D: single-precision operand implicitly converted to double-precision
  	float x2;    A_rad = ture_delta_angle * M_PI / 180.0;
..\Task\led_task.c(629): warning:  #1035-D: single-precision operand implicitly converted to double-precision
  								Last_ANGLE_AHR298=ANGLE_AHR298;
..\Task\led_task.c(634): warning:  #1035-D: single-precision operand implicitly converted to double-precision
                  if (delta_angle < Turn_quart || delta_angle > Turn_quart_270) 
..\Task\led_task.c(634): warning:  #1035-D: single-precision operand implicitly converted to double-precision
                  if (delta_angle < Turn_quart || delta_angle > Turn_quart_270) 
..\Task\led_task.c(638): warning:  #1035-D: single-precision operand implicitly converted to double-precision
  									while(delta_angle < Turn_quart || delta_angle > Turn_quart_270)//ABS(ANGLE_AHR298-Last_ANGLE_AHR298)<=85||ABS(ANGLE_AHR298-Angle_AHR)<=85||ANGLE_AHR298<=90)									
..\Task\led_task.c(638): warning:  #1035-D: single-precision operand implicitly converted to double-precision
  									while(delta_angle < Turn_quart || delta_angle > Turn_quart_270)//ABS(ANGLE_AHR298-Last_ANGLE_AHR298)<=85||ABS(ANGLE_AHR298-Angle_AHR)<=85||ANGLE_AHR298<=90)									
..\Task\led_task.c(659): warning:  #1035-D: single-precision operand implicitly converted to double-precision
  	       	Last_ANGLE_AHR298=ANGLE_AHR298;
..\Task\led_task.c(661): warning:  #1035-D: single-precision operand implicitly converted to double-precision
  		    	if (delta_angle < Turn_quart || delta_angle > Turn_quart_270) 
..\Task\led_task.c(661): warning:  #1035-D: single-precision operand implicitly converted to double-precision
  		    	if (delta_angle < Turn_quart || delta_angle > Turn_quart_270) 
..\Task\led_task.c(663): warning:  #1035-D: single-precision operand implicitly converted to double-precision
  		    					while(delta_angle < Turn_quart || delta_angle > Turn_quart_270)//ABS(ANGLE_AHR298-Last_ANGLE_AHR298)<=82||ABS(ANGLE_AHR298-Angle_AHR)<=82||(ANGLE_AHR298<=360&&ANGLE_AHR298>=270))
..\Task\led_task.c(663): warning:  #1035-D: single-precision operand implicitly converted to double-precision
  		    					while(delta_angle < Turn_quart || delta_angle > Turn_quart_270)//ABS(ANGLE_AHR298-Last_ANGLE_AHR298)<=82||ABS(ANGLE_AHR298-Angle_AHR)<=82||(ANGLE_AHR298<=360&&ANGLE_AHR298>=270))
..\Task\led_task.c: 13 warnings, 0 errors
linking...
Program Size: Code=48752 RO-data=2748 RW-data=676 ZI-data=26212  
FromELF: creating hex file...
"ROBOCON2023_CQUPT\ROBOCON2023_CQUPT.axf" - 0 Error(s), 13 Warning(s).

<h2>Software Packages used:</h2>

Package Vendor: ARM
                http://www.keil.com/pack/ARM.CMSIS.5.8.0.pack
                ARM.CMSIS.5.8.0
                CMSIS (Common Microcontroller Software Interface Standard)
   * Component: CORE Version: 5.5.0

Package Vendor: Keil
                http://www.keil.com/pack/Keil.STM32F4xx_DFP.2.16.0.pack
                Keil.STM32F4xx_DFP.2.16.0
                STMicroelectronics STM32F4 Series Device Support, Drivers and Examples

<h2>Collection of Component include folders:</h2>
  .\RTE\_ROBOCON2023_CQUPT
  C:\Keil_v5\ARM\PACK\ARM\CMSIS\5.8.0\CMSIS\Core\Include
  C:\Keil_v5\ARM\PACK\Keil\STM32F4xx_DFP\2.16.0\Drivers\CMSIS\Device\ST\STM32F4xx\Include

<h2>Collection of Component Files used:</h2>

   * Component: ARM::CMSIS:CORE:5.5.0
      Include file:  CMSIS\Core\Include\tz_context.h
Build Time Elapsed:  00:00:02
</pre>
</body>
</html>
